Component: ARM Compiler 5.06 update 7 (build 960) Tool: armlink [4d3601]

==============================================================================

Section Cross References

    startup_stm32f103xb.o(RESET) refers to startup_stm32f103xb.o(STACK) for __initial_sp
    startup_stm32f103xb.o(RESET) refers to startup_stm32f103xb.o(.text) for Reset_Handler
    startup_stm32f103xb.o(RESET) refers to stm32f1xx_it.o(i.NMI_Handler) for NMI_Handler
    startup_stm32f103xb.o(RESET) refers to stm32f1xx_it.o(i.HardFault_Handler) for HardFault_Handler
    startup_stm32f103xb.o(RESET) refers to stm32f1xx_it.o(i.MemManage_Handler) for MemManage_Handler
    startup_stm32f103xb.o(RESET) refers to stm32f1xx_it.o(i.BusFault_Handler) for BusFault_Handler
    startup_stm32f103xb.o(RESET) refers to stm32f1xx_it.o(i.UsageFault_Handler) for UsageFault_Handler
    startup_stm32f103xb.o(RESET) refers to port.o(.emb_text) for SVC_Handler
    startup_stm32f103xb.o(RESET) refers to stm32f1xx_it.o(i.DebugMon_Handler) for DebugMon_Handler
    startup_stm32f103xb.o(RESET) refers to port.o(i.SysTick_Handler) for SysTick_Handler
    startup_stm32f103xb.o(RESET) refers to stm32f1xx_it.o(i.DMA1_Channel6_IRQHandler) for DMA1_Channel6_IRQHandler
    startup_stm32f103xb.o(RESET) refers to stm32f1xx_it.o(i.TIM2_IRQHandler) for TIM2_IRQHandler
    startup_stm32f103xb.o(RESET) refers to stm32f1xx_it.o(i.USART1_IRQHandler) for USART1_IRQHandler
    startup_stm32f103xb.o(RESET) refers to stm32f1xx_it.o(i.USART2_IRQHandler) for USART2_IRQHandler
    startup_stm32f103xb.o(.text) refers to system_stm32f1xx.o(i.SystemInit) for SystemInit
    startup_stm32f103xb.o(.text) refers to entry.o(.ARM.Collect$$$$00000000) for __main
    oled.o(i.OLED_Clear) refers to oled.o(i.OLED_SetCursor) for OLED_SetCursor
    oled.o(i.OLED_Clear) refers to oled.o(i.OLED_WriteData) for OLED_WriteData
    oled.o(i.OLED_I2C_Init) refers to stm32f1xx_hal_gpio.o(i.HAL_GPIO_WritePin) for HAL_GPIO_WritePin
    oled.o(i.OLED_I2C_SendByte) refers to stm32f1xx_hal_gpio.o(i.HAL_GPIO_WritePin) for HAL_GPIO_WritePin
    oled.o(i.OLED_I2C_Start) refers to stm32f1xx_hal_gpio.o(i.HAL_GPIO_WritePin) for HAL_GPIO_WritePin
    oled.o(i.OLED_I2C_Stop) refers to stm32f1xx_hal_gpio.o(i.HAL_GPIO_WritePin) for HAL_GPIO_WritePin
    oled.o(i.OLED_Init) refers to oled.o(i.OLED_I2C_Init) for OLED_I2C_Init
    oled.o(i.OLED_Init) refers to oled.o(i.OLED_WriteCommand) for OLED_WriteCommand
    oled.o(i.OLED_Init) refers to oled.o(i.OLED_Clear) for OLED_Clear
    oled.o(i.OLED_SetCursor) refers to oled.o(i.OLED_WriteCommand) for OLED_WriteCommand
    oled.o(i.OLED_ShowBinNum) refers to oled.o(i.OLED_Pow) for OLED_Pow
    oled.o(i.OLED_ShowBinNum) refers to oled.o(i.OLED_ShowChar) for OLED_ShowChar
    oled.o(i.OLED_ShowChar) refers to oled.o(i.OLED_SetCursor) for OLED_SetCursor
    oled.o(i.OLED_ShowChar) refers to oled.o(i.OLED_WriteData) for OLED_WriteData
    oled.o(i.OLED_ShowChar) refers to oled.o(.constdata) for .constdata
    oled.o(i.OLED_ShowHexNum) refers to oled.o(i.OLED_Pow) for OLED_Pow
    oled.o(i.OLED_ShowHexNum) refers to oled.o(i.OLED_ShowChar) for OLED_ShowChar
    oled.o(i.OLED_ShowNum) refers to oled.o(i.OLED_Pow) for OLED_Pow
    oled.o(i.OLED_ShowNum) refers to oled.o(i.OLED_ShowChar) for OLED_ShowChar
    oled.o(i.OLED_ShowSignedNum) refers to oled.o(i.OLED_ShowChar) for OLED_ShowChar
    oled.o(i.OLED_ShowSignedNum) refers to oled.o(i.OLED_Pow) for OLED_Pow
    oled.o(i.OLED_ShowString) refers to oled.o(i.OLED_ShowChar) for OLED_ShowChar
    oled.o(i.OLED_WriteCommand) refers to oled.o(i.OLED_I2C_Start) for OLED_I2C_Start
    oled.o(i.OLED_WriteCommand) refers to oled.o(i.OLED_I2C_SendByte) for OLED_I2C_SendByte
    oled.o(i.OLED_WriteCommand) refers to oled.o(i.OLED_I2C_Stop) for OLED_I2C_Stop
    oled.o(i.OLED_WriteData) refers to oled.o(i.OLED_I2C_Start) for OLED_I2C_Start
    oled.o(i.OLED_WriteData) refers to oled.o(i.OLED_I2C_SendByte) for OLED_I2C_SendByte
    oled.o(i.OLED_WriteData) refers to oled.o(i.OLED_I2C_Stop) for OLED_I2C_Stop
    led.o(i.LedInit) refers to led.o(i.LedOff) for LedOff
    led.o(i.LedOff) refers to stm32f1xx_hal_gpio.o(i.HAL_GPIO_WritePin) for HAL_GPIO_WritePin
    led.o(i.LedOff) refers to led.o(.constdata) for .constdata
    led.o(i.LedOn) refers to stm32f1xx_hal_gpio.o(i.HAL_GPIO_WritePin) for HAL_GPIO_WritePin
    led.o(i.LedOn) refers to led.o(.constdata) for .constdata
    led.o(i.LedTask) refers to led.o(i.LedOn) for LedOn
    led.o(i.LedTask) refers to time.o(i.SetTime) for SetTime
    led.o(i.LedTask) refers to time.o(i.CompareTime) for CompareTime
    led.o(i.LedTask) refers to led.o(i.LedOff) for LedOff
    led.o(i.LedTask) refers to led.o(.bss) for .bss
    led.o(i.LedTask) refers to led.o(.data) for .data
    led.o(i.SetLedRun) refers to led.o(.data) for .data
    time.o(i.CompareTime) refers to stm32f1xx_hal.o(i.HAL_GetTick) for HAL_GetTick
    time.o(i.SetTime) refers to stm32f1xx_hal.o(i.HAL_GetTick) for HAL_GetTick
[...]

Image Symbol Table

    Local Symbols

    Symbol Name                              Value     Ov Type        Size  Object(Section)

    ../Core/Src/adc.c                        0x00000000   Number         0  adc.o ABSOLUTE
    ../Core/Src/dma.c                        0x00000000   Number         0  dma.o ABSOLUTE
    ../Core/Src/freertos.c                   0x00000000   Number         0  freertos.o ABSOLUTE
    ../Core/Src/gpio.c                       0x00000000   Number         0  gpio.o ABSOLUTE
    ../Core/Src/main.c                       0x00000000   Number         0  main.o ABSOLUTE
    ../Core/Src/stm32f1xx_hal_msp.c          0x00000000   Number         0  stm32f1xx_hal_msp.o ABSOLUTE
    ../Core/Src/stm32f1xx_hal_timebase_tim.c 0x00000000   Number         0  stm32f1xx_hal_timebase_tim.o ABSOLUTE
    ../Core/Src/stm32f1xx_it.c               0x00000000   Number         0  stm32f1xx_it.o ABSOLUTE
    ../Core/Src/system_stm32f1xx.c           0x00000000   Number         0  system_stm32f1xx.o ABSOLUTE
    ../Core/Src/usart.c                      0x00000000   Number         0  usart.o ABSOLUTE
    ../Drivers/STM32F1xx_HAL_Driver/Src/stm32f1xx_hal.c 0x00000000   Number         0  stm32f1xx_hal.o ABSOLUTE
    ../Drivers/STM32F1xx_HAL_Driver/Src/stm32f1xx_hal_adc.c 0x00000000   Number         0  stm32f1xx_hal_adc.o ABSOLUTE
    ../Drivers/STM32F1xx_HAL_Driver/Src/stm32f1xx_hal_adc_ex.c 0x00000000   Number         0  stm32f1xx_hal_adc_ex.o ABSOLUTE
    ../Drivers/STM32F1xx_HAL_Driver/Src/stm32f1xx_hal_cortex.c 0x00000000   Number         0  stm32f1xx_hal_cortex.o ABSOLUTE
    ../Drivers/STM32F1xx_HAL_Driver/Src/stm32f1xx_hal_dma.c 0x00000000   Number         0  stm32f1xx_hal_dma.o ABSOLUTE
    ../Drivers/STM32F1xx_HAL_Driver/Src/stm32f1xx_hal_exti.c 0x00000000   Number         0  stm32f1xx_hal_exti.o ABSOLUTE
    ../Drivers/STM32F1xx_HAL_Driver/Src/stm32f1xx_hal_flash.c 0x00000000   Number         0  stm32f1xx_hal_flash.o ABSOLUTE
    ../Drivers/STM32F1xx_HAL_Driver/Src/stm32f1xx_hal_flash_ex.c 0x00000000   Number         0  stm32f1xx_hal_flash_ex.o ABSOLUTE
    ../Drivers/STM32F1xx_HAL_Driver/Src/stm32f1xx_hal_gpio.c 0x00000000   Number         0  stm32f1xx_hal_gpio.o ABSOLUTE
    ../Drivers/STM32F1xx_HAL_Driver/Src/stm32f1xx_hal_gpio_ex.c 0x00000000   Number         0  stm32f1xx_hal_gpio_ex.o ABSOLUTE
    ../Drivers/STM32F1xx_HAL_Driver/Src/stm32f1xx_hal_pwr.c 0x00000000   Number         0  stm32f1xx_hal_pwr.o ABSOLUTE
    ../Drivers/STM32F1xx_HAL_Driver/Src/stm32f1xx_hal_rcc.c 0x00000000   Number         0  stm32f1xx_hal_rcc.o ABSOLUTE
    ../Drivers/STM32F1xx_HAL_Driver/Src/stm32f1xx_hal_rcc_ex.c 0x00000000   Number         0  stm32f1xx_hal_rcc_ex.o ABSOLUTE
    ../Drivers/STM32F1xx_HAL_Driver/Src/stm32f1xx_hal_tim.c 0x00000000   Number         0  stm32f1xx_hal_tim.o ABSOLUTE
    ../Drivers/STM32F1xx_HAL_Driver/Src/stm32f1xx_hal_tim_ex.c 0x00000000   Number         0  stm32f1xx_hal_tim_ex.o ABSOLUTE
    ../Drivers/STM32F1xx_HAL_Driver/Src/stm32f1xx_hal_uart.c 0x00000000   Number         0  stm32f1xx_hal_uart.o ABSOLUTE
    ../Middlewares/Third_Party/FreeRTOS/Source/CMSIS_RTOS_V2/cmsis_os2.c 0x00000000   Number         0  cmsis_os2.o ABSOLUTE
    ../Middlewares/Third_Party/FreeRTOS/Source/croutine.c 0x00000000   Number         0  croutine.o ABSOLUTE
    ../Middlewares/Third_Party/FreeRTOS/Source/event_groups.c 0x00000000   Number         0  event_groups.o ABSOLUTE
    ../Middlewares/Third_Party/FreeRTOS/Source/list.c 0x00000000   Number         0  list.o ABSOLUTE
    ../Middlewares/Third_Party/FreeRTOS/Source/portable/MemMang/heap_4.c 0x00000000   Number         0  heap_4.o ABSOLUTE
    ../Middlewares/Third_Party/FreeRTOS/Source/portable/RVDS/ARM_CM3/port.c 0x00000000   Number         0  port.o ABSOLUTE
    ../Middlewares/Third_Party/FreeRTOS/Source/queue.c 0x00000000   Number         0  queue.o ABSOLUTE
    ../Middlewares/Third_Party/FreeRTOS/Source/stream_buffer.c 0x00000000   Number         0  stream_buffer.o ABSOLUTE
    ../Middlewares/Third_Party/FreeRTOS/Source/tasks.c 0x00000000   Number         0  tasks.o ABSOLUTE
    ../Middlewares/Third_Party/FreeRTOS/Source/timers.c 0x00000000   Number         0  timers.o ABSOLUTE
    ../clib/microlib/ctype/ctype.c           0x00000000   Number         0  isspace_c.o ABSOLUTE
    ../clib/microlib/ctype/ctype.c           0x00000000   Number         0  ctype_c.o ABSOLUTE
    ../clib/microlib/ctype/tolower.c         0x00000000   Number         0  tolower.o ABSOLUTE
    ../clib/microlib/division.c              0x00000000   Number         0  uidiv.o ABSOLUTE
    ../clib/microlib/division.c              0x00000000   Number         0  uldiv.o ABSOLUTE
    ../clib/microlib/init/entry.s            0x00000000   Number         0  entry11b.o ABSOLUTE
    ../clib/microlib/init/entry.s            0x00000000   Number         0  entry11a.o ABSOLUTE
    ../clib/microlib/init/entry.s            0x00000000   Number         0  entry10b.o ABSOLUTE
    ../clib/microlib/init/entry.s            0x00000000   Number         0  entry12a.o ABSOLUTE
    ../clib/microlib/init/entry.s            0x00000000   Number         0  entry12b.o ABSOLUTE
    ../clib/microlib/init/entry.s            0x00000000   Number         0  entry5.o ABSOLUTE
    ../clib/microlib/init/entry.s            0x00000000   Number         0  entry2.o ABSOLUTE
    ../clib/microlib/init/entry.s            0x00000000   Number         0  entry9b.o ABSOLUTE
    ../clib/microlib/init/entry.s            0x00000000   Number         0  entry9a.o ABSOLUTE
    ../clib/microlib/init/entry.s            0x00000000   Number         0  entry10a.o ABSOLUTE
    ../clib/microlib/init/entry.s            0x00000000   Number         0  entry8b.o ABSOLUTE
    ../clib/microlib/init/entry.s            0x00000000   Number         0  entry8a.o ABSOLUTE
    ../clib/microlib/init/entry.s            0x00000000   Number         0  entry7b.o ABSOLUTE
    ../clib/microlib/init/entry.s            0x00000000   Number         0  entry7a.o ABSOLUTE
    ../clib/microlib/init/entry.s            0x00000000   Number         0  entry.o ABSOLUTE
    ../clib/microlib/longlong.c              0x00000000   Number         0  llsshr.o ABSOLUTE
    ../clib/microlib/longlong.c              0x00000000   Number         0  llshl.o ABSOLUTE
    ../clib/microlib/longlong.c              0x00000000   Number         0  llushr.o ABSOLUTE
    ../clib/microlib/malloc/malloc.c         0x00000000   Number         0  malloca.o ABSOLUTE
    ../clib/microlib/malloc/malloc.c         0x00000000   Number         0  mallocr.o ABSOLUTE
    ../clib/microlib/malloc/malloc.c         0x00000000   Number         0  mallocra.o ABSOLUTE
    ../clib/microlib/malloc/malloc.c         0x00000000   Number         0  malloc.o ABSOLUTE
    ../clib/microlib/malloc/mvars.c          0x00000000   Number         0  mvars.o ABSOLUTE
    ../clib/microlib/printf/printf.c         0x00000000   Number         0  printf1.o ABSOLUTE
    ../clib/microlib/printf/printf.c         0x00000000   Number         0  printf2.o ABSOLUTE
    ../clib/microlib/printf/printf.c         0x00000000   Number         0  printf6.o ABSOLUTE
    ../clib/microlib/printf/printf.c         0x00000000   Number         0  printf7.o ABSOLUTE
    ../clib/microlib/printf/printf.c         0x00000000   Number         0  printf3.o ABSOLUTE
    ../clib/microlib/printf/printf.c         0x00000000   Number         0  printf8.o ABSOLUTE
    ../clib/microlib/printf/printf.c         0x00000000   Number         0  printfa.o ABSOLUTE
    ../clib/microlib/printf/printf.c         0x00000000   Number         0  printf0.o ABSOLUTE
    ../clib/microlib/printf/printf.c         0x00000000   Number         0  printfb.o ABSOLUTE
    ../clib/microlib/printf/printf.c         0x00000000   Number         0  printf4.o ABSOLUTE
    ../clib/microlib/printf/printf.c         0x00000000   Number         0  printf5.o ABSOLUTE
    ../clib/microlib/printf/stubs.s          0x00000000   Number         0  stubs.o ABSOLUTE
    ../clib/microlib/stdio/streams.c         0x00000000   Number         0  stdout.o ABSOLUTE
    ../clib/microlib/string/memcpy.c         0x00000000   Number         0  memcpya.o ABSOLUTE
    ../clib/microlib/string/memcpy.c         0x00000000   Number         0  memcpyb.o ABSOLUTE
    ../clib/microlib/string/memset.c         0x00000000   Number         0  memseta.o ABSOLUTE
    ../clib/microlib/string/memset.c         0x00000000   Number         0  memset.o ABSOLUTE
    ../clib/microlib/string/strcmp.c         0x00000000   Number         0  strcmp.o ABSOLUTE
    ../clib/microlib/string/strcpy.c         0x00000000   Number         0  strcpy.o ABSOLUTE
    ../clib/microlib/string/strlen.c         0x00000000   Number         0  strlen.o ABSOLUTE
    ../clib/microlib/string/strncmp.c        0x00000000   Number         0  strncmp.o ABSOLUTE
    ../clib/microlib/string/strstr.c         0x00000000   Number         0  strstr.o ABSOLUTE
    ../clib/microlib/stubs.s                 0x00000000   Number         0  iusefp.o ABSOLUTE
    ../clib/scanf.c                          0x00000000   Number         0  _sgetc.o ABSOLUTE
    ../clib/scanf.c                          0x00000000   Number         0  strtod.o ABSOLUTE
    ../clib/scanf.c                          0x00000000   Number         0  scanf_char.o ABSOLUTE
    ../clib/scanf.c                          0x00000000   Number         0  __0sscanf.o ABSOLUTE
    ../clib/scanf.c                          0x00000000   Number         0  scanf_fp.o ABSOLUTE
    ../clib/scanf.c                          0x00000000   Number         0  _scanf.o ABSOLUTE
    ../fplib/microlib/d2f.c                  0x00000000   Number         0  d2f.o ABSOLUTE
    ../fplib/microlib/f2d.c                  0x00000000   Number         0  f2d.o ABSOLUTE
    ../fplib/microlib/fpadd.c                0x00000000   Number         0  dadd.o ABSOLUTE
    ../fplib/microlib/fpadd.c                0x00000000   Number         0  fadd.o ABSOLUTE
    ../fplib/microlib/fpdiv.c                0x00000000   Number         0  fdiv.o ABSOLUTE
    ../fplib/microlib/fpdiv.c                0x00000000   Number         0  ddiv.o ABSOLUTE
    ../fplib/microlib/fpepilogue.c           0x00000000   Number         0  fepilogue.o ABSOLUTE
    ../fplib/microlib/fpepilogue.c           0x00000000   Number         0  depilogue.o ABSOLUTE
    ../fplib/microlib/fpfix.c                0x00000000   Number         0  dfixi.o ABSOLUTE
    ../fplib/microlib/fpfix.c                0x00000000   Number         0  ffixui.o ABSOLUTE
    ../fplib/microlib/fpfix.c                0x00000000   Number         0  dfixul.o ABSOLUTE
    ../fplib/microlib/fpflt.c                0x00000000   Number         0  dfltul.o ABSOLUTE
    ../fplib/microlib/fpflt.c                0x00000000   Number         0  ffltui.o ABSOLUTE
    ../fplib/microlib/fpflt.c                0x00000000   Number         0  dflti.o ABSOLUTE
    ../fplib/microlib/fpflt.c                0x00000000   Number         0  dfltui.o ABSOLUTE
    ../fplib/microlib/fpmul.c                0x00000000   Number         0  dmul.o ABSOLUTE
    ../fplib/microlib/fpmul.c                0x00000000   Number         0  fmul.o ABSOLUTE
    ../fplib/microlib/fpscalb.c              0x00000000   Number         0  fscalb.o ABSOLUTE
    ../fplib/microlib/fpscalb.c              0x00000000   Number         0  dscalb.o ABSOLUTE
    ../mathlib/strtod.c                      0x00000000   Number         0  strtod.o ABSOLUTE
    ..\Core\Src\DS18B20_all.c                0x00000000   Number         0  ds18b20_all.o ABSOLUTE
    ..\Core\Src\Delay.c                      0x00000000   Number         0  delay.o ABSOLUTE
    ..\Core\Src\L298N.c                      0x00000000   Number         0  l298n.o ABSOLUTE
    ..\Core\Src\LED.c                        0x00000000   Number         0  led.o ABSOLUTE
    ..\Core\Src\NRF24L01.c                   0x00000000   Number         0  nrf24l01.o ABSOLUTE
    ..\Core\Src\OLED.c                       0x00000000   Number         0  oled.o ABSOLUTE
    ..\Core\Src\adc.c                        0x00000000   Number         0  adc.o ABSOLUTE
    ..\Core\Src\cJSON.c                      0x00000000   Number         0  cjson.o ABSOLUTE
    ..\Core\Src\dma.c                        0x00000000   Number         0  dma.o ABSOLUTE
    ..\Core\Src\driver_timer.c               0x00000000   Number         0  driver_timer.o ABSOLUTE
    ..\Core\Src\freertos.c                   0x00000000   Number         0  freertos.o ABSOLUTE
    ..\Core\Src\gpio.c                       0x00000000   Number         0  gpio.o ABSOLUTE
    ..\Core\Src\main.c                       0x00000000   Number         0  main.o ABSOLUTE
    ..\Core\Src\nbiotdriver.c                0x00000000   Number         0  nbiotdriver.o ABSOLUTE
    ..\Core\Src\sensor.c                     0x00000000   Number         0  sensor.o ABSOLUTE
    ..\Core\Src\stm32f1xx_hal_msp.c          0x00000000   Number         0  stm32f1xx_hal_msp.o ABSOLUTE
    ..\Core\Src\stm32f1xx_hal_timebase_tim.c 0x00000000   Number         0  stm32f1xx_hal_timebase_tim.o ABSOLUTE
    ..\Core\Src\stm32f1xx_it.c               0x00000000   Number         0  stm32f1xx_it.o ABSOLUTE
    ..\Core\Src\system_stm32f1xx.c           0x00000000   Number         0  system_stm32f1xx.o ABSOLUTE
    ..\Core\Src\time.c                       0x00000000   Number         0  time.o ABSOLUTE
    ..\Core\Src\usart.c                      0x00000000   Number         0  usart.o ABSOLUTE
    ..\Drivers\STM32F1xx_HAL_Driver\Src\stm32f1xx_hal.c 0x00000000   Number         0  stm32f1xx_hal.o ABSOLUTE
    ..\Drivers\STM32F1xx_HAL_Driver\Src\stm32f1xx_hal_adc.c 0x00000000   Number         0  stm32f1xx_hal_adc.o ABSOLUTE
    ..\Drivers\STM32F1xx_HAL_Driver\Src\stm32f1xx_hal_adc_ex.c 0x00000000   Number         0  stm32f1xx_hal_adc_ex.o ABSOLUTE
    ..\Drivers\STM32F1xx_HAL_Driver\Src\stm32f1xx_hal_cortex.c 0x00000000   Number         0  stm32f1xx_hal_cortex.o ABSOLUTE
    ..\Drivers\STM32F1xx_HAL_Driver\Src\stm32f1xx_hal_dma.c 0x00000000   Number         0  stm32f1xx_hal_dma.o ABSOLUTE
    ..\Drivers\STM32F1xx_HAL_Driver\Src\stm32f1xx_hal_exti.c 0x00000000   Number         0  stm32f1xx_hal_exti.o ABSOLUTE
    ..\Drivers\STM32F1xx_HAL_Driver\Src\stm32f1xx_hal_flash.c 0x00000000   Number         0  stm32f1xx_hal_flash.o ABSOLUTE
    ..\Drivers\STM32F1xx_HAL_Driver\Src\stm32f1xx_hal_flash_ex.c 0x00000000   Number         0  stm32f1xx_hal_flash_ex.o ABSOLUTE
    ..\Drivers\STM32F1xx_HAL_Driver\Src\stm32f1xx_hal_gpio.c 0x00000000   Number         0  stm32f1xx_hal_gpio.o ABSOLUTE
    ..\Drivers\STM32F1xx_HAL_Driver\Src\stm32f1xx_hal_gpio_ex.c 0x00000000   Number         0  stm32f1xx_hal_gpio_ex.o ABSOLUTE
    ..\Drivers\STM32F1xx_HAL_Driver\Src\stm32f1xx_hal_pwr.c 0x00000000   Number         0  stm32f1xx_hal_pwr.o ABSOLUTE
    ..\Drivers\STM32F1xx_HAL_Driver\Src\stm32f1xx_hal_rcc.c 0x00000000   Number         0  stm32f1xx_hal_rcc.o ABSOLUTE
    ..\Drivers\STM32F1xx_HAL_Driver\Src\stm32f1xx_hal_rcc_ex.c 0x00000000   Number         0  stm32f1xx_hal_rcc_ex.o ABSOLUTE
    ..\Drivers\STM32F1xx_HAL_Driver\Src\stm32f1xx_hal_tim.c 0x00000000   Number         0  stm32f1xx_hal_tim.o ABSOLUTE
    ..\Drivers\STM32F1xx_HAL_Driver\Src\stm32f1xx_hal_tim_ex.c 0x00000000   Number         0  stm32f1xx_hal_tim_ex.o ABSOLUTE
    ..\Drivers\STM32F1xx_HAL_Driver\Src\stm32f1xx_hal_uart.c 0x00000000   Number         0  stm32f1xx_hal_uart.o ABSOLUTE
    ..\Middlewares\Third_Party\FreeRTOS\Source\CMSIS_RTOS_V2\cmsis_os2.c 0x00000000   Number         0  cmsis_os2.o ABSOLUTE
    ..\Middlewares\Third_Party\FreeRTOS\Source\portable\RVDS\ARM_CM3\port.c 0x00000000   Number         0  port.o ABSOLUTE
    ..\\Core\\Src\\DS18B20_all.c             0x00000000   Number         0  ds18b20_all.o ABSOLUTE
    ..\\Core\\Src\\Delay.c                   0x00000000   Number         0  delay.o ABSOLUTE
    ..\\Core\\Src\\L298N.c                   0x00000000   Number         0  l298n.o ABSOLUTE
    ..\\Core\\Src\\LED.c                     0x00000000   Number         0  led.o ABSOLUTE
    ..\\Core\\Src\\NRF24L01.c                0x00000000   Number         0  nrf24l01.o ABSOLUTE
    ..\\Core\\Src\\OLED.c                    0x00000000   Number         0  oled.o ABSOLUTE
    ..\\Core\\Src\\driver_timer.c            0x00000000   Number         0  driver_timer.o ABSOLUTE
    ..\\Core\\Src\\nbiotdriver.c             0x00000000   Number         0  nbiotdriver.o ABSOLUTE
    ..\\Core\\Src\\sensor.c                  0x00000000   Number         0  sensor.o ABSOLUTE
    ..\\Core\\Src\\time.c                    0x00000000   Number         0  time.o ABSOLUTE
    cdcmple.s                                0x00000000   Number         0  cdcmple.o ABSOLUTE
    cdrcmple.s                               0x00000000   Number         0  cdrcmple.o ABSOLUTE
    dc.s                                     0x00000000   Number         0  dc.o ABSOLUTE
    handlers.s                               0x00000000   Number         0  handlers.o ABSOLUTE
    init.s                                   0x00000000   Number         0  init.o ABSOLUTE
    startup_stm32f103xb.s                    0x00000000   Number         0  startup_stm32f103xb.o ABSOLUTE
    RESET                                    0x08000000   Section      236  startup_stm32f103xb.o(RESET)
    .ARM.Collect$$$$00000000                 0x080000ec   Section        0  entry.o(.ARM.Collect$$$$00000000)
    .ARM.Collect$$$$00000001                 0x080000ec   Section        4  entry2.o(.ARM.Collect$$$$00000001)
    .ARM.Collect$$$$00000004                 0x080000f0   Section        4  entry5.o(.ARM.Collect$$$$00000004)
    .ARM.Collect$$$$00000008                 0x080000f4   Section        0  entry7b.o(.ARM.Collect$$$$00000008)
    .ARM.Collect$$$$0000000A                 0x080000f4   Section        0  entry8b.o(.ARM.Collect$$$$0000000A)
    .ARM.Collect$$$$0000000B                 0x080000f4   Section        8  entry9a.o(.ARM.Collect$$$$0000000B)
    .ARM.Collect$$$$0000000E                 0x080000fc   Section        4  entry12b.o(.ARM.Collect$$$$0000000E)
    .ARM.Collect$$$$0000000F                 0x08000100   Section        0  entry10a.o(.ARM.Collect$$$$0000000F)
    .ARM.Collect$$$$00000011                 0x08000100   Section        0  entry11a.o(.ARM.Collect$$$$00000011)
    .ARM.Collect$$$$00002712                 0x08000100   Section        4  entry2.o(.ARM.Collect$$$$00002712)
    __lit__00000000                          0x08000100   Data           4  entry2.o(.ARM.Collect$$$$00002712)
    .emb_text                                0x08000104   Section      150  port.o(.emb_text)
    .text                                    0x0800019c   Section       36  startup_stm32f103xb.o(.text)
    .text                                    0x080001c0   Section        0  uldiv.o(.text)
    .text                                    0x08000222   Section        0  llushr.o(.text)
    .text                                    0x08000242   Section        0  memcpya.o(.text)
    .text                                    0x08000266   Section        0  memseta.o(.text)
    .text                                    0x0800028a   Section        0  dadd.o(.text)
    .text                                    0x080003d8   Section        0  dmul.o(.text)
    .text                                    0x080004bc   Section        0  ddiv.o(.text)
    .text                                    0x0800059c   Section       48  cdrcmple.o(.text)
    .text                                    0x080005cc   Section        0  uidiv.o(.text)
    .text                                    0x080005f8   Section        0  llshl.o(.text)
    .text                                    0x08000616   Section        0  llsshr.o(.text)
    .text                                    0x0800063a   Section        0  iusefp.o(.text)
    .text                                    0x0800063a   Section        0  depilogue.o(.text)
    .text                                    0x080006f4   Section        0  dfixul.o(.text)
    .text                                    0x08000724   Section       36  init.o(.text)
    i.ADC_ConversionStop_Disable             0x08000748   Section        0  stm32f1xx_hal_adc.o(i.ADC_ConversionStop_Disable)
    i.ADC_Enable                             0x080007a0   Section        0  stm32f1xx_hal_adc.o(i.ADC_Enable)
    i.BusFault_Handler                       0x0800081c   Section        0  stm32f1xx_it.o(i.BusFault_Handler)
    i.DMA1_Channel6_IRQHandler               0x08000820   Section        0  stm32f1xx_it.o(i.DMA1_Channel6_IRQHandler)
    i.DMA_SetConfig                          0x0800082c   Section        0  stm32f1xx_hal_dma.o(i.DMA_SetConfig)
    DMA_SetConfig                            0x0800082d   Thumb Code    42  stm32f1xx_hal_dma.o(i.DMA_SetConfig)
    i.DebugMon_Handler                       0x08000856   Section        0  stm32f1xx_it.o(i.DebugMon_Handler)
    i.Delay_us                               0x08000858   Section        0  delay.o(i.Delay_us)
    i.EnableUartIT                           0x08000878   Section        0  usart.o(i.EnableUartIT)
    i.Error_Handler                          0x080008b8   Section        0  main.o(i.Error_Handler)
    i.HAL_ADCEx_Calibration_Start            0x080008bc   Section        0  stm32f1xx_hal_adc_ex.o(i.HAL_ADCEx_Calibration_Start)
    i.HAL_ADC_ConfigChannel                  0x08000994   Section        0  stm32f1xx_hal_adc.o(i.HAL_ADC_ConfigChannel)
    i.HAL_ADC_Init                           0x08000a90   Section        0  stm32f1xx_hal_adc.o(i.HAL_ADC_Init)
    i.HAL_ADC_MspInit                        0x08000bac   Section        0  adc.o(i.HAL_ADC_MspInit)
    i.HAL_DMA_Abort                          0x08000c04   Section        0  stm32f1xx_hal_dma.o(i.HAL_DMA_Abort)
    i.HAL_DMA_Abort_IT                       0x08000c4c   Section        0  stm32f1xx_hal_dma.o(i.HAL_DMA_Abort_IT)
    i.HAL_DMA_IRQHandler                     0x08000ce4   Section        0  stm32f1xx_hal_dma.o(i.HAL_DMA_IRQHandler)
    i.HAL_DMA_Init                           0x08000e38   Section        0  stm32f1xx_hal_dma.o(i.HAL_DMA_Init)
    i.HAL_DMA_Start_IT                       0x08000e94   Section        0  stm32f1xx_hal_dma.o(i.HAL_DMA_Start_IT)
    i.HAL_GPIO_Init                          0x08000f04   Section        0  stm32f1xx_hal_gpio.o(i.HAL_GPIO_Init)
    i.HAL_GPIO_ReadPin                       0x080010e4   Section        0  stm32f1xx_hal_gpio.o(i.HAL_GPIO_ReadPin)
    i.HAL_GPIO_WritePin                      0x080010ee   Section        0  stm32f1xx_hal_gpio.o(i.HAL_GPIO_WritePin)
    i.HAL_GetTick                            0x080010f8   Section        0  stm32f1xx_hal.o(i.HAL_GetTick)
    i.HAL_IncTick                            0x08001104   Section        0  stm32f1xx_hal.o(i.HAL_IncTick)
    i.HAL_Init                               0x08001114   Section        0  stm32f1xx_hal.o(i.HAL_Init)
    i.HAL_InitTick                           0x08001138   Section        0  stm32f1xx_hal_timebase_tim.o(i.HAL_InitTick)
    i.HAL_MspInit                            0x080011d0   Section        0  stm32f1xx_hal_msp.o(i.HAL_MspInit)
    i.HAL_NVIC_EnableIRQ                     0x08001218   Section        0  stm32f1xx_hal_cortex.o(i.HAL_NVIC_EnableIRQ)
    i.HAL_NVIC_SetPriority                   0x08001234   Section        0  stm32f1xx_hal_cortex.o(i.HAL_NVIC_SetPriority)
    i.HAL_NVIC_SetPriorityGrouping           0x08001274   Section        0  stm32f1xx_hal_cortex.o(i.HAL_NVIC_SetPriorityGrouping)
    i.HAL_RCCEx_GetPeriphCLKFreq             0x08001298   Section        0  stm32f1xx_hal_rcc_ex.o(i.HAL_RCCEx_GetPeriphCLKFreq)
    i.HAL_RCCEx_PeriphCLKConfig              0x0800133c   Section        0  stm32f1xx_hal_rcc_ex.o(i.HAL_RCCEx_PeriphCLKConfig)
    i.HAL_RCC_ClockConfig                    0x08001428   Section        0  stm32f1xx_hal_rcc.o(i.HAL_RCC_ClockConfig)
    i.HAL_RCC_GetClockConfig                 0x08001554   Section        0  stm32f1xx_hal_rcc.o(i.HAL_RCC_GetClockConfig)
    i.HAL_RCC_GetPCLK1Freq                   0x08001594   Section        0  stm32f1xx_hal_rcc.o(i.HAL_RCC_GetPCLK1Freq)
    i.HAL_RCC_GetPCLK2Freq                   0x080015b4   Section        0  stm32f1xx_hal_rcc.o(i.HAL_RCC_GetPCLK2Freq)
    i.HAL_RCC_GetSysClockFreq                0x080015d4   Section        0  stm32f1xx_hal_rcc.o(i.HAL_RCC_GetSysClockFreq)
    i.HAL_RCC_OscConfig                      0x08001620   Section        0  stm32f1xx_hal_rcc.o(i.HAL_RCC_OscConfig)
    i.HAL_TIMEx_BreakCallback                0x08001940   Section        0  stm32f1xx_hal_tim_ex.o(i.HAL_TIMEx_BreakCallback)
    i.HAL_TIMEx_CommutCallback               0x08001942   Section        0  stm32f1xx_hal_tim_ex.o(i.HAL_TIMEx_CommutCallback)
    i.HAL_TIM_Base_Init                      0x08001944   Section        0  stm32f1xx_hal_tim.o(i.HAL_TIM_Base_Init)
    i.HAL_TIM_Base_MspInit                   0x0800199e   Section        0  stm32f1xx_hal_tim.o(i.HAL_TIM_Base_MspInit)
    i.HAL_TIM_Base_Start_IT                  0x080019a0   Section        0  stm32f1xx_hal_tim.o(i.HAL_TIM_Base_Start_IT)
    i.HAL_TIM_IC_CaptureCallback             0x080019f8   Section        0  stm32f1xx_hal_tim.o(i.HAL_TIM_IC_CaptureCallback)
    i.HAL_TIM_IRQHandler                     0x080019fa   Section        0  stm32f1xx_hal_tim.o(i.HAL_TIM_IRQHandler)
    i.HAL_TIM_OC_DelayElapsedCallback        0x08001b60   Section        0  stm32f1xx_hal_tim.o(i.HAL_TIM_OC_DelayElapsedCallback)
    i.HAL_TIM_PWM_PulseFinishedCallback      0x08001b62   Section        0  stm32f1xx_hal_tim.o(i.HAL_TIM_PWM_PulseFinishedCallback)
    i.HAL_TIM_PeriodElapsedCallback          0x08001b64   Section        0  main.o(i.HAL_TIM_PeriodElapsedCallback)
    i.HAL_TIM_TriggerCallback                0x08001b72   Section        0  stm32f1xx_hal_tim.o(i.HAL_TIM_TriggerCallback)
    i.HAL_UARTEx_RxEventCallback             0x08001b74   Section        0  stm32f1xx_hal_uart.o(i.HAL_UARTEx_RxEventCallback)
    i.HAL_UART_DMAStop                       0x08001b76   Section        0  stm32f1xx_hal_uart.o(i.HAL_UART_DMAStop)
    i.HAL_UART_ErrorCallback                 0x08001be6   Section        0  stm32f1xx_hal_uart.o(i.HAL_UART_ErrorCallback)
    i.HAL_UART_IRQHandler                    0x08001be8   Section        0  stm32f1xx_hal_uart.o(i.HAL_UART_IRQHandler)
    i.HAL_UART_Init                          0x08001e54   Section        0  stm32f1xx_hal_uart.o(i.HAL_UART_Init)
    i.HAL_UART_MspInit                       0x08001eb8   Section        0  usart.o(i.HAL_UART_MspInit)
    i.HAL_UART_Receive_DMA                   0x08001fc0   Section        0  stm32f1xx_hal_uart.o(i.HAL_UART_Receive_DMA)
    i.HAL_UART_Receive_IT                    0x08001fdc   Section        0  stm32f1xx_hal_uart.o(i.HAL_UART_Receive_IT)
    i.HAL_UART_RxCpltCallback                0x08001ff8   Section        0  usart.o(i.HAL_UART_RxCpltCallback)
    i.HAL_UART_RxHalfCpltCallback            0x080020d0   Section        0  stm32f1xx_hal_uart.o(i.HAL_UART_RxHalfCpltCallback)
    i.HAL_UART_Transmit                      0x080020d2   Section        0  stm32f1xx_hal_uart.o(i.HAL_UART_Transmit)
    i.HAL_UART_TxCpltCallback                0x0800216c   Section        0  stm32f1xx_hal_uart.o(i.HAL_UART_TxCpltCallback)
    i.HardFault_Handler                      0x0800216e   Section        0  stm32f1xx_it.o(i.HardFault_Handler)
    i.M1_Forward                             0x08002170   Section        0  l298n.o(i.M1_Forward)
    i.M1_Stop                                0x08002182   Section        0  l298n.o(i.M1_Stop)
    i.M2_Forward                             0x08002194   Section        0  l298n.o(i.M2_Forward)
    i.M2_Stop                                0x080021a6   Section        0  l298n.o(i.M2_Stop)
    i.MX_ADC1_Init                           0x080021b8   Section        0  adc.o(i.MX_ADC1_Init)
    i.MX_DMA_Init                            0x0800225c   Section        0  dma.o(i.MX_DMA_Init)
    i.MX_GPIO_Init                           0x08002288   Section        0  gpio.o(i.MX_GPIO_Init)
    i.MX_USART1_UART_Init                    0x08002370   Section        0  usart.o(i.MX_USART1_UART_Init)
    i.MX_USART2_UART_Init                    0x080023a8   Section        0  usart.o(i.MX_USART2_UART_Init)
    i.MemManage_Handler                      0x080023e0   Section        0  stm32f1xx_it.o(i.MemManage_Handler)
    i.Motor_show                             0x080023e4   Section        0  main.o(i.Motor_show)
    i.NMI_Handler                            0x08002440   Section        0  stm32f1xx_it.o(i.NMI_Handler)
    i.NRF24L01_Init                          0x08002444   Section        0  nrf24l01.o(i.NRF24L01_Init)
    i.OLED_Clear                             0x080024a8   Section        0  oled.o(i.OLED_Clear)
    i.OLED_I2C_Init                          0x080024d0   Section        0  oled.o(i.OLED_I2C_Init)
    i.OLED_I2C_SendByte                      0x080024f0   Section        0  oled.o(i.OLED_I2C_SendByte)
    i.OLED_I2C_Start                         0x0800254c   Section        0  oled.o(i.OLED_I2C_Start)
    i.OLED_I2C_Stop                          0x08002584   Section        0  oled.o(i.OLED_I2C_Stop)
    i.OLED_Init                              0x080025b4   Section        0  oled.o(i.OLED_Init)
    i.OLED_SetCursor                         0x08002660   Section        0  oled.o(i.OLED_SetCursor)
    i.OLED_WriteCommand                      0x08002682   Section        0  oled.o(i.OLED_WriteCommand)
    i.OLED_WriteData                         0x080026a4   Section        0  oled.o(i.OLED_WriteData)
    i.R_Buf                                  0x080026c6   Section        0  nrf24l01.o(i.R_Buf)
    i.R_IRQ                                  0x080026f8   Section        0  nrf24l01.o(i.R_IRQ)
    i.R_MISO                                 0x08002704   Section        0  nrf24l01.o(i.R_MISO)
    i.R_Reg                                  0x08002710   Section        0  nrf24l01.o(i.R_Reg)
    i.Reveive                                0x08002732   Section        0  nrf24l01.o(i.Reveive)
    i.SPI_SwapByte                           0x08002768   Section        0  nrf24l01.o(i.SPI_SwapByte)
    i.SysTick_Handler                        0x080027a8   Section        0  port.o(i.SysTick_Handler)
    i.SystemClock_Config                     0x080027d4   Section        0  main.o(i.SystemClock_Config)
    i.SystemInit                             0x0800284c   Section        0  system_stm32f1xx.o(i.SystemInit)
    i.TIM2_IRQHandler                        0x08002850   Section        0  stm32f1xx_it.o(i.TIM2_IRQHandler)
    i.TIM_Base_SetConfig                     0x0800285c   Section        0  stm32f1xx_hal_tim.o(i.TIM_Base_SetConfig)
    i.UART_DMAAbortOnError                   0x080028c8   Section        0  stm32f1xx_hal_uart.o(i.UART_DMAAbortOnError)
    UART_DMAAbortOnError                     0x080028c9   Thumb Code    16  stm32f1xx_hal_uart.o(i.UART_DMAAbortOnError)
    i.UART_DMAError                          0x080028d8   Section        0  stm32f1xx_hal_uart.o(i.UART_DMAError)
    UART_DMAError                            0x080028d9   Thumb Code    74  stm32f1xx_hal_uart.o(i.UART_DMAError)
    i.UART_DMAReceiveCplt                    0x08002922   Section        0  stm32f1xx_hal_uart.o(i.UART_DMAReceiveCplt)
    UART_DMAReceiveCplt                      0x08002923   Thumb Code   134  stm32f1xx_hal_uart.o(i.UART_DMAReceiveCplt)
    i.UART_DMARxHalfCplt                     0x080029a8   Section        0  stm32f1xx_hal_uart.o(i.UART_DMARxHalfCplt)
    UART_DMARxHalfCplt                       0x080029a9   Thumb Code    30  stm32f1xx_hal_uart.o(i.UART_DMARxHalfCplt)
    i.UART_EndRxTransfer                     0x080029c6   Section        0  stm32f1xx_hal_uart.o(i.UART_EndRxTransfer)
    UART_EndRxTransfer                       0x080029c7   Thumb Code    78  stm32f1xx_hal_uart.o(i.UART_EndRxTransfer)
    i.UART_EndTxTransfer                     0x08002a14   Section        0  stm32f1xx_hal_uart.o(i.UART_EndTxTransfer)
    UART_EndTxTransfer                       0x08002a15   Thumb Code    28  stm32f1xx_hal_uart.o(i.UART_EndTxTransfer)
    i.UART_Receive_IT                        0x08002a30   Section        0  stm32f1xx_hal_uart.o(i.UART_Receive_IT)
    UART_Receive_IT                          0x08002a31   Thumb Code   194  stm32f1xx_hal_uart.o(i.UART_Receive_IT)
    i.UART_SetConfig                         0x08002af4   Section        0  stm32f1xx_hal_uart.o(i.UART_SetConfig)
    UART_SetConfig                           0x08002af5   Thumb Code   178  stm32f1xx_hal_uart.o(i.UART_SetConfig)
    i.UART_Start_Receive_DMA                 0x08002bac   Section        0  stm32f1xx_hal_uart.o(i.UART_Start_Receive_DMA)
    i.UART_Start_Receive_IT                  0x08002c3c   Section        0  stm32f1xx_hal_uart.o(i.UART_Start_Receive_IT)
    i.UART_WaitOnFlagUntilTimeout            0x08002c72   Section        0  stm32f1xx_hal_uart.o(i.UART_WaitOnFlagUntilTimeout)
    UART_WaitOnFlagUntilTimeout              0x08002c73   Thumb Code   120  stm32f1xx_hal_uart.o(i.UART_WaitOnFlagUntilTimeout)
    i.USART1_IRQHandler                      0x08002cec   Section        0  stm32f1xx_it.o(i.USART1_IRQHandler)
    i.USART2_IRQHandler                      0x08002cf8   Section        0  stm32f1xx_it.o(i.USART2_IRQHandler)
    i.UsageFault_Handler                     0x08002d50   Section        0  stm32f1xx_it.o(i.UsageFault_Handler)
    i.W_Buf                                  0x08002d52   Section        0  nrf24l01.o(i.W_Buf)
    i.W_CE                                   0x08002d84   Section        0  nrf24l01.o(i.W_CE)
    i.W_CSN                                  0x08002d94   Section        0  nrf24l01.o(i.W_CSN)
    i.W_IN1                                  0x08002da4   Section        0  l298n.o(i.W_IN1)
    i.W_IN2                                  0x08002db4   Section        0  l298n.o(i.W_IN2)
    i.W_IN3                                  0x08002dc4   Section        0  l298n.o(i.W_IN3)
    i.W_IN4                                  0x08002dd4   Section        0  l298n.o(i.W_IN4)
    i.W_MOSI                                 0x08002de4   Section        0  nrf24l01.o(i.W_MOSI)
    i.W_Reg                                  0x08002df4   Section        0  nrf24l01.o(i.W_Reg)
    i.W_SCK                                  0x08002e18   Section        0  nrf24l01.o(i.W_SCK)
    i.__0printf                              0x08002e28   Section        0  printfa.o(i.__0printf)
    i.__NVIC_SetPriority                     0x08002e48   Section        0  stm32f1xx_hal_cortex.o(i.__NVIC_SetPriority)
    __NVIC_SetPriority                       0x08002e49   Thumb Code    32  stm32f1xx_hal_cortex.o(i.__NVIC_SetPriority)
    i.__scatterload_copy                     0x08002e68   Section       14  handlers.o(i.__scatterload_copy)
    i.__scatterload_null                     0x08002e76   Section        2  handlers.o(i.__scatterload_null)
    i.__scatterload_zeroinit                 0x08002e78   Section       14  handlers.o(i.__scatterload_zeroinit)
    i._fp_digits                             0x08002e88   Section        0  printfa.o(i._fp_digits)
    _fp_digits                               0x08002e89   Thumb Code   366  printfa.o(i._fp_digits)
    i._printf_core                           0x0800300c   Section        0  printfa.o(i._printf_core)
    _printf_core                             0x0800300d   Thumb Code  1704  printfa.o(i._printf_core)
    i._printf_post_padding                   0x080036c0   Section        0  printfa.o(i._printf_post_padding)
    _printf_post_padding                     0x080036c1   Thumb Code    36  printfa.o(i._printf_post_padding)
    i._printf_pre_padding                    0x080036e4   Section        0  printfa.o(i._printf_pre_padding)
    _printf_pre_padding                      0x080036e5   Thumb Code    46  printfa.o(i._printf_pre_padding)
    i.fputc                                  0x08003714   Section        0  main.o(i.fputc)
    i.main                                   0x0800372c   Section        0  main.o(i.main)
    i.printf_show                            0x0800378c   Section        0  main.o(i.printf_show)
    i.prvResetNextTaskUnblockTime            0x08003808   Section        0  tasks.o(i.prvResetNextTaskUnblockTime)
    prvResetNextTaskUnblockTime              0x08003809   Thumb Code    26  tasks.o(i.prvResetNextTaskUnblockTime)
    i.uxListRemove                           0x08003828   Section        0  list.o(i.uxListRemove)
    i.vListInsertEnd                         0x0800384e   Section        0  list.o(i.vListInsertEnd)
    i.vTaskSwitchContext                     0x08003868   Section        0  tasks.o(i.vTaskSwitchContext)
    i.xTaskIncrementTick                     0x080038cc   Section        0  tasks.o(i.xTaskIncrementTick)
    .constdata                               0x08003994   Section       18  stm32f1xx_hal_rcc.o(.constdata)
    aPredivFactorTable                       0x08003994   Data           2  stm32f1xx_hal_rcc.o(.constdata)
    aPLLMULFactorTable                       0x08003996   Data          16  stm32f1xx_hal_rcc.o(.constdata)
    .constdata                               0x080039a6   Section       18  stm32f1xx_hal_rcc_ex.o(.constdata)
    aPredivFactorTable                       0x080039a6   Data           2  stm32f1xx_hal_rcc_ex.o(.constdata)
    aPLLMULFactorTable                       0x080039a8   Data          16  stm32f1xx_hal_rcc_ex.o(.constdata)
    .constdata                               0x080039b8   Section       16  system_stm32f1xx.o(.constdata)
    .constdata                               0x080039c8   Section        8  system_stm32f1xx.o(.constdata)
    .data                                    0x20000000   Section        5  nrf24l01.o(.data)
    .data                                    0x20000005   Section        2  usart.o(.data)
    .data                                    0x20000008   Section       12  stm32f1xx_hal.o(.data)
    .data                                    0x20000014   Section        4  system_stm32f1xx.o(.data)
    .data                                    0x20000018   Section       60  tasks.o(.data)
    pxDelayedTaskList                        0x2000001c   Data           4  tasks.o(.data)
    pxOverflowDelayedTaskList                0x20000020   Data           4  tasks.o(.data)
    uxDeletedTasksWaitingCleanUp             0x20000024   Data           4  tasks.o(.data)
    uxCurrentNumberOfTasks                   0x20000028   Data           4  tasks.o(.data)
    xTickCount                               0x2000002c   Data           4  tasks.o(.data)
    uxTopReadyPriority                       0x20000030   Data           4  tasks.o(.data)
    xSchedulerRunning                        0x20000034   Data           4  tasks.o(.data)
    uxPendedTicks                            0x20000038   Data           4  tasks.o(.data)
    xYieldPending                            0x2000003c   Data           4  tasks.o(.data)
    xNumOfOverflows                          0x20000040   Data           4  tasks.o(.data)
    uxTaskNumber                             0x20000044   Data           4  tasks.o(.data)
    xNextTaskUnblockTime                     0x20000048   Data           4  tasks.o(.data)
    xIdleTaskHandle                          0x2000004c   Data           4  tasks.o(.data)
    uxSchedulerSuspended                     0x20000050   Data           4  tasks.o(.data)
    .data                                    0x20000054   Section        4  stdout.o(.data)
    .bss                                     0x20000058   Section       32  main.o(.bss)
    .bss                                     0x20000078   Section       48  adc.o(.bss)
    .bss                                     0x200000a8   Section      832  usart.o(.bss)
    .bss                                     0x200003e8   Section       72  stm32f1xx_hal_timebase_tim.o(.bss)
    .bss                                     0x20000430   Section     1220  tasks.o(.bss)
    pxReadyTasksLists                        0x20000430   Data        1120  tasks.o(.bss)
    xDelayedTaskList1                        0x20000890   Data          20  tasks.o(.bss)
    xDelayedTaskList2                        0x200008a4   Data          20  tasks.o(.bss)
    xPendingReadyList                        0x200008b8   Data          20  tasks.o(.bss)
    xTasksWaitingTermination                 0x200008cc   Data          20  tasks.o(.bss)
    xSuspendedTaskList                       0x200008e0   Data          20  tasks.o(.bss)
    STACK                                    0x200008f8   Section     1024  startup_stm32f103xb.o(STACK)

    Global Symbols

    Symbol Name                              Value     Ov Type        Size  Object(Section)

    BuildAttributes$$THM_ISAv4$P$D$K$B$S$PE$A:L22UL41UL21$X:L11$S22US41US21$IEEE1$IW$USESV6$~STKCKD$USESV7$~SHL$OTIME$ROPI$IEEEJ$EBA8$MICROLIB$REQ8$PRES8$EABIv2 0x00000000   Number         0  anon$$obj.o ABSOLUTE
    __ARM_use_no_argv                        0x00000000   Number         0  main.o ABSOLUTE
    _printf_a                                0x00000000   Number         0  stubs.o ABSOLUTE
    _printf_c                                0x00000000   Number         0  stubs.o ABSOLUTE
    _printf_charcount                        0x00000000   Number         0  stubs.o ABSOLUTE
    _printf_d                                0x00000000   Number         0  stubs.o ABSOLUTE
    _printf_e                                0x00000000   Number         0  stubs.o ABSOLUTE
    _printf_f                                0x00000000   Number         0  stubs.o ABSOLUTE
    _printf_flags                            0x00000000   Number         0  stubs.o ABSOLUTE
    _printf_fp_dec                           0x00000000   Number         0  stubs.o ABSOLUTE
    _printf_fp_hex                           0x00000000   Number         0  stubs.o ABSOLUTE
    _printf_g                                0x00000000   Number         0  stubs.o ABSOLUTE
    _printf_i                                0x00000000   Number         0  stubs.o ABSOLUTE
    _printf_int_dec                          0x00000000   Number         0  stubs.o ABSOLUTE
    _printf_l                                0x00000000   Number         0  stubs.o ABSOLUTE
    _printf_lc                               0x00000000   Number         0  stubs.o ABSOLUTE
    _printf_ll                               0x00000000   Number         0  stubs.o ABSOLUTE
    _printf_lld                              0x00000000   Number         0  stubs.o ABSOLUTE
    _printf_lli                              0x00000000   Number         0  stubs.o ABSOLUTE
    _printf_llo                              0x00000000   Number         0  stubs.o ABSOLUTE
    _printf_llu                              0x00000000   Number         0  stubs.o ABSOLUTE
    _printf_llx                              0x00000000   Number         0  stubs.o ABSOLUTE
    _printf_longlong_dec                     0x00000000   Number         0  stubs.o ABSOLUTE
    _printf_longlong_hex                     0x00000000   Number         0  stubs.o ABSOLUTE
    _printf_longlong_oct                     0x00000000   Number         0  stubs.o ABSOLUTE
    _printf_ls                               0x00000000   Number         0  stubs.o ABSOLUTE
    _printf_mbtowc                           0x00000000   Number         0  stubs.o ABSOLUTE
    _printf_n                                0x00000000   Number         0  stubs.o ABSOLUTE
    _printf_o                                0x00000000   Number         0  stubs.o ABSOLUTE
    _printf_p                                0x00000000   Number         0  stubs.o ABSOLUTE
    _printf_percent                          0x00000000   Number         0  stubs.o ABSOLUTE
    _printf_pre_padding                      0x00000000   Number         0  stubs.o ABSOLUTE
    _printf_return_value                     0x00000000   Number         0  stubs.o ABSOLUTE
    _printf_s                                0x00000000   Number         0  stubs.o ABSOLUTE
    _printf_sizespec                         0x00000000   Number         0  stubs.o ABSOLUTE
    _printf_str                              0x00000000   Number         0  stubs.o ABSOLUTE
    _printf_truncate_signed                  0x00000000   Number         0  stubs.o ABSOLUTE
    _printf_truncate_unsigned                0x00000000   Number         0  stubs.o ABSOLUTE
    _printf_u                                0x00000000   Number         0  stubs.o ABSOLUTE
    _printf_wc                               0x00000000   Number         0  stubs.o ABSOLUTE
    _printf_wctomb                           0x00000000   Number         0  stubs.o ABSOLUTE
    _printf_widthprec                        0x00000000   Number         0  stubs.o ABSOLUTE
    _printf_x                                0x00000000   Number         0  stubs.o ABSOLUTE
    __arm_fini_                               - Undefined Weak Reference
    __cpp_initialize__aeabi_                  - Undefined Weak Reference
    __cxa_finalize                            - Undefined Weak Reference
    __decompress                              - Undefined Weak Reference
    _clock_init                               - Undefined Weak Reference
    _microlib_exit                            - Undefined Weak Reference
    _scanf_int                                - Undefined Weak Reference
    _scanf_longlong                           - Undefined Weak Reference
    _scanf_string                             - Undefined Weak Reference
    __Vectors_Size                           0x000000ec   Number         0  startup_stm32f103xb.o ABSOLUTE
    __Vectors                                0x08000000   Data           4  startup_stm32f103xb.o(RESET)
    __Vectors_End                            0x080000ec   Data           0  startup_stm32f103xb.o(RESET)
    __main                                   0x080000ed   Thumb Code     0  entry.o(.ARM.Collect$$$$00000000)
    _main_stk                                0x080000ed   Thumb Code     0  entry2.o(.ARM.Collect$$$$00000001)
    _main_scatterload                        0x080000f1   Thumb Code     0  entry5.o(.ARM.Collect$$$$00000004)
    __main_after_scatterload                 0x080000f5   Thumb Code     0  entry5.o(.ARM.Collect$$$$00000004)
    _main_clock                              0x080000f5   Thumb Code     0  entry7b.o(.ARM.Collect$$$$00000008)
    _main_cpp_init                           0x080000f5   Thumb Code     0  entry8b.o(.ARM.Collect$$$$0000000A)
    _main_init                               0x080000f5   Thumb Code     0  entry9a.o(.ARM.Collect$$$$0000000B)
    __rt_lib_shutdown_fini                   0x080000fd   Thumb Code     0  entry12b.o(.ARM.Collect$$$$0000000E)
    __rt_final_cpp                           0x08000101   Thumb Code     0  entry10a.o(.ARM.Collect$$$$0000000F)
    __rt_final_exit                          0x08000101   Thumb Code     0  entry11a.o(.ARM.Collect$$$$00000011)
    SVC_Handler                              0x08000105   Thumb Code    32  port.o(.emb_text)
    __asm___6_port_c_39a90d8d__prvStartFirstTask 0x08000129   Thumb Code    28  port.o(.emb_text)
    PendSV_Handler                           0x08000149   Thumb Code    72  port.o(.emb_text)
    vPortGetIPSR                             0x08000195   Thumb Code     6  port.o(.emb_text)
    Reset_Handler                            0x0800019d   Thumb Code     8  startup_stm32f103xb.o(.text)
    ADC1_2_IRQHandler                        0x080001b7   Thumb Code     0  startup_stm32f103xb.o(.text)
    CAN1_RX1_IRQHandler                      0x080001b7   Thumb Code     0  startup_stm32f103xb.o(.text)
    CAN1_SCE_IRQHandler                      0x080001b7   Thumb Code     0  startup_stm32f103xb.o(.text)
    DMA1_Channel1_IRQHandler                 0x080001b7   Thumb Code     0  startup_stm32f103xb.o(.text)
    DMA1_Channel2_IRQHandler                 0x080001b7   Thumb Code     0  startup_stm32f103xb.o(.text)
    DMA1_Channel3_IRQHandler                 0x080001b7   Thumb Code     0  startup_stm32f103xb.o(.text)
    DMA1_Channel4_IRQHandler                 0x080001b7   Thumb Code     0  startup_stm32f103xb.o(.text)
    DMA1_Channel5_IRQHandler                 0x080001b7   Thumb Code     0  startup_stm32f103xb.o(.text)
    DMA1_Channel7_IRQHandler                 0x080001b7   Thumb Code     0  startup_stm32f103xb.o(.text)
    EXTI0_IRQHandler                         0x080001b7   Thumb Code     0  startup_stm32f103xb.o(.text)
    EXTI15_10_IRQHandler                     0x080001b7   Thumb Code     0  startup_stm32f103xb.o(.text)
    EXTI1_IRQHandler                         0x080001b7   Thumb Code     0  startup_stm32f103xb.o(.text)
    EXTI2_IRQHandler                         0x080001b7   Thumb Code     0  startup_stm32f103xb.o(.text)
    EXTI3_IRQHandler                         0x080001b7   Thumb Code     0  startup_stm32f103xb.o(.text)
    EXTI4_IRQHandler                         0x080001b7   Thumb Code     0  startup_stm32f103xb.o(.text)
    EXTI9_5_IRQHandler                       0x080001b7   Thumb Code     0  startup_stm32f103xb.o(.text)
    FLASH_IRQHandler                         0x080001b7   Thumb Code     0  startup_stm32f103xb.o(.text)
    I2C1_ER_IRQHandler                       0x080001b7   Thumb Code     0  startup_stm32f103xb.o(.text)
    I2C1_EV_IRQHandler                       0x080001b7   Thumb Code     0  startup_stm32f103xb.o(.text)
    I2C2_ER_IRQHandler                       0x080001b7   Thumb Code     0  startup_stm32f103xb.o(.text)
    I2C2_EV_IRQHandler                       0x080001b7   Thumb Code     0  startup_stm32f103xb.o(.text)
    PVD_IRQHandler                           0x080001b7   Thumb Code     0  startup_stm32f103xb.o(.text)
    RCC_IRQHandler                           0x080001b7   Thumb Code     0  startup_stm32f103xb.o(.text)
    RTC_Alarm_IRQHandler                     0x080001b7   Thumb Code     0  startup_stm32f103xb.o(.text)
    RTC_IRQHandler                           0x080001b7   Thumb Code     0  startup_stm32f103xb.o(.text)
    SPI1_IRQHandler                          0x080001b7   Thumb Code     0  startup_stm32f103xb.o(.text)
    SPI2_IRQHandler                          0x080001b7   Thumb Code     0  startup_stm32f103xb.o(.text)
    TAMPER_IRQHandler                        0x080001b7   Thumb Code     0  startup_stm32f103xb.o(.text)
    TIM1_BRK_IRQHandler                      0x080001b7   Thumb Code     0  startup_stm32f103xb.o(.text)
    TIM1_CC_IRQHandler                       0x080001b7   Thumb Code     0  startup_stm32f103xb.o(.text)
    TIM1_TRG_COM_IRQHandler                  0x080001b7   Thumb Code     0  startup_stm32f103xb.o(.text)
    TIM1_UP_IRQHandler                       0x080001b7   Thumb Code     0  startup_stm32f103xb.o(.text)
    TIM3_IRQHandler                          0x080001b7   Thumb Code     0  startup_stm32f103xb.o(.text)
    TIM4_IRQHandler                          0x080001b7   Thumb Code     0  startup_stm32f103xb.o(.text)
    USART3_IRQHandler                        0x080001b7   Thumb Code     0  startup_stm32f103xb.o(.text)
    USBWakeUp_IRQHandler                     0x080001b7   Thumb Code     0  startup_stm32f103xb.o(.text)
    USB_HP_CAN1_TX_IRQHandler                0x080001b7   Thumb Code     0  startup_stm32f103xb.o(.text)
    USB_LP_CAN1_RX0_IRQHandler               0x080001b7   Thumb Code     0  startup_stm32f103xb.o(.text)
    WWDG_IRQHandler                          0x080001b7   Thumb Code     0  startup_stm32f103xb.o(.text)
    __aeabi_uldivmod                         0x080001c1   Thumb Code    98  uldiv.o(.text)
    __aeabi_llsr                             0x08000223   Thumb Code    32  llushr.o(.text)
    _ll_ushift_r                             0x08000223   Thumb Code     0  llushr.o(.text)
    __aeabi_memcpy                           0x08000243   Thumb Code    36  memcpya.o(.text)
    __aeabi_memcpy4                          0x08000243   Thumb Code     0  memcpya.o(.text)
    __aeabi_memcpy8                          0x08000243   Thumb Code     0  memcpya.o(.text)
    __aeabi_memset                           0x08000267   Thumb Code    14  memseta.o(.text)
    __aeabi_memset4                          0x08000267   Thumb Code     0  memseta.o(.text)
    __aeabi_memset8                          0x08000267   Thumb Code     0  memseta.o(.text)
    __aeabi_memclr                           0x08000275   Thumb Code     4  memseta.o(.text)
    __aeabi_memclr4                          0x08000275   Thumb Code     0  memseta.o(.text)
    __aeabi_memclr8                          0x08000275   Thumb Code     0  memseta.o(.text)
    memset                                   0x08000279   Thumb Code    18  memseta.o(.text)
    __aeabi_dadd                             0x0800028b   Thumb Code   322  dadd.o(.text)
    __aeabi_dsub                             0x080003cd   Thumb Code     6  dadd.o(.text)
    __aeabi_drsub                            0x080003d3   Thumb Code     6  dadd.o(.text)
    __aeabi_dmul                             0x080003d9   Thumb Code   228  dmul.o(.text)
    __aeabi_ddiv                             0x080004bd   Thumb Code   222  ddiv.o(.text)
    __aeabi_cdrcmple                         0x0800059d   Thumb Code    48  cdrcmple.o(.text)
    __aeabi_uidiv                            0x080005cd   Thumb Code     0  uidiv.o(.text)
    __aeabi_uidivmod                         0x080005cd   Thumb Code    44  uidiv.o(.text)
    __aeabi_llsl                             0x080005f9   Thumb Code    30  llshl.o(.text)
    _ll_shift_l                              0x080005f9   Thumb Code     0  llshl.o(.text)
    __aeabi_lasr                             0x08000617   Thumb Code    36  llsshr.o(.text)
    _ll_sshift_r                             0x08000617   Thumb Code     0  llsshr.o(.text)
    __I$use$fp                               0x0800063b   Thumb Code     0  iusefp.o(.text)
    _double_round                            0x0800063b   Thumb Code    30  depilogue.o(.text)
    _double_epilogue                         0x08000659   Thumb Code   156  depilogue.o(.text)
    __aeabi_d2ulz                            0x080006f5   Thumb Code    48  dfixul.o(.text)
    __scatterload                            0x08000725   Thumb Code    28  init.o(.text)
    __scatterload_rt2                        0x08000725   Thumb Code     0  init.o(.text)
    ADC_ConversionStop_Disable               0x08000749   Thumb Code    86  stm32f1xx_hal_adc.o(i.ADC_ConversionStop_Disable)
    ADC_Enable                               0x080007a1   Thumb Code   114  stm32f1xx_hal_adc.o(i.ADC_Enable)
    BusFault_Handler                         0x0800081d   Thumb Code     2  stm32f1xx_it.o(i.BusFault_Handler)
    DMA1_Channel6_IRQHandler                 0x08000821   Thumb Code     6  stm32f1xx_it.o(i.DMA1_Channel6_IRQHandler)
    DebugMon_Handler                         0x08000857   Thumb Code     2  stm32f1xx_it.o(i.DebugMon_Handler)
    Delay_us                                 0x08000859   Thumb Code    32  delay.o(i.Delay_us)
    EnableUartIT                             0x08000879   Thumb Code    50  usart.o(i.EnableUartIT)
    Error_Handler                            0x080008b9   Thumb Code     4  main.o(i.Error_Handler)
    HAL_ADCEx_Calibration_Start              0x080008bd   Thumb Code   210  stm32f1xx_hal_adc_ex.o(i.HAL_ADCEx_Calibration_Start)
    HAL_ADC_ConfigChannel                    0x08000995   Thumb Code   240  stm32f1xx_hal_adc.o(i.HAL_ADC_ConfigChannel)
    HAL_ADC_Init                             0x08000a91   Thumb Code   272  stm32f1xx_hal_adc.o(i.HAL_ADC_Init)
    HAL_ADC_MspInit                          0x08000bad   Thumb Code    76  adc.o(i.HAL_ADC_MspInit)
    HAL_DMA_Abort                            0x08000c05   Thumb Code    70  stm32f1xx_hal_dma.o(i.HAL_DMA_Abort)
    HAL_DMA_Abort_IT                         0x08000c4d   Thumb Code   148  stm32f1xx_hal_dma.o(i.HAL_DMA_Abort_IT)
    HAL_DMA_IRQHandler                       0x08000ce5   Thumb Code   316  stm32f1xx_hal_dma.o(i.HAL_DMA_IRQHandler)
    HAL_DMA_Init                             0x08000e39   Thumb Code    84  stm32f1xx_hal_dma.o(i.HAL_DMA_Init)
    HAL_DMA_Start_IT                         0x08000e95   Thumb Code   112  stm32f1xx_hal_dma.o(i.HAL_DMA_Start_IT)
    HAL_GPIO_Init                            0x08000f05   Thumb Code   446  stm32f1xx_hal_gpio.o(i.HAL_GPIO_Init)
    HAL_GPIO_ReadPin                         0x080010e5   Thumb Code    10  stm32f1xx_hal_gpio.o(i.HAL_GPIO_ReadPin)
    HAL_GPIO_WritePin                        0x080010ef   Thumb Code    10  stm32f1xx_hal_gpio.o(i.HAL_GPIO_WritePin)
    HAL_GetTick                              0x080010f9   Thumb Code     6  stm32f1xx_hal.o(i.HAL_GetTick)
    HAL_IncTick                              0x08001105   Thumb Code    12  stm32f1xx_hal.o(i.HAL_IncTick)
    HAL_Init                                 0x08001115   Thumb Code    32  stm32f1xx_hal.o(i.HAL_Init)
    HAL_InitTick                             0x08001139   Thumb Code   134  stm32f1xx_hal_timebase_tim.o(i.HAL_InitTick)
    HAL_MspInit                              0x080011d1   Thumb Code    62  stm32f1xx_hal_msp.o(i.HAL_MspInit)
    HAL_NVIC_EnableIRQ                       0x08001219   Thumb Code    26  stm32f1xx_hal_cortex.o(i.HAL_NVIC_EnableIRQ)
    HAL_NVIC_SetPriority                     0x08001235   Thumb Code    60  stm32f1xx_hal_cortex.o(i.HAL_NVIC_SetPriority)
    HAL_NVIC_SetPriorityGrouping             0x08001275   Thumb Code    26  stm32f1xx_hal_cortex.o(i.HAL_NVIC_SetPriorityGrouping)
    HAL_RCCEx_GetPeriphCLKFreq               0x08001299   Thumb Code   148  stm32f1xx_hal_rcc_ex.o(i.HAL_RCCEx_GetPeriphCLKFreq)
    HAL_RCCEx_PeriphCLKConfig                0x0800133d   Thumb Code   224  stm32f1xx_hal_rcc_ex.o(i.HAL_RCCEx_PeriphCLKConfig)
    HAL_RCC_ClockConfig                      0x08001429   Thumb Code   280  stm32f1xx_hal_rcc.o(i.HAL_RCC_ClockConfig)
    HAL_RCC_GetClockConfig                   0x08001555   Thumb Code    54  stm32f1xx_hal_rcc.o(i.HAL_RCC_GetClockConfig)
    HAL_RCC_GetPCLK1Freq                     0x08001595   Thumb Code    20  stm32f1xx_hal_rcc.o(i.HAL_RCC_GetPCLK1Freq)
    HAL_RCC_GetPCLK2Freq                     0x080015b5   Thumb Code    20  stm32f1xx_hal_rcc.o(i.HAL_RCC_GetPCLK2Freq)
    HAL_RCC_GetSysClockFreq                  0x080015d5   Thumb Code    58  stm32f1xx_hal_rcc.o(i.HAL_RCC_GetSysClockFreq)
    HAL_RCC_OscConfig                        0x08001621   Thumb Code   778  stm32f1xx_hal_rcc.o(i.HAL_RCC_OscConfig)
    HAL_TIMEx_BreakCallback                  0x08001941   Thumb Code     2  stm32f1xx_hal_tim_ex.o(i.HAL_TIMEx_BreakCallback)
    HAL_TIMEx_CommutCallback                 0x08001943   Thumb Code     2  stm32f1xx_hal_tim_ex.o(i.HAL_TIMEx_CommutCallback)
    HAL_TIM_Base_Init                        0x08001945   Thumb Code    90  stm32f1xx_hal_tim.o(i.HAL_TIM_Base_Init)
    HAL_TIM_Base_MspInit                     0x0800199f   Thumb Code     2  stm32f1xx_hal_tim.o(i.HAL_TIM_Base_MspInit)
    HAL_TIM_Base_Start_IT                    0x080019a1   Thumb Code    76  stm32f1xx_hal_tim.o(i.HAL_TIM_Base_Start_IT)
    HAL_TIM_IC_CaptureCallback               0x080019f9   Thumb Code     2  stm32f1xx_hal_tim.o(i.HAL_TIM_IC_CaptureCallback)
    HAL_TIM_IRQHandler                       0x080019fb   Thumb Code   358  stm32f1xx_hal_tim.o(i.HAL_TIM_IRQHandler)
    HAL_TIM_OC_DelayElapsedCallback          0x08001b61   Thumb Code     2  stm32f1xx_hal_tim.o(i.HAL_TIM_OC_DelayElapsedCallback)
    HAL_TIM_PWM_PulseFinishedCallback        0x08001b63   Thumb Code     2  stm32f1xx_hal_tim.o(i.HAL_TIM_PWM_PulseFinishedCallback)
    HAL_TIM_PeriodElapsedCallback            0x08001b65   Thumb Code    14  main.o(i.HAL_TIM_PeriodElapsedCallback)
    HAL_TIM_TriggerCallback                  0x08001b73   Thumb Code     2  stm32f1xx_hal_tim.o(i.HAL_TIM_TriggerCallback)
    HAL_UARTEx_RxEventCallback               0x08001b75   Thumb Code     2  stm32f1xx_hal_uart.o(i.HAL_UARTEx_RxEventCallback)
    HAL_UART_DMAStop                         0x08001b77   Thumb Code   112  stm32f1xx_hal_uart.o(i.HAL_UART_DMAStop)
    HAL_UART_ErrorCallback                   0x08001be7   Thumb Code     2  stm32f1xx_hal_uart.o(i.HAL_UART_ErrorCallback)
    HAL_UART_IRQHandler                      0x08001be9   Thumb Code   616  stm32f1xx_hal_uart.o(i.HAL_UART_IRQHandler)
    HAL_UART_Init                            0x08001e55   Thumb Code   100  stm32f1xx_hal_uart.o(i.HAL_UART_Init)
    HAL_UART_MspInit                         0x08001eb9   Thumb Code   238  usart.o(i.HAL_UART_MspInit)
    HAL_UART_Receive_DMA                     0x08001fc1   Thumb Code    28  stm32f1xx_hal_uart.o(i.HAL_UART_Receive_DMA)
    HAL_UART_Receive_IT                      0x08001fdd   Thumb Code    28  stm32f1xx_hal_uart.o(i.HAL_UART_Receive_IT)
    HAL_UART_RxCpltCallback                  0x08001ff9   Thumb Code   166  usart.o(i.HAL_UART_RxCpltCallback)
    HAL_UART_RxHalfCpltCallback              0x080020d1   Thumb Code     2  stm32f1xx_hal_uart.o(i.HAL_UART_RxHalfCpltCallback)
    HAL_UART_Transmit                        0x080020d3   Thumb Code   154  stm32f1xx_hal_uart.o(i.HAL_UART_Transmit)
    HAL_UART_TxCpltCallback                  0x0800216d   Thumb Code     2  stm32f1xx_hal_uart.o(i.HAL_UART_TxCpltCallback)
    HardFault_Handler                        0x0800216f   Thumb Code     2  stm32f1xx_it.o(i.HardFault_Handler)
    M1_Forward                               0x08002171   Thumb Code    18  l298n.o(i.M1_Forward)
    M1_Stop                                  0x08002183   Thumb Code    18  l298n.o(i.M1_Stop)
    M2_Forward                               0x08002195   Thumb Code    18  l298n.o(i.M2_Forward)
    M2_Stop                                  0x080021a7   Thumb Code    18  l298n.o(i.M2_Stop)
    MX_ADC1_Init                             0x080021b9   Thumb Code   154  adc.o(i.MX_ADC1_Init)
    MX_DMA_Init                              0x0800225d   Thumb Code    40  dma.o(i.MX_DMA_Init)
    MX_GPIO_Init                             0x08002289   Thumb Code   218  gpio.o(i.MX_GPIO_Init)
    MX_USART1_UART_Init                      0x08002371   Thumb Code    48  usart.o(i.MX_USART1_UART_Init)
    MX_USART2_UART_Init                      0x080023a9   Thumb Code    48  usart.o(i.MX_USART2_UART_Init)
    MemManage_Handler                        0x080023e1   Thumb Code     2  stm32f1xx_it.o(i.MemManage_Handler)
    Motor_show                               0x080023e5   Thumb Code    86  main.o(i.Motor_show)
    NMI_Handler                              0x08002441   Thumb Code     2  stm32f1xx_it.o(i.NMI_Handler)
    NRF24L01_Init                            0x08002445   Thumb Code    94  nrf24l01.o(i.NRF24L01_Init)
    OLED_Clear                               0x080024a9   Thumb Code    38  oled.o(i.OLED_Clear)
    OLED_I2C_Init                            0x080024d1   Thumb Code    28  oled.o(i.OLED_I2C_Init)
    OLED_I2C_SendByte                        0x080024f1   Thumb Code    86  oled.o(i.OLED_I2C_SendByte)
    OLED_I2C_Start                           0x0800254d   Thumb Code    52  oled.o(i.OLED_I2C_Start)
    OLED_I2C_Stop                            0x08002585   Thumb Code    42  oled.o(i.OLED_I2C_Stop)
    OLED_Init                                0x080025b5   Thumb Code   172  oled.o(i.OLED_Init)
    OLED_SetCursor                           0x08002661   Thumb Code    34  oled.o(i.OLED_SetCursor)
    OLED_WriteCommand                        0x08002683   Thumb Code    34  oled.o(i.OLED_WriteCommand)
    OLED_WriteData                           0x080026a5   Thumb Code    34  oled.o(i.OLED_WriteData)
    R_Buf                                    0x080026c7   Thumb Code    50  nrf24l01.o(i.R_Buf)
    R_IRQ                                    0x080026f9   Thumb Code     8  nrf24l01.o(i.R_IRQ)
    R_MISO                                   0x08002705   Thumb Code     8  nrf24l01.o(i.R_MISO)
    R_Reg                                    0x08002711   Thumb Code    34  nrf24l01.o(i.R_Reg)
    Reveive                                  0x08002733   Thumb Code    54  nrf24l01.o(i.Reveive)
    SPI_SwapByte                             0x08002769   Thumb Code    64  nrf24l01.o(i.SPI_SwapByte)
    SysTick_Handler                          0x080027a9   Thumb Code    38  port.o(i.SysTick_Handler)
    SystemClock_Config                       0x080027d5   Thumb Code   120  main.o(i.SystemClock_Config)
    SystemInit                               0x0800284d   Thumb Code     2  system_stm32f1xx.o(i.SystemInit)
    TIM2_IRQHandler                          0x08002851   Thumb Code     6  stm32f1xx_it.o(i.TIM2_IRQHandler)
    TIM_Base_SetConfig                       0x0800285d   Thumb Code    94  stm32f1xx_hal_tim.o(i.TIM_Base_SetConfig)
    UART_Start_Receive_DMA                   0x08002bad   Thumb Code   130  stm32f1xx_hal_uart.o(i.UART_Start_Receive_DMA)
    UART_Start_Receive_IT                    0x08002c3d   Thumb Code    54  stm32f1xx_hal_uart.o(i.UART_Start_Receive_IT)
    USART1_IRQHandler                        0x08002ced   Thumb Code     6  stm32f1xx_it.o(i.USART1_IRQHandler)
    USART2_IRQHandler                        0x08002cf9   Thumb Code    74  stm32f1xx_it.o(i.USART2_IRQHandler)
    UsageFault_Handler                       0x08002d51   Thumb Code     2  stm32f1xx_it.o(i.UsageFault_Handler)
    W_Buf                                    0x08002d53   Thumb Code    48  nrf24l01.o(i.W_Buf)
    W_CE                                     0x08002d85   Thumb Code    10  nrf24l01.o(i.W_CE)
    W_CSN                                    0x08002d95   Thumb Code    10  nrf24l01.o(i.W_CSN)
    W_IN1                                    0x08002da5   Thumb Code    12  l298n.o(i.W_IN1)
    W_IN2                                    0x08002db5   Thumb Code    12  l298n.o(i.W_IN2)
    W_IN3                                    0x08002dc5   Thumb Code    12  l298n.o(i.W_IN3)
    W_IN4                                    0x08002dd5   Thumb Code    12  l298n.o(i.W_IN4)
    W_MOSI                                   0x08002de5   Thumb Code    12  nrf24l01.o(i.W_MOSI)
    W_Reg                                    0x08002df5   Thumb Code    34  nrf24l01.o(i.W_Reg)
    W_SCK                                    0x08002e19   Thumb Code    10  nrf24l01.o(i.W_SCK)
    __0printf                                0x08002e29   Thumb Code    22  printfa.o(i.__0printf)
    __1printf                                0x08002e29   Thumb Code     0  printfa.o(i.__0printf)
    __2printf                                0x08002e29   Thumb Code     0  printfa.o(i.__0printf)
    __c89printf                              0x08002e29   Thumb Code     0  printfa.o(i.__0printf)
    printf                                   0x08002e29   Thumb Code     0  printfa.o(i.__0printf)
    __scatterload_copy                       0x08002e69   Thumb Code    14  handlers.o(i.__scatterload_copy)
    __scatterload_null                       0x08002e77   Thumb Code     2  handlers.o(i.__scatterload_null)
    __scatterload_zeroinit                   0x08002e79   Thumb Code    14  handlers.o(i.__scatterload_zeroinit)
    fputc                                    0x08003715   Thumb Code    20  main.o(i.fputc)
    main                                     0x0800372d   Thumb Code    74  main.o(i.main)
    printf_show                              0x0800378d   Thumb Code    76  main.o(i.printf_show)
    uxListRemove                             0x08003829   Thumb Code    38  list.o(i.uxListRemove)
    vListInsertEnd                           0x0800384f   Thumb Code    24  list.o(i.vListInsertEnd)
    vTaskSwitchContext                       0x08003869   Thumb Code    90  tasks.o(i.vTaskSwitchContext)
    xTaskIncrementTick                       0x080038cd   Thumb Code   190  tasks.o(i.xTaskIncrementTick)
    AHBPrescTable                            0x080039b8   Data          16  system_stm32f1xx.o(.constdata)
    APBPrescTable                            0x080039c8   Data           8  system_stm32f1xx.o(.constdata)
    Region$$Table$$Base                      0x080039d0   Number         0  anon$$obj.o(Region$$Table)
    Region$$Table$$Limit                     0x080039f0   Number         0  anon$$obj.o(Region$$Table)
    T_ADD                                    0x20000000   Data           5  nrf24l01.o(.data)
    Uart1Rx                                  0x20000005   Data           1  usart.o(.data)
    Uart1_Rx_Cnt                             0x20000006   Data           1  usart.o(.data)
    uwTickFreq                               0x20000008   Data           1  stm32f1xx_hal.o(.data)
    uwTickPrio                               0x2000000c   Data           4  stm32f1xx_hal.o(.data)
    uwTick                                   0x20000010   Data           4  stm32f1xx_hal.o(.data)
    SystemCoreClock                          0x20000014   Data           4  system_stm32f1xx.o(.data)
    pxCurrentTCB                             0x20000018   Data           4  tasks.o(.data)
    __stdout                                 0x20000054   Data           4  stdout.o(.data)
    Buf                                      0x20000058   Data          32  main.o(.bss)
    hadc1                                    0x20000078   Data          48  adc.o(.bss)
    Uart1Rxbuff                              0x200000a8   Data         256  usart.o(.bss)
    Usart2type                               0x200001a8   Data         362  usart.o(.bss)
    huart1                                   0x20000314   Data          72  usart.o(.bss)
    huart2                                   0x2000035c   Data          72  usart.o(.bss)
    hdma_usart2_rx                           0x200003a4   Data          68  usart.o(.bss)
    htim2                                    0x200003e8   Data          72  stm32f1xx_hal_timebase_tim.o(.bss)
    __initial_sp                             0x20000cf8   Data           0  startup_stm32f103xb.o(STACK)



==============================================================================

Memory Map of the image

  Image Entry point : 0x080000ed

  Load Region LR_IROM1 (Base: 0x08000000, Size: 0x00003a48, Max: 0x00010000, ABSOLUTE)

    Execution Region ER_IROM1 (Base: 0x08000000, Size: 0x000039f0, Max: 0x00010000, ABSOLUTE)

    Base Addr    Size         Type   Attr      Idx    E Section Name        Object

    0x08000000   0x000000ec   Data   RO            3    RESET               startup_stm32f103xb.o
    0x080000ec   0x00000000   Code   RO         6230  * .ARM.Collect$$$$00000000  mc_w.l(entry.o)
    0x080000ec   0x00000004   Code   RO         6586    .ARM.Collect$$$$00000001  mc_w.l(entry2.o)
    0x080000f0   0x00000004   Code   RO         6589    .ARM.Collect$$$$00000004  mc_w.l(entry5.o)
    0x080000f4   0x00000000   Code   RO         6591    .ARM.Collect$$$$00000008  mc_w.l(entry7b.o)
    0x080000f4   0x00000000   Code   RO         6593    .ARM.Collect$$$$0000000A  mc_w.l(entry8b.o)
    0x080000f4   0x00000008   Code   RO         6594    .ARM.Collect$$$$0000000B  mc_w.l(entry9a.o)
    0x080000fc   0x00000004   Code   RO         6601    .ARM.Collect$$$$0000000E  mc_w.l(entry12b.o)
    0x08000100   0x00000000   Code   RO         6596    .ARM.Collect$$$$0000000F  mc_w.l(entry10a.o)
    0x08000100   0x00000000   Code   RO         6598    .ARM.Collect$$$$00000011  mc_w.l(entry11a.o)
    0x08000100   0x00000004   Code   RO         6587    .ARM.Collect$$$$00002712  mc_w.l(entry2.o)
    0x08000104   0x00000096   Code   RO         6149    .emb_text           port.o
    0x0800019a   0x00000002   PAD
    0x0800019c   0x00000024   Code   RO            4    .text               startup_stm32f103xb.o
    0x080001c0   0x00000062   Code   RO         6233    .text               mc_w.l(uldiv.o)
    0x08000222   0x00000020   Code   RO         6235    .text               mc_w.l(llushr.o)
    0x08000242   0x00000024   Code   RO         6239    .text               mc_w.l(memcpya.o)
    0x08000266   0x00000024   Code   RO         6243    .text               mc_w.l(memseta.o)
    0x0800028a   0x0000014e   Code   RO         6560    .text               mf_w.l(dadd.o)
    0x080003d8   0x000000e4   Code   RO         6562    .text               mf_w.l(dmul.o)
    0x080004bc   0x000000de   Code   RO         6564    .text               mf_w.l(ddiv.o)
    0x0800059a   0x00000002   PAD
    0x0800059c   0x00000030   Code   RO         6582    .text               mf_w.l(cdrcmple.o)
    0x080005cc   0x0000002c   Code   RO         6603    .text               mc_w.l(uidiv.o)
    0x080005f8   0x0000001e   Code   RO         6605    .text               mc_w.l(llshl.o)
    0x08000616   0x00000024   Code   RO         6607    .text               mc_w.l(llsshr.o)
    0x0800063a   0x00000000   Code   RO         6617    .text               mc_w.l(iusefp.o)
    0x0800063a   0x000000ba   Code   RO         6620    .text               mf_w.l(depilogue.o)
    0x080006f4   0x00000030   Code   RO         6624    .text               mf_w.l(dfixul.o)
    0x08000724   0x00000024   Code   RO         6626    .text               mc_w.l(init.o)
    0x08000748   0x00000056   Code   RO         1992    i.ADC_ConversionStop_Disable  stm32f1xx_hal_adc.o
    0x0800079e   0x00000002   PAD
    0x080007a0   0x0000007c   Code   RO         1996    i.ADC_Enable        stm32f1xx_hal_adc.o
    0x0800081c   0x00000002   Code   RO         1774    i.BusFault_Handler  stm32f1xx_it.o
    0x0800081e   0x00000002   PAD
    0x08000820   0x0000000c   Code   RO         1775    i.DMA1_Channel6_IRQHandler  stm32f1xx_it.o
    0x0800082c   0x0000002a   Code   RO         2648    i.DMA_SetConfig     stm32f1xx_hal_dma.o
    0x08000856   0x00000002   Code   RO         1776    i.DebugMon_Handler  stm32f1xx_it.o
    0x08000858   0x00000020   Code   RO          930    i.Delay_us          delay.o
    0x08000878   0x00000040   Code   RO         1712    i.EnableUartIT      usart.o
    0x080008b8   0x00000004   Code   RO         1464    i.Error_Handler     main.o
    0x080008bc   0x000000d8   Code   RO         2172    i.HAL_ADCEx_Calibration_Start  stm32f1xx_hal_adc_ex.o
    0x08000994   0x000000fc   Code   RO         1998    i.HAL_ADC_ConfigChannel  stm32f1xx_hal_adc.o
    0x08000a90   0x0000011c   Code   RO         2007    i.HAL_ADC_Init      stm32f1xx_hal_adc.o
    0x08000bac   0x00000058   Code   RO         1647    i.HAL_ADC_MspInit   adc.o
    0x08000c04   0x00000046   Code   RO         2649    i.HAL_DMA_Abort     stm32f1xx_hal_dma.o
    0x08000c4a   0x00000002   PAD
    0x08000c4c   0x00000098   Code   RO         2650    i.HAL_DMA_Abort_IT  stm32f1xx_hal_dma.o
    0x08000ce4   0x00000154   Code   RO         2654    i.HAL_DMA_IRQHandler  stm32f1xx_hal_dma.o
    0x08000e38   0x0000005c   Code   RO         2655    i.HAL_DMA_Init      stm32f1xx_hal_dma.o
    0x08000e94   0x00000070   Code   RO         2659    i.HAL_DMA_Start_IT  stm32f1xx_hal_dma.o
    0x08000f04   0x000001e0   Code   RO         2585    i.HAL_GPIO_Init     stm32f1xx_hal_gpio.o
    0x080010e4   0x0000000a   Code   RO         2587    i.HAL_GPIO_ReadPin  stm32f1xx_hal_gpio.o
    0x080010ee   0x0000000a   Code   RO         2589    i.HAL_GPIO_WritePin  stm32f1xx_hal_gpio.o
    0x080010f8   0x0000000c   Code   RO         2279    i.HAL_GetTick       stm32f1xx_hal.o
    0x08001104   0x00000010   Code   RO         2285    i.HAL_IncTick       stm32f1xx_hal.o
    0x08001114   0x00000024   Code   RO         2286    i.HAL_Init          stm32f1xx_hal.o
    0x08001138   0x00000098   Code   RO         1880    i.HAL_InitTick      stm32f1xx_hal_timebase_tim.o
    0x080011d0   0x00000048   Code   RO         1856    i.HAL_MspInit       stm32f1xx_hal_msp.o
    0x08001218   0x0000001a   Code   RO         2745    i.HAL_NVIC_EnableIRQ  stm32f1xx_hal_cortex.o
    0x08001232   0x00000002   PAD
    0x08001234   0x00000040   Code   RO         2751    i.HAL_NVIC_SetPriority  stm32f1xx_hal_cortex.o
    0x08001274   0x00000024   Code   RO         2752    i.HAL_NVIC_SetPriorityGrouping  stm32f1xx_hal_cortex.o
    0x08001298   0x000000a4   Code   RO         2546    i.HAL_RCCEx_GetPeriphCLKFreq  stm32f1xx_hal_rcc_ex.o
    0x0800133c   0x000000ec   Code   RO         2547    i.HAL_RCCEx_PeriphCLKConfig  stm32f1xx_hal_rcc_ex.o
    0x08001428   0x0000012c   Code   RO         2443    i.HAL_RCC_ClockConfig  stm32f1xx_hal_rcc.o
    0x08001554   0x00000040   Code   RO         2447    i.HAL_RCC_GetClockConfig  stm32f1xx_hal_rcc.o
    0x08001594   0x00000020   Code   RO         2450    i.HAL_RCC_GetPCLK1Freq  stm32f1xx_hal_rcc.o
    0x080015b4   0x00000020   Code   RO         2451    i.HAL_RCC_GetPCLK2Freq  stm32f1xx_hal_rcc.o
    0x080015d4   0x0000004c   Code   RO         2452    i.HAL_RCC_GetSysClockFreq  stm32f1xx_hal_rcc.o
    0x08001620   0x00000320   Code   RO         2455    i.HAL_RCC_OscConfig  stm32f1xx_hal_rcc.o
    0x08001940   0x00000002   Code   RO         3951    i.HAL_TIMEx_BreakCallback  stm32f1xx_hal_tim_ex.o
    0x08001942   0x00000002   Code   RO         3952    i.HAL_TIMEx_CommutCallback  stm32f1xx_hal_tim_ex.o
    0x08001944   0x0000005a   Code   RO         3247    i.HAL_TIM_Base_Init  stm32f1xx_hal_tim.o
    0x0800199e   0x00000002   Code   RO         3249    i.HAL_TIM_Base_MspInit  stm32f1xx_hal_tim.o
    0x080019a0   0x00000058   Code   RO         3252    i.HAL_TIM_Base_Start_IT  stm32f1xx_hal_tim.o
    0x080019f8   0x00000002   Code   RO         3281    i.HAL_TIM_IC_CaptureCallback  stm32f1xx_hal_tim.o
    0x080019fa   0x00000166   Code   RO         3295    i.HAL_TIM_IRQHandler  stm32f1xx_hal_tim.o
    0x08001b60   0x00000002   Code   RO         3298    i.HAL_TIM_OC_DelayElapsedCallback  stm32f1xx_hal_tim.o
    0x08001b62   0x00000002   Code   RO         3325    i.HAL_TIM_PWM_PulseFinishedCallback  stm32f1xx_hal_tim.o
    0x08001b64   0x0000000e   Code   RO         1465    i.HAL_TIM_PeriodElapsedCallback  main.o
    0x08001b72   0x00000002   Code   RO         3338    i.HAL_TIM_TriggerCallback  stm32f1xx_hal_tim.o
    0x08001b74   0x00000002   Code   RO         4230    i.HAL_UARTEx_RxEventCallback  stm32f1xx_hal_uart.o
    0x08001b76   0x00000070   Code   RO         4242    i.HAL_UART_DMAStop  stm32f1xx_hal_uart.o
    0x08001be6   0x00000002   Code   RO         4244    i.HAL_UART_ErrorCallback  stm32f1xx_hal_uart.o
    0x08001be8   0x0000026c   Code   RO         4247    i.HAL_UART_IRQHandler  stm32f1xx_hal_uart.o
    0x08001e54   0x00000064   Code   RO         4248    i.HAL_UART_Init     stm32f1xx_hal_uart.o
    0x08001eb8   0x00000108   Code   RO         1714    i.HAL_UART_MspInit  usart.o
    0x08001fc0   0x0000001c   Code   RO         4252    i.HAL_UART_Receive_DMA  stm32f1xx_hal_uart.o
    0x08001fdc   0x0000001c   Code   RO         4253    i.HAL_UART_Receive_IT  stm32f1xx_hal_uart.o
    0x08001ff8   0x000000d8   Code   RO         1715    i.HAL_UART_RxCpltCallback  usart.o
    0x080020d0   0x00000002   Code   RO         4255    i.HAL_UART_RxHalfCpltCallback  stm32f1xx_hal_uart.o
    0x080020d2   0x0000009a   Code   RO         4256    i.HAL_UART_Transmit  stm32f1xx_hal_uart.o
    0x0800216c   0x00000002   Code   RO         4259    i.HAL_UART_TxCpltCallback  stm32f1xx_hal_uart.o
    0x0800216e   0x00000002   Code   RO         1777    i.HardFault_Handler  stm32f1xx_it.o
    0x08002170   0x00000012   Code   RO         1401    i.M1_Forward        l298n.o
    0x08002182   0x00000012   Code   RO         1402    i.M1_Stop           l298n.o
    0x08002194   0x00000012   Code   RO         1403    i.M2_Forward        l298n.o
    0x080021a6   0x00000012   Code   RO         1404    i.M2_Stop           l298n.o
    0x080021b8   0x000000a4   Code   RO         1648    i.MX_ADC1_Init      adc.o
    0x0800225c   0x0000002c   Code   RO         1688    i.MX_DMA_Init       dma.o
    0x08002288   0x000000e8   Code   RO         1555    i.MX_GPIO_Init      gpio.o
    0x08002370   0x00000038   Code   RO         1716    i.MX_USART1_UART_Init  usart.o
    0x080023a8   0x00000038   Code   RO         1717    i.MX_USART2_UART_Init  usart.o
    0x080023e0   0x00000002   Code   RO         1778    i.MemManage_Handler  stm32f1xx_it.o
    0x080023e2   0x00000002   PAD
    0x080023e4   0x0000005c   Code   RO         1466    i.Motor_show        main.o
    0x08002440   0x00000002   Code   RO         1779    i.NMI_Handler       stm32f1xx_it.o
    0x08002442   0x00000002   PAD
    0x08002444   0x00000064   Code   RO         1299    i.NRF24L01_Init     nrf24l01.o
    0x080024a8   0x00000026   Code   RO           13    i.OLED_Clear        oled.o
    0x080024ce   0x00000002   PAD
    0x080024d0   0x00000020   Code   RO           14    i.OLED_I2C_Init     oled.o
    0x080024f0   0x0000005c   Code   RO           15    i.OLED_I2C_SendByte  oled.o
    0x0800254c   0x00000038   Code   RO           16    i.OLED_I2C_Start    oled.o
    0x08002584   0x00000030   Code   RO           17    i.OLED_I2C_Stop     oled.o
    0x080025b4   0x000000ac   Code   RO           18    i.OLED_Init         oled.o
    0x08002660   0x00000022   Code   RO           20    i.OLED_SetCursor    oled.o
    0x08002682   0x00000022   Code   RO           27    i.OLED_WriteCommand  oled.o
    0x080026a4   0x00000022   Code   RO           28    i.OLED_WriteData    oled.o
    0x080026c6   0x00000032   Code   RO         1300    i.R_Buf             nrf24l01.o
    0x080026f8   0x0000000c   Code   RO         1301    i.R_IRQ             nrf24l01.o
    0x08002704   0x0000000c   Code   RO         1302    i.R_MISO            nrf24l01.o
    0x08002710   0x00000022   Code   RO         1303    i.R_Reg             nrf24l01.o
    0x08002732   0x00000036   Code   RO         1304    i.Reveive           nrf24l01.o
    0x08002768   0x00000040   Code   RO         1305    i.SPI_SwapByte      nrf24l01.o
    0x080027a8   0x0000002c   Code   RO         6150    i.SysTick_Handler   port.o
    0x080027d4   0x00000078   Code   RO         1467    i.SystemClock_Config  main.o
    0x0800284c   0x00000002   Code   RO         4582    i.SystemInit        system_stm32f1xx.o
    0x0800284e   0x00000002   PAD
    0x08002850   0x0000000c   Code   RO         1780    i.TIM2_IRQHandler   stm32f1xx_it.o
    0x0800285c   0x0000006c   Code   RO         3340    i.TIM_Base_SetConfig  stm32f1xx_hal_tim.o
    0x080028c8   0x00000010   Code   RO         4261    i.UART_DMAAbortOnError  stm32f1xx_hal_uart.o
    0x080028d8   0x0000004a   Code   RO         4262    i.UART_DMAError     stm32f1xx_hal_uart.o
    0x08002922   0x00000086   Code   RO         4263    i.UART_DMAReceiveCplt  stm32f1xx_hal_uart.o
    0x080029a8   0x0000001e   Code   RO         4265    i.UART_DMARxHalfCplt  stm32f1xx_hal_uart.o
    0x080029c6   0x0000004e   Code   RO         4271    i.UART_EndRxTransfer  stm32f1xx_hal_uart.o
    0x08002a14   0x0000001c   Code   RO         4272    i.UART_EndTxTransfer  stm32f1xx_hal_uart.o
    0x08002a30   0x000000c2   Code   RO         4273    i.UART_Receive_IT   stm32f1xx_hal_uart.o
    0x08002af2   0x00000002   PAD
    0x08002af4   0x000000b8   Code   RO         4274    i.UART_SetConfig    stm32f1xx_hal_uart.o
    0x08002bac   0x00000090   Code   RO         4275    i.UART_Start_Receive_DMA  stm32f1xx_hal_uart.o
    0x08002c3c   0x00000036   Code   RO         4276    i.UART_Start_Receive_IT  stm32f1xx_hal_uart.o
    0x08002c72   0x00000078   Code   RO         4277    i.UART_WaitOnFlagUntilTimeout  stm32f1xx_hal_uart.o
    0x08002cea   0x00000002   PAD
    0x08002cec   0x0000000c   Code   RO         1781    i.USART1_IRQHandler  stm32f1xx_it.o
    0x08002cf8   0x00000058   Code   RO         1782    i.USART2_IRQHandler  stm32f1xx_it.o
    0x08002d50   0x00000002   Code   RO         1783    i.UsageFault_Handler  stm32f1xx_it.o
    0x08002d52   0x00000030   Code   RO         1307    i.W_Buf             nrf24l01.o
    0x08002d82   0x00000002   PAD
    0x08002d84   0x00000010   Code   RO         1308    i.W_CE              nrf24l01.o
    0x08002d94   0x00000010   Code   RO         1309    i.W_CSN             nrf24l01.o
    0x08002da4   0x00000010   Code   RO         1405    i.W_IN1             l298n.o
    0x08002db4   0x00000010   Code   RO         1406    i.W_IN2             l298n.o
    0x08002dc4   0x00000010   Code   RO         1407    i.W_IN3             l298n.o
    0x08002dd4   0x00000010   Code   RO         1408    i.W_IN4             l298n.o
    0x08002de4   0x00000010   Code   RO         1310    i.W_MOSI            nrf24l01.o
    0x08002df4   0x00000022   Code   RO         1311    i.W_Reg             nrf24l01.o
    0x08002e16   0x00000002   PAD
    0x08002e18   0x00000010   Code   RO         1312    i.W_SCK             nrf24l01.o
    0x08002e28   0x00000020   Code   RO         6490    i.__0printf         mc_w.l(printfa.o)
    0x08002e48   0x00000020   Code   RO         2758    i.__NVIC_SetPriority  stm32f1xx_hal_cortex.o
    0x08002e68   0x0000000e   Code   RO         6637    i.__scatterload_copy  mc_w.l(handlers.o)
    0x08002e76   0x00000002   Code   RO         6638    i.__scatterload_null  mc_w.l(handlers.o)
    0x08002e78   0x0000000e   Code   RO         6639    i.__scatterload_zeroinit  mc_w.l(handlers.o)
    0x08002e86   0x00000002   PAD
    0x08002e88   0x00000184   Code   RO         6497    i._fp_digits        mc_w.l(printfa.o)
    0x0800300c   0x000006b4   Code   RO         6498    i._printf_core      mc_w.l(printfa.o)
    0x080036c0   0x00000024   Code   RO         6499    i._printf_post_padding  mc_w.l(printfa.o)
    0x080036e4   0x0000002e   Code   RO         6500    i._printf_pre_padding  mc_w.l(printfa.o)
    0x08003712   0x00000002   PAD
    0x08003714   0x00000018   Code   RO         1468    i.fputc             main.o
    0x0800372c   0x00000060   Code   RO         1469    i.main              main.o
    0x0800378c   0x0000007c   Code   RO         1470    i.printf_show       main.o
    0x08003808   0x00000020   Code   RO         5184    i.prvResetNextTaskUnblockTime  tasks.o
    0x08003828   0x00000026   Code   RO         4747    i.uxListRemove      list.o
    0x0800384e   0x00000018   Code   RO         4751    i.vListInsertEnd    list.o
    0x08003866   0x00000002   PAD
    0x08003868   0x00000064   Code   RO         5216    i.vTaskSwitchContext  tasks.o
    0x080038cc   0x000000c8   Code   RO         5226    i.xTaskIncrementTick  tasks.o
    0x08003994   0x00000012   Data   RO         2456    .constdata          stm32f1xx_hal_rcc.o
    0x080039a6   0x00000012   Data   RO         2548    .constdata          stm32f1xx_hal_rcc_ex.o
    0x080039b8   0x00000010   Data   RO         4583    .constdata          system_stm32f1xx.o
    0x080039c8   0x00000008   Data   RO         4584    .constdata          system_stm32f1xx.o
    0x080039d0   0x00000020   Data   RO         6635    Region$$Table       anon$$obj.o


    Execution Region RW_IRAM1 (Base: 0x20000000, Size: 0x00000cf8, Max: 0x00005000, ABSOLUTE)

    Base Addr    Size         Type   Attr      Idx    E Section Name        Object

    0x20000000   0x00000005   Data   RW         1313    .data               nrf24l01.o
    0x20000005   0x00000002   Data   RW         1719    .data               usart.o
    0x20000007   0x00000001   PAD
    0x20000008   0x0000000c   Data   RW         2293    .data               stm32f1xx_hal.o
    0x20000014   0x00000004   Data   RW         4585    .data               system_stm32f1xx.o
    0x20000018   0x0000003c   Data   RW         5235    .data               tasks.o
    0x20000054   0x00000004   Data   RW         6602    .data               mc_w.l(stdout.o)
    0x20000058   0x00000020   Zero   RW         1471    .bss                main.o
    0x20000078   0x00000030   Zero   RW         1649    .bss                adc.o
    0x200000a8   0x00000340   Zero   RW         1718    .bss                usart.o
    0x200003e8   0x00000048   Zero   RW         1883    .bss                stm32f1xx_hal_timebase_tim.o
    0x20000430   0x000004c4   Zero   RW         5234    .bss                tasks.o
    0x200008f4   0x00000004   PAD
    0x200008f8   0x00000400   Zero   RW            1    STACK               startup_stm32f103xb.o


==============================================================================

Image component sizes


      Code (inc. data)   RO Data    RW Data    ZI Data      Debug   Object Name

       252         22          0          0         48       1761   adc.o
        32          0          0          0          0        848   delay.o
        44          4          0          0          0        778   dma.o
         0          0          0          0          0      17748   event_groups.o
       232         14          0          0          0       1023   gpio.o
       136         16          0          0          0       3876   l298n.o
        62          0          0          0          0       1676   list.o
       474         80          0          0         32       4781   main.o
         0          0          0          0          0       9980   nbiotdriver.o
       472         36          0          5          0       7402   nrf24l01.o
       540         20          0          0          0     452859   oled.o
       194         18          0          0          0       3554   port.o
        36          8        236          0       1024        808   startup_stm32f103xb.o
        64         14          0         12          0       4702   stm32f1xx_hal.o
       746         34          0          0          0       4121   stm32f1xx_hal_adc.o
       216          6          0          0          0       1454   stm32f1xx_hal_adc_ex.o
       158         14          0          0          0      28242   stm32f1xx_hal_cortex.o
       808         36          0          0          0       5062   stm32f1xx_hal_dma.o
       500         34          0          0          0       3559   stm32f1xx_hal_gpio.o
        72         10          0          0          0        890   stm32f1xx_hal_msp.o
      1304         94         18          0          0       5821   stm32f1xx_hal_rcc.o
       400         28         18          0          0       2501   stm32f1xx_hal_rcc_ex.o
       654         26          0          0          0       7180   stm32f1xx_hal_tim.o
         4          0          0          0          0       1617   stm32f1xx_hal_tim_ex.o
       152         18          0          0         72       1511   stm32f1xx_hal_timebase_tim.o
      2106         24          0          0          0      16373   stm32f1xx_hal_uart.o
       136         32          0          0          0       5013   stm32f1xx_it.o
         2          0         24          4          0       1151   system_stm32f1xx.o
       332         26          0         60       1220       6920   tasks.o
       656        106          0          2        832       4475   usart.o

    ----------------------------------------------------------------------
     10812        720        328         84       3232     607686   Object Totals
         0          0         32          0          0          0   (incl. Generated)
        28          0          0          1          4          0   (incl. Padding)

    ----------------------------------------------------------------------

      Code (inc. data)   RO Data    RW Data    ZI Data      Debug   Library Member Name

         0          0          0          0          0          0   entry.o
         0          0          0          0          0          0   entry10a.o
         0          0          0          0          0          0   entry11a.o
         4          0          0          0          0          0   entry12b.o
         8          4          0          0          0          0   entry2.o
         4          0          0          0          0          0   entry5.o
         0          0          0          0          0          0   entry7b.o
         0          0          0          0          0          0   entry8b.o
         8          4          0          0          0          0   entry9a.o
        30          0          0          0          0          0   handlers.o
        36          8          0          0          0         68   init.o
         0          0          0          0          0          0   iusefp.o
        30          0          0          0          0         68   llshl.o
        36          0          0          0          0         68   llsshr.o
        32          0          0          0          0         68   llushr.o
        36          0          0          0          0         68   memcpya.o
        36          0          0          0          0        108   memseta.o
      2218         90          0          0          0        464   printfa.o
         0          0          0          4          0          0   stdout.o
        44          0          0          0          0         80   uidiv.o
        98          0          0          0          0         92   uldiv.o
        48          0          0          0          0         68   cdrcmple.o
       334          0          0          0          0        148   dadd.o
       222          0          0          0          0        100   ddiv.o
       186          0          0          0          0        176   depilogue.o
        48          0          0          0          0         68   dfixul.o
       228          0          0          0          0         96   dmul.o

    ----------------------------------------------------------------------
      3692        106          0          4          0       1740   Library Totals
         6          0          0          0          0          0   (incl. Padding)

    ----------------------------------------------------------------------

      Code (inc. data)   RO Data    RW Data    ZI Data      Debug   Library Name

      2620        106          0          4          0       1084   mc_w.l
      1066          0          0          0          0        656   mf_w.l

    ----------------------------------------------------------------------
      3692        106          0          4          0       1740   Library Totals

    ----------------------------------------------------------------------

==============================================================================


      Code (inc. data)   RO Data    RW Data    ZI Data      Debug   

     14504        826        328         88       3232     602194   Grand Totals
     14504        826        328         88       3232     602194   ELF Image Totals
     14504        826        328         88          0          0   ROM Totals

==============================================================================

    Total RO  Size (Code + RO Data)                14832 (  14.48kB)
    Total RW  Size (RW Data + ZI Data)              3320 (   3.24kB)
    Total ROM Size (Code + RO Data + RW Data)      14920 (  14.57kB)

==============================================================================

