Component: ARM Compiler 5.06 update 7 (build 960) Tool: armlink [4d3601]

==============================================================================

Section Cross References

    startup_stm32f103xb.o(RESET) refers to startup_stm32f103xb.o(STACK) for __initial_sp
    startup_stm32f103xb.o(RESET) refers to startup_stm32f103xb.o(.text) for Reset_Handler
    startup_stm32f103xb.o(RESET) refers to stm32f1xx_it.o(i.NMI_Handler) for NMI_Handler
    startup_stm32f103xb.o(RESET) refers to stm32f1xx_it.o(i.HardFault_Handler) for HardFault_Handler
    startup_stm32f103xb.o(RESET) refers to stm32f1xx_it.o(i.MemManage_Handler) for MemManage_Handler
    startup_stm32f103xb.o(RESET) refers to stm32f1xx_it.o(i.BusFault_Handler) for BusFault_Handler
    startup_stm32f103xb.o(RESET) refers to stm32f1xx_it.o(i.UsageFault_Handler) for UsageFault_Handler
    startup_stm32f103xb.o(RESET) refers to port.o(.emb_text) for SVC_Handler
    startup_stm32f103xb.o(RESET) refers to stm32f1xx_it.o(i.DebugMon_Handler) for DebugMon_Handler
    startup_stm32f103xb.o(RESET) refers to port.o(i.SysTick_Handler) for SysTick_Handler
    startup_stm32f103xb.o(RESET) refers to stm32f1xx_it.o(i.DMA1_Channel6_IRQHandler) for DMA1_Channel6_IRQHandler
    startup_stm32f103xb.o(RESET) refers to stm32f1xx_it.o(i.EXTI9_5_IRQHandler) for EXTI9_5_IRQHandler
    startup_stm32f103xb.o(RESET) refers to stm32f1xx_it.o(i.TIM2_IRQHandler) for TIM2_IRQHandler
    startup_stm32f103xb.o(RESET) refers to stm32f1xx_it.o(i.USART1_IRQHandler) for USART1_IRQHandler
    startup_stm32f103xb.o(RESET) refers to stm32f1xx_it.o(i.USART2_IRQHandler) for USART2_IRQHandler
    startup_stm32f103xb.o(.text) refers to system_stm32f1xx.o(i.SystemInit) for SystemInit
    startup_stm32f103xb.o(.text) refers to entry.o(.ARM.Collect$$$$00000000) for __main
    oled.o(i.OLED_Clear) refers to oled.o(i.OLED_SetCursor) for OLED_SetCursor
    oled.o(i.OLED_Clear) refers to oled.o(i.OLED_WriteData) for OLED_WriteData
    oled.o(i.OLED_I2C_Init) refers to stm32f1xx_hal_gpio.o(i.HAL_GPIO_WritePin) for HAL_GPIO_WritePin
    oled.o(i.OLED_I2C_SendByte) refers to stm32f1xx_hal_gpio.o(i.HAL_GPIO_WritePin) for HAL_GPIO_WritePin
    oled.o(i.OLED_I2C_Start) refers to stm32f1xx_hal_gpio.o(i.HAL_GPIO_WritePin) for HAL_GPIO_WritePin
    oled.o(i.OLED_I2C_Stop) refers to stm32f1xx_hal_gpio.o(i.HAL_GPIO_WritePin) for HAL_GPIO_WritePin
    oled.o(i.OLED_Init) refers to oled.o(i.OLED_I2C_Init) for OLED_I2C_Init
    oled.o(i.OLED_Init) refers to oled.o(i.OLED_WriteCommand) for OLED_WriteCommand
    oled.o(i.OLED_Init) refers to oled.o(i.OLED_Clear) for OLED_Clear
    oled.o(i.OLED_SetCursor) refers to oled.o(i.OLED_WriteCommand) for OLED_WriteCommand
    oled.o(i.OLED_ShowBinNum) refers to oled.o(i.OLED_Pow) for OLED_Pow
    oled.o(i.OLED_ShowBinNum) refers to oled.o(i.OLED_ShowChar) for OLED_ShowChar
    oled.o(i.OLED_ShowChar) refers to oled.o(i.OLED_SetCursor) for OLED_SetCursor
    oled.o(i.OLED_ShowChar) refers to oled.o(i.OLED_WriteData) for OLED_WriteData
    oled.o(i.OLED_ShowChar) refers to oled.o(.constdata) for .constdata
    oled.o(i.OLED_ShowHexNum) refers to oled.o(i.OLED_Pow) for OLED_Pow
    oled.o(i.OLED_ShowHexNum) refers to oled.o(i.OLED_ShowChar) for OLED_ShowChar
    oled.o(i.OLED_ShowNum) refers to oled.o(i.OLED_Pow) for OLED_Pow
    oled.o(i.OLED_ShowNum) refers to oled.o(i.OLED_ShowChar) for OLED_ShowChar
    oled.o(i.OLED_ShowSignedNum) refers to oled.o(i.OLED_ShowChar) for OLED_ShowChar
    oled.o(i.OLED_ShowSignedNum) refers to oled.o(i.OLED_Pow) for OLED_Pow
    oled.o(i.OLED_ShowString) refers to oled.o(i.OLED_ShowChar) for OLED_ShowChar
    oled.o(i.OLED_WriteCommand) refers to oled.o(i.OLED_I2C_Start) for OLED_I2C_Start
    oled.o(i.OLED_WriteCommand) refers to oled.o(i.OLED_I2C_SendByte) for OLED_I2C_SendByte
    oled.o(i.OLED_WriteCommand) refers to oled.o(i.OLED_I2C_Stop) for OLED_I2C_Stop
    oled.o(i.OLED_WriteData) refers to oled.o(i.OLED_I2C_Start) for OLED_I2C_Start
    oled.o(i.OLED_WriteData) refers to oled.o(i.OLED_I2C_SendByte) for OLED_I2C_SendByte
    oled.o(i.OLED_WriteData) refers to oled.o(i.OLED_I2C_Stop) for OLED_I2C_Stop
    led.o(i.LedInit) refers to led.o(i.LedOff) for LedOff
    led.o(i.LedOff) refers to stm32f1xx_hal_gpio.o(i.HAL_GPIO_WritePin) for HAL_GPIO_WritePin
    led.o(i.LedOff) refers to led.o(.constdata) for .constdata
    led.o(i.LedOn) refers to stm32f1xx_hal_gpio.o(i.HAL_GPIO_WritePin) for HAL_GPIO_WritePin
    led.o(i.LedOn) refers to led.o(.constdata) for .constdata
    led.o(i.LedTask) refers to led.o(i.LedOn) for LedOn
    led.o(i.LedTask) refers to time.o(i.SetTime) for SetTime
    led.o(i.LedTask) refers to time.o(i.CompareTime) for CompareTime
    led.o(i.LedTask) refers to led.o(i.LedOff) for LedOff
    led.o(i.LedTask) refers to led.o(.bss) for .bss
    led.o(i.LedTask) refers to led.o(.data) for .data
    led.o(i.SetLedRun) refers to led.o(.data) for .data
[...]
    Idle_Stack                               0x20000df0   Data         512  cmsis_os2.o(.bss)
    Timer_TCB                                0x20000ff0   Data          92  cmsis_os2.o(.bss)
    Timer_Stack                              0x2000104c   Data        1024  cmsis_os2.o(.bss)
    .bss                                     0x2000144c   Section     8000  heap_4.o(.bss)
    ucHeap                                   0x2000144c   Data        8000  heap_4.o(.bss)
    HEAP                                     0x20003390   Section     4096  startup_stm32f103xb.o(HEAP)
    STACK                                    0x20004390   Section     3072  startup_stm32f103xb.o(STACK)

    Global Symbols

    Symbol Name                              Value     Ov Type        Size  Object(Section)

    BuildAttributes$$THM_ISAv4$P$D$K$B$S$PE$A:L22UL41UL21$X:L11$S22US41US21$IEEE1$IW$USESV6$~STKCKD$USESV7$~SHL$OTIME$ROPI$IEEEJ$EBA8$MICROLIB$REQ8$PRES8$EABIv2 0x00000000   Number         0  anon$$obj.o ABSOLUTE
    __ARM_use_no_argv                        0x00000000   Number         0  main.o ABSOLUTE
    _printf_a                                0x00000000   Number         0  stubs.o ABSOLUTE
    _printf_c                                0x00000000   Number         0  stubs.o ABSOLUTE
    _printf_charcount                        0x00000000   Number         0  stubs.o ABSOLUTE
    _printf_d                                0x00000000   Number         0  stubs.o ABSOLUTE
    _printf_e                                0x00000000   Number         0  stubs.o ABSOLUTE
    _printf_f                                0x00000000   Number         0  stubs.o ABSOLUTE
    _printf_flags                            0x00000000   Number         0  stubs.o ABSOLUTE
    _printf_fp_dec                           0x00000000   Number         0  stubs.o ABSOLUTE
    _printf_fp_hex                           0x00000000   Number         0  stubs.o ABSOLUTE
    _printf_g                                0x00000000   Number         0  stubs.o ABSOLUTE
    _printf_i                                0x00000000   Number         0  stubs.o ABSOLUTE
    _printf_int_dec                          0x00000000   Number         0  stubs.o ABSOLUTE
    _printf_l                                0x00000000   Number         0  stubs.o ABSOLUTE
    _printf_lc                               0x00000000   Number         0  stubs.o ABSOLUTE
    _printf_ll                               0x00000000   Number         0  stubs.o ABSOLUTE
    _printf_lld                              0x00000000   Number         0  stubs.o ABSOLUTE
    _printf_lli                              0x00000000   Number         0  stubs.o ABSOLUTE
    _printf_llo                              0x00000000   Number         0  stubs.o ABSOLUTE
    _printf_llu                              0x00000000   Number         0  stubs.o ABSOLUTE
    _printf_llx                              0x00000000   Number         0  stubs.o ABSOLUTE
    _printf_longlong_dec                     0x00000000   Number         0  stubs.o ABSOLUTE
    _printf_longlong_hex                     0x00000000   Number         0  stubs.o ABSOLUTE
    _printf_longlong_oct                     0x00000000   Number         0  stubs.o ABSOLUTE
    _printf_ls                               0x00000000   Number         0  stubs.o ABSOLUTE
    _printf_mbtowc                           0x00000000   Number         0  stubs.o ABSOLUTE
    _printf_n                                0x00000000   Number         0  stubs.o ABSOLUTE
    _printf_o                                0x00000000   Number         0  stubs.o ABSOLUTE
    _printf_p                                0x00000000   Number         0  stubs.o ABSOLUTE
    _printf_percent                          0x00000000   Number         0  stubs.o ABSOLUTE
    _printf_pre_padding                      0x00000000   Number         0  stubs.o ABSOLUTE
    _printf_return_value                     0x00000000   Number         0  stubs.o ABSOLUTE
    _printf_s                                0x00000000   Number         0  stubs.o ABSOLUTE
    _printf_sizespec                         0x00000000   Number         0  stubs.o ABSOLUTE
    _printf_str                              0x00000000   Number         0  stubs.o ABSOLUTE
    _printf_truncate_signed                  0x00000000   Number         0  stubs.o ABSOLUTE
    _printf_truncate_unsigned                0x00000000   Number         0  stubs.o ABSOLUTE
    _printf_u                                0x00000000   Number         0  stubs.o ABSOLUTE
    _printf_wc                               0x00000000   Number         0  stubs.o ABSOLUTE
    _printf_wctomb                           0x00000000   Number         0  stubs.o ABSOLUTE
    _printf_widthprec                        0x00000000   Number         0  stubs.o ABSOLUTE
    _printf_x                                0x00000000   Number         0  stubs.o ABSOLUTE
    __arm_fini_                               - Undefined Weak Reference
    __cpp_initialize__aeabi_                  - Undefined Weak Reference
    __cxa_finalize                            - Undefined Weak Reference
    _clock_init                               - Undefined Weak Reference
    _microlib_exit                            - Undefined Weak Reference
    _scanf_longlong                           - Undefined Weak Reference
    _scanf_string                             - Undefined Weak Reference
    __Vectors_Size                           0x000000ec   Number         0  startup_stm32f103xb.o ABSOLUTE
    __Vectors                                0x08000000   Data           4  startup_stm32f103xb.o(RESET)
    __Vectors_End                            0x080000ec   Data           0  startup_stm32f103xb.o(RESET)
    __main                                   0x080000ed   Thumb Code     0  entry.o(.ARM.Collect$$$$00000000)
    _main_stk                                0x080000ed   Thumb Code     0  entry2.o(.ARM.Collect$$$$00000001)
    _main_scatterload                        0x080000f1   Thumb Code     0  entry5.o(.ARM.Collect$$$$00000004)
    __main_after_scatterload                 0x080000f5   Thumb Code     0  entry5.o(.ARM.Collect$$$$00000004)
    _main_clock                              0x080000f5   Thumb Code     0  entry7b.o(.ARM.Collect$$$$00000008)
    _main_cpp_init                           0x080000f5   Thumb Code     0  entry8b.o(.ARM.Collect$$$$0000000A)
    _main_init                               0x080000f5   Thumb Code     0  entry9a.o(.ARM.Collect$$$$0000000B)
    __rt_lib_shutdown_fini                   0x080000fd   Thumb Code     0  entry12b.o(.ARM.Collect$$$$0000000E)
    __rt_final_cpp                           0x08000101   Thumb Code     0  entry10a.o(.ARM.Collect$$$$0000000F)
    __rt_final_exit                          0x08000101   Thumb Code     0  entry11a.o(.ARM.Collect$$$$00000011)
    SVC_Handler                              0x08000105   Thumb Code    32  port.o(.emb_text)
    __asm___6_port_c_39a90d8d__prvStartFirstTask 0x08000129   Thumb Code    28  port.o(.emb_text)
    PendSV_Handler                           0x08000149   Thumb Code    72  port.o(.emb_text)
    vPortGetIPSR                             0x08000195   Thumb Code     6  port.o(.emb_text)
    Reset_Handler                            0x0800019d   Thumb Code     8  startup_stm32f103xb.o(.text)
    ADC1_2_IRQHandler                        0x080001b7   Thumb Code     0  startup_stm32f103xb.o(.text)
    CAN1_RX1_IRQHandler                      0x080001b7   Thumb Code     0  startup_stm32f103xb.o(.text)
    CAN1_SCE_IRQHandler                      0x080001b7   Thumb Code     0  startup_stm32f103xb.o(.text)
    DMA1_Channel1_IRQHandler                 0x080001b7   Thumb Code     0  startup_stm32f103xb.o(.text)
    DMA1_Channel2_IRQHandler                 0x080001b7   Thumb Code     0  startup_stm32f103xb.o(.text)
    DMA1_Channel3_IRQHandler                 0x080001b7   Thumb Code     0  startup_stm32f103xb.o(.text)
    DMA1_Channel4_IRQHandler                 0x080001b7   Thumb Code     0  startup_stm32f103xb.o(.text)
    DMA1_Channel5_IRQHandler                 0x080001b7   Thumb Code     0  startup_stm32f103xb.o(.text)
    DMA1_Channel7_IRQHandler                 0x080001b7   Thumb Code     0  startup_stm32f103xb.o(.text)
    EXTI0_IRQHandler                         0x080001b7   Thumb Code     0  startup_stm32f103xb.o(.text)
    EXTI15_10_IRQHandler                     0x080001b7   Thumb Code     0  startup_stm32f103xb.o(.text)
    EXTI1_IRQHandler                         0x080001b7   Thumb Code     0  startup_stm32f103xb.o(.text)
    EXTI2_IRQHandler                         0x080001b7   Thumb Code     0  startup_stm32f103xb.o(.text)
    EXTI3_IRQHandler                         0x080001b7   Thumb Code     0  startup_stm32f103xb.o(.text)
    EXTI4_IRQHandler                         0x080001b7   Thumb Code     0  startup_stm32f103xb.o(.text)
    FLASH_IRQHandler                         0x080001b7   Thumb Code     0  startup_stm32f103xb.o(.text)
    I2C1_ER_IRQHandler                       0x080001b7   Thumb Code     0  startup_stm32f103xb.o(.text)
    I2C1_EV_IRQHandler                       0x080001b7   Thumb Code     0  startup_stm32f103xb.o(.text)
    I2C2_ER_IRQHandler                       0x080001b7   Thumb Code     0  startup_stm32f103xb.o(.text)
    I2C2_EV_IRQHandler                       0x080001b7   Thumb Code     0  startup_stm32f103xb.o(.text)
    PVD_IRQHandler                           0x080001b7   Thumb Code     0  startup_stm32f103xb.o(.text)
    RCC_IRQHandler                           0x080001b7   Thumb Code     0  startup_stm32f103xb.o(.text)
    RTC_Alarm_IRQHandler                     0x080001b7   Thumb Code     0  startup_stm32f103xb.o(.text)
    RTC_IRQHandler                           0x080001b7   Thumb Code     0  startup_stm32f103xb.o(.text)
    SPI1_IRQHandler                          0x080001b7   Thumb Code     0  startup_stm32f103xb.o(.text)
    SPI2_IRQHandler                          0x080001b7   Thumb Code     0  startup_stm32f103xb.o(.text)
    TAMPER_IRQHandler                        0x080001b7   Thumb Code     0  startup_stm32f103xb.o(.text)
    TIM1_BRK_IRQHandler                      0x080001b7   Thumb Code     0  startup_stm32f103xb.o(.text)
    TIM1_CC_IRQHandler                       0x080001b7   Thumb Code     0  startup_stm32f103xb.o(.text)
    TIM1_TRG_COM_IRQHandler                  0x080001b7   Thumb Code     0  startup_stm32f103xb.o(.text)
    TIM1_UP_IRQHandler                       0x080001b7   Thumb Code     0  startup_stm32f103xb.o(.text)
    TIM3_IRQHandler                          0x080001b7   Thumb Code     0  startup_stm32f103xb.o(.text)
    TIM4_IRQHandler                          0x080001b7   Thumb Code     0  startup_stm32f103xb.o(.text)
    USART3_IRQHandler                        0x080001b7   Thumb Code     0  startup_stm32f103xb.o(.text)
    USBWakeUp_IRQHandler                     0x080001b7   Thumb Code     0  startup_stm32f103xb.o(.text)
    USB_HP_CAN1_TX_IRQHandler                0x080001b7   Thumb Code     0  startup_stm32f103xb.o(.text)
    USB_LP_CAN1_RX0_IRQHandler               0x080001b7   Thumb Code     0  startup_stm32f103xb.o(.text)
    WWDG_IRQHandler                          0x080001b7   Thumb Code     0  startup_stm32f103xb.o(.text)
    __aeabi_uldivmod                         0x080001c1   Thumb Code    98  uldiv.o(.text)
    __aeabi_llsr                             0x08000223   Thumb Code    32  llushr.o(.text)
    _ll_ushift_r                             0x08000223   Thumb Code     0  llushr.o(.text)
    __aeabi_memcpy                           0x08000243   Thumb Code    36  memcpya.o(.text)
    __aeabi_memcpy4                          0x08000243   Thumb Code     0  memcpya.o(.text)
    __aeabi_memcpy8                          0x08000243   Thumb Code     0  memcpya.o(.text)
    __aeabi_memset                           0x08000267   Thumb Code    14  memseta.o(.text)
    __aeabi_memset4                          0x08000267   Thumb Code     0  memseta.o(.text)
    __aeabi_memset8                          0x08000267   Thumb Code     0  memseta.o(.text)
    __aeabi_memclr                           0x08000275   Thumb Code     4  memseta.o(.text)
    __aeabi_memclr4                          0x08000275   Thumb Code     0  memseta.o(.text)
    __aeabi_memclr8                          0x08000275   Thumb Code     0  memseta.o(.text)
    memset                                   0x08000279   Thumb Code    18  memseta.o(.text)
    strstr                                   0x0800028b   Thumb Code    36  strstr.o(.text)
    strlen                                   0x080002af   Thumb Code    14  strlen.o(.text)
    strcpy                                   0x080002bd   Thumb Code    18  strcpy.o(.text)
    __0sscanf                                0x080002d1   Thumb Code    48  __0sscanf.o(.text)
    _scanf_int                               0x08000309   Thumb Code   332  _scanf_int.o(.text)
    _scanf_real                              0x0800057d   Thumb Code     0  scanf_fp.o(.text)
    _scanf_really_real                       0x0800057d   Thumb Code   556  scanf_fp.o(.text)
    __aeabi_fadd                             0x080007b5   Thumb Code   164  fadd.o(.text)
    __aeabi_fsub                             0x08000859   Thumb Code     6  fadd.o(.text)
    __aeabi_frsub                            0x0800085f   Thumb Code     6  fadd.o(.text)
    __aeabi_fmul                             0x08000865   Thumb Code   100  fmul.o(.text)
    __aeabi_fdiv                             0x080008c9   Thumb Code   124  fdiv.o(.text)
    __ARM_scalbnf                            0x08000945   Thumb Code    24  fscalb.o(.text)
    scalbnf                                  0x08000945   Thumb Code     0  fscalb.o(.text)
    __aeabi_dadd                             0x0800095d   Thumb Code   322  dadd.o(.text)
    __aeabi_dsub                             0x08000a9f   Thumb Code     6  dadd.o(.text)
    __aeabi_drsub                            0x08000aa5   Thumb Code     6  dadd.o(.text)
    __aeabi_dmul                             0x08000aab   Thumb Code   228  dmul.o(.text)
    __aeabi_ddiv                             0x08000b8f   Thumb Code   222  ddiv.o(.text)
    __ARM_scalbn                             0x08000c6d   Thumb Code    46  dscalb.o(.text)
    scalbn                                   0x08000c6d   Thumb Code     0  dscalb.o(.text)
    __aeabi_ui2f                             0x08000c9b   Thumb Code    10  ffltui.o(.text)
    __aeabi_i2d                              0x08000ca5   Thumb Code    34  dflti.o(.text)
    __aeabi_ui2d                             0x08000cc7   Thumb Code    26  dfltui.o(.text)
    __aeabi_ul2d                             0x08000ce1   Thumb Code    24  dfltul.o(.text)
    __aeabi_f2uiz                            0x08000cf9   Thumb Code    40  ffixui.o(.text)
    __aeabi_d2iz                             0x08000d21   Thumb Code    62  dfixi.o(.text)
    __aeabi_f2d                              0x08000d5f   Thumb Code    38  f2d.o(.text)
    __aeabi_cdcmpeq                          0x08000d85   Thumb Code     0  cdcmple.o(.text)
    __aeabi_cdcmple                          0x08000d85   Thumb Code    48  cdcmple.o(.text)
    __aeabi_cdrcmple                         0x08000db5   Thumb Code    48  cdrcmple.o(.text)
    __aeabi_d2f                              0x08000de5   Thumb Code    56  d2f.o(.text)
    __aeabi_uidiv                            0x08000e1d   Thumb Code     0  uidiv.o(.text)
    __aeabi_uidivmod                         0x08000e1d   Thumb Code    44  uidiv.o(.text)
    __aeabi_llsl                             0x08000e49   Thumb Code    30  llshl.o(.text)
    _ll_shift_l                              0x08000e49   Thumb Code     0  llshl.o(.text)
    __aeabi_lasr                             0x08000e67   Thumb Code    36  llsshr.o(.text)
    _ll_sshift_r                             0x08000e67   Thumb Code     0  llsshr.o(.text)
    _chval                                   0x08000e8b   Thumb Code    28  _chval.o(.text)
    __vfscanf_char                           0x08000eb5   Thumb Code    20  scanf_char.o(.text)
    _sgetc                                   0x08000ed1   Thumb Code    30  _sgetc.o(.text)
    _sbackspace                              0x08000eef   Thumb Code    34  _sgetc.o(.text)
    __I$use$fp                               0x08000f11   Thumb Code     0  iusefp.o(.text)
    _float_round                             0x08000f11   Thumb Code    18  fepilogue.o(.text)
    _float_epilogue                          0x08000f23   Thumb Code    92  fepilogue.o(.text)
    _double_round                            0x08000f7f   Thumb Code    30  depilogue.o(.text)
    _double_epilogue                         0x08000f9d   Thumb Code   156  depilogue.o(.text)
    __aeabi_d2ulz                            0x08001039   Thumb Code    48  dfixul.o(.text)
    __scatterload                            0x08001069   Thumb Code    28  init.o(.text)
    __scatterload_rt2                        0x08001069   Thumb Code     0  init.o(.text)
    isspace                                  0x0800108d   Thumb Code    10  isspace_c.o(.text)
    __vfscanf                                0x08001099   Thumb Code   810  _scanf.o(.text)
    __ctype_lookup                           0x080013c9   Thumb Code    34  ctype_c.o(.text)
    __decompress                             0x080013f1   Thumb Code     0  __dczerorl2.o(.text)
    __decompress1                            0x080013f1   Thumb Code    86  __dczerorl2.o(.text)
    ADC_ConversionStop_Disable               0x08001449   Thumb Code    86  stm32f1xx_hal_adc.o(i.ADC_ConversionStop_Disable)
    ADC_Enable                               0x080014a1   Thumb Code   114  stm32f1xx_hal_adc.o(i.ADC_Enable)
    ATRec                                    0x0800151d   Thumb Code   142  nbiotdriver.o(i.ATRec)
    ATsend                                   0x080015c1   Thumb Code   314  nbiotdriver.o(i.ATsend)
    BusFault_Handler                         0x0800176d   Thumb Code     2  stm32f1xx_it.o(i.BusFault_Handler)
    CompareTime                              0x0800176f   Thumb Code    26  time.o(i.CompareTime)
    DMA1_Channel6_IRQHandler                 0x08001789   Thumb Code     6  stm32f1xx_it.o(i.DMA1_Channel6_IRQHandler)
    DS18B20_Check                            0x080017bf   Thumb Code    26  ds18b20_all.o(i.DS18B20_Check)
    DS18B20_DQ_IN                            0x080017d9   Thumb Code    20  ds18b20_all.o(i.DS18B20_DQ_IN)
    DS18B20_DQ_OUT                           0x080017f1   Thumb Code    18  ds18b20_all.o(i.DS18B20_DQ_OUT)
    DS18B20_GetTemperture                    0x08001809   Thumb Code    90  ds18b20_all.o(i.DS18B20_GetTemperture)
    DS18B20_IO_IN                            0x08001869   Thumb Code    28  ds18b20_all.o(i.DS18B20_IO_IN)
    DS18B20_IO_OUT                           0x08001889   Thumb Code    30  ds18b20_all.o(i.DS18B20_IO_OUT)
    DS18B20_Read_Bit                         0x080018ad   Thumb Code    56  ds18b20_all.o(i.DS18B20_Read_Bit)
    DS18B20_Read_Byte                        0x080018e5   Thumb Code    32  ds18b20_all.o(i.DS18B20_Read_Byte)
    DS18B20_Reset                            0x08001905   Thumb Code    36  ds18b20_all.o(i.DS18B20_Reset)
    DS18B20_Start                            0x08001929   Thumb Code    26  ds18b20_all.o(i.DS18B20_Start)
    DS18B20_Write_Byte                       0x08001945   Thumb Code    78  ds18b20_all.o(i.DS18B20_Write_Byte)
    DebugMon_Handler                         0x08001993   Thumb Code     2  stm32f1xx_it.o(i.DebugMon_Handler)
    EXTI9_5_IRQHandler                       0x08001995   Thumb Code     6  stm32f1xx_it.o(i.EXTI9_5_IRQHandler)
    EnableUartIT                             0x0800199d   Thumb Code    52  usart.o(i.EnableUartIT)
    Error_Handler                            0x080019dd   Thumb Code     4  main.o(i.Error_Handler)
    Get_ADC_Value                            0x080019e1   Thumb Code    86  sensor.o(i.Get_ADC_Value)
    Get_time_value                           0x08001a41   Thumb Code   190  nbiotdriver.o(i.Get_time_value)
    HAL_ADCEx_Calibration_Start              0x08001b19   Thumb Code   210  stm32f1xx_hal_adc_ex.o(i.HAL_ADCEx_Calibration_Start)
    HAL_ADC_ConfigChannel                    0x08001bf1   Thumb Code   240  stm32f1xx_hal_adc.o(i.HAL_ADC_ConfigChannel)
    HAL_ADC_GetValue                         0x08001ced   Thumb Code     6  stm32f1xx_hal_adc.o(i.HAL_ADC_GetValue)
    HAL_ADC_Init                             0x08001cf5   Thumb Code   272  stm32f1xx_hal_adc.o(i.HAL_ADC_Init)
    HAL_ADC_MspInit                          0x08001e11   Thumb Code    76  adc.o(i.HAL_ADC_MspInit)
    HAL_ADC_PollForConversion                0x08001e69   Thumb Code   304  stm32f1xx_hal_adc.o(i.HAL_ADC_PollForConversion)
    HAL_ADC_Start                            0x08001fa5   Thumb Code   184  stm32f1xx_hal_adc.o(i.HAL_ADC_Start)
    HAL_ADC_Stop                             0x08002065   Thumb Code    52  stm32f1xx_hal_adc.o(i.HAL_ADC_Stop)
    HAL_DMA_Abort                            0x08002099   Thumb Code    70  stm32f1xx_hal_dma.o(i.HAL_DMA_Abort)
    HAL_DMA_Abort_IT                         0x080020e1   Thumb Code   148  stm32f1xx_hal_dma.o(i.HAL_DMA_Abort_IT)
    HAL_DMA_IRQHandler                       0x08002179   Thumb Code   316  stm32f1xx_hal_dma.o(i.HAL_DMA_IRQHandler)
    HAL_DMA_Init                             0x080022cd   Thumb Code    84  stm32f1xx_hal_dma.o(i.HAL_DMA_Init)
    HAL_DMA_Start_IT                         0x08002329   Thumb Code   112  stm32f1xx_hal_dma.o(i.HAL_DMA_Start_IT)
    HAL_Delay                                0x08002399   Thumb Code    32  stm32f1xx_hal.o(i.HAL_Delay)
    HAL_GPIO_EXTI_Callback                   0x080023bd   Thumb Code    72  main.o(i.HAL_GPIO_EXTI_Callback)
    HAL_GPIO_EXTI_IRQHandler                 0x08002441   Thumb Code    18  stm32f1xx_hal_gpio.o(i.HAL_GPIO_EXTI_IRQHandler)
    HAL_GPIO_Init                            0x08002459   Thumb Code   446  stm32f1xx_hal_gpio.o(i.HAL_GPIO_Init)
    HAL_GPIO_ReadPin                         0x08002639   Thumb Code    10  stm32f1xx_hal_gpio.o(i.HAL_GPIO_ReadPin)
    HAL_GPIO_WritePin                        0x08002643   Thumb Code    10  stm32f1xx_hal_gpio.o(i.HAL_GPIO_WritePin)
    HAL_GetTick                              0x0800264d   Thumb Code     6  stm32f1xx_hal.o(i.HAL_GetTick)
    HAL_IncTick                              0x08002659   Thumb Code    12  stm32f1xx_hal.o(i.HAL_IncTick)
    HAL_Init                                 0x08002669   Thumb Code    32  stm32f1xx_hal.o(i.HAL_Init)
    HAL_InitTick                             0x0800268d   Thumb Code   134  stm32f1xx_hal_timebase_tim.o(i.HAL_InitTick)
    HAL_MspInit                              0x08002725   Thumb Code    62  stm32f1xx_hal_msp.o(i.HAL_MspInit)
    HAL_NVIC_EnableIRQ                       0x0800276d   Thumb Code    26  stm32f1xx_hal_cortex.o(i.HAL_NVIC_EnableIRQ)
    HAL_NVIC_SetPriority                     0x08002789   Thumb Code    60  stm32f1xx_hal_cortex.o(i.HAL_NVIC_SetPriority)
    HAL_NVIC_SetPriorityGrouping             0x080027c9   Thumb Code    26  stm32f1xx_hal_cortex.o(i.HAL_NVIC_SetPriorityGrouping)
    HAL_RCCEx_GetPeriphCLKFreq               0x080027ed   Thumb Code   148  stm32f1xx_hal_rcc_ex.o(i.HAL_RCCEx_GetPeriphCLKFreq)
    HAL_RCCEx_PeriphCLKConfig                0x08002891   Thumb Code   224  stm32f1xx_hal_rcc_ex.o(i.HAL_RCCEx_PeriphCLKConfig)
    HAL_RCC_ClockConfig                      0x0800297d   Thumb Code   280  stm32f1xx_hal_rcc.o(i.HAL_RCC_ClockConfig)
    HAL_RCC_GetClockConfig                   0x08002aa9   Thumb Code    54  stm32f1xx_hal_rcc.o(i.HAL_RCC_GetClockConfig)
    HAL_RCC_GetPCLK1Freq                     0x08002ae9   Thumb Code    20  stm32f1xx_hal_rcc.o(i.HAL_RCC_GetPCLK1Freq)
    HAL_RCC_GetPCLK2Freq                     0x08002b09   Thumb Code    20  stm32f1xx_hal_rcc.o(i.HAL_RCC_GetPCLK2Freq)
    HAL_RCC_GetSysClockFreq                  0x08002b29   Thumb Code    58  stm32f1xx_hal_rcc.o(i.HAL_RCC_GetSysClockFreq)
    HAL_RCC_OscConfig                        0x08002b75   Thumb Code   778  stm32f1xx_hal_rcc.o(i.HAL_RCC_OscConfig)
    HAL_TIMEx_BreakCallback                  0x08002e95   Thumb Code     2  stm32f1xx_hal_tim_ex.o(i.HAL_TIMEx_BreakCallback)
    HAL_TIMEx_CommutCallback                 0x08002e97   Thumb Code     2  stm32f1xx_hal_tim_ex.o(i.HAL_TIMEx_CommutCallback)
    HAL_TIM_Base_Init                        0x08002e99   Thumb Code    90  stm32f1xx_hal_tim.o(i.HAL_TIM_Base_Init)
    HAL_TIM_Base_MspInit                     0x08002ef3   Thumb Code     2  stm32f1xx_hal_tim.o(i.HAL_TIM_Base_MspInit)
    HAL_TIM_Base_Start_IT                    0x08002ef5   Thumb Code    76  stm32f1xx_hal_tim.o(i.HAL_TIM_Base_Start_IT)
    HAL_TIM_IC_CaptureCallback               0x08002f4d   Thumb Code     2  stm32f1xx_hal_tim.o(i.HAL_TIM_IC_CaptureCallback)
    HAL_TIM_IRQHandler                       0x08002f4f   Thumb Code   358  stm32f1xx_hal_tim.o(i.HAL_TIM_IRQHandler)
    HAL_TIM_OC_DelayElapsedCallback          0x080030b5   Thumb Code     2  stm32f1xx_hal_tim.o(i.HAL_TIM_OC_DelayElapsedCallback)
    HAL_TIM_PWM_PulseFinishedCallback        0x080030b7   Thumb Code     2  stm32f1xx_hal_tim.o(i.HAL_TIM_PWM_PulseFinishedCallback)
    HAL_TIM_PeriodElapsedCallback            0x080030b9   Thumb Code    14  main.o(i.HAL_TIM_PeriodElapsedCallback)
    HAL_TIM_TriggerCallback                  0x080030c7   Thumb Code     2  stm32f1xx_hal_tim.o(i.HAL_TIM_TriggerCallback)
    HAL_UARTEx_RxEventCallback               0x080030c9   Thumb Code     2  stm32f1xx_hal_uart.o(i.HAL_UARTEx_RxEventCallback)
    HAL_UART_DMAStop                         0x080030cb   Thumb Code   112  stm32f1xx_hal_uart.o(i.HAL_UART_DMAStop)
    HAL_UART_ErrorCallback                   0x0800313b   Thumb Code     2  stm32f1xx_hal_uart.o(i.HAL_UART_ErrorCallback)
    HAL_UART_IRQHandler                      0x0800313d   Thumb Code   616  stm32f1xx_hal_uart.o(i.HAL_UART_IRQHandler)
    HAL_UART_Init                            0x080033a9   Thumb Code   100  stm32f1xx_hal_uart.o(i.HAL_UART_Init)
    HAL_UART_MspInit                         0x0800340d   Thumb Code   238  usart.o(i.HAL_UART_MspInit)
    HAL_UART_Receive_DMA                     0x08003515   Thumb Code    28  stm32f1xx_hal_uart.o(i.HAL_UART_Receive_DMA)
    HAL_UART_Receive_IT                      0x08003531   Thumb Code    28  stm32f1xx_hal_uart.o(i.HAL_UART_Receive_IT)
    HAL_UART_RxCpltCallback                  0x0800354d   Thumb Code   190  usart.o(i.HAL_UART_RxCpltCallback)
    HAL_UART_RxHalfCpltCallback              0x0800363d   Thumb Code     2  stm32f1xx_hal_uart.o(i.HAL_UART_RxHalfCpltCallback)
    HAL_UART_Transmit                        0x0800363f   Thumb Code   154  stm32f1xx_hal_uart.o(i.HAL_UART_Transmit)
    HAL_UART_TxCpltCallback                  0x080036d9   Thumb Code     2  stm32f1xx_hal_uart.o(i.HAL_UART_TxCpltCallback)
    HardFault_Handler                        0x080036db   Thumb Code     2  stm32f1xx_it.o(i.HardFault_Handler)
    M1_Forward                               0x080036dd   Thumb Code    18  l298n.o(i.M1_Forward)
    M1_Stop                                  0x080036ef   Thumb Code    18  l298n.o(i.M1_Stop)
    M2_Forward                               0x08003701   Thumb Code    18  l298n.o(i.M2_Forward)
    M2_Stop                                  0x08003713   Thumb Code    18  l298n.o(i.M2_Stop)
    MX_ADC1_Init                             0x08003725   Thumb Code   154  adc.o(i.MX_ADC1_Init)
    MX_DMA_Init                              0x080037c9   Thumb Code    40  dma.o(i.MX_DMA_Init)
    MX_FREERTOS_Init                         0x080037f5   Thumb Code    78  freertos.o(i.MX_FREERTOS_Init)
    MX_GPIO_Init                             0x08003881   Thumb Code   252  gpio.o(i.MX_GPIO_Init)
    MX_USART1_UART_Init                      0x0800398d   Thumb Code    48  usart.o(i.MX_USART1_UART_Init)
    MX_USART2_UART_Init                      0x080039c5   Thumb Code    48  usart.o(i.MX_USART2_UART_Init)
    MemManage_Handler                        0x080039fd   Thumb Code     2  stm32f1xx_it.o(i.MemManage_Handler)
    Motor_show                               0x08003a01   Thumb Code    94  freertos.o(i.Motor_show)
    Motor_task                               0x08003a65   Thumb Code    28  freertos.o(i.Motor_task)
    NB_IOT_task                              0x08003a9d   Thumb Code    60  freertos.o(i.NB_IOT_task)
    NB_Init                                  0x08003b11   Thumb Code    14  nbiotdriver.o(i.NB_Init)
    NB_Send_Data                             0x08003b25   Thumb Code    16  nbiotdriver.o(i.NB_Send_Data)
    NB_Task                                  0x08003b39   Thumb Code   184  nbiotdriver.o(i.NB_Task)
    NMI_Handler                              0x08003bf5   Thumb Code     2  stm32f1xx_it.o(i.NMI_Handler)
    NRF24L01_Init                            0x08003bf9   Thumb Code    94  nrf24l01.o(i.NRF24L01_Init)
    OLED_Clear                               0x08003c5d   Thumb Code    38  oled.o(i.OLED_Clear)
    OLED_I2C_Init                            0x08003c85   Thumb Code    28  oled.o(i.OLED_I2C_Init)
    OLED_I2C_SendByte                        0x08003ca5   Thumb Code    86  oled.o(i.OLED_I2C_SendByte)
    OLED_I2C_Start                           0x08003d01   Thumb Code    52  oled.o(i.OLED_I2C_Start)
    OLED_I2C_Stop                            0x08003d39   Thumb Code    42  oled.o(i.OLED_I2C_Stop)
    OLED_Init                                0x08003d69   Thumb Code   172  oled.o(i.OLED_Init)
    OLED_Pow                                 0x08003e15   Thumb Code    14  oled.o(i.OLED_Pow)
    OLED_SetCursor                           0x08003e23   Thumb Code    34  oled.o(i.OLED_SetCursor)
    OLED_ShowChar                            0x08003e45   Thumb Code    98  oled.o(i.OLED_ShowChar)
    OLED_ShowNum                             0x08003ead   Thumb Code    66  oled.o(i.OLED_ShowNum)
    OLED_ShowString                          0x08003eef   Thumb Code    38  oled.o(i.OLED_ShowString)
    OLED_WriteCommand                        0x08003f15   Thumb Code    34  oled.o(i.OLED_WriteCommand)
    OLED_WriteData                           0x08003f37   Thumb Code    34  oled.o(i.OLED_WriteData)
    PH_Value_Conversion                      0x08003f59   Thumb Code    66  sensor.o(i.PH_Value_Conversion)
    R_Buf                                    0x08003fb9   Thumb Code    50  nrf24l01.o(i.R_Buf)
    R_IRQ                                    0x08003fed   Thumb Code     8  nrf24l01.o(i.R_IRQ)
    R_MISO                                   0x08003ff9   Thumb Code     8  nrf24l01.o(i.R_MISO)
    R_Reg                                    0x08004005   Thumb Code    34  nrf24l01.o(i.R_Reg)
    Resume_task2                             0x08004029   Thumb Code    70  freertos.o(i.Resume_task2)
    Reveive                                  0x080040a1   Thumb Code    54  nrf24l01.o(i.Reveive)
    SPI_SwapByte                             0x080040d9   Thumb Code    64  nrf24l01.o(i.SPI_SwapByte)
    START_TASK                               0x08004119   Thumb Code   104  freertos.o(i.START_TASK)
    Sensor_Value                             0x080041c9   Thumb Code    34  sensor.o(i.Sensor_Value)
    Sensor_task                              0x080041eb   Thumb Code    16  freertos.o(i.Sensor_task)
    Sersor_Value_test                        0x080041fd   Thumb Code   332  sensor.o(i.Sersor_Value_test)
    SetTime                                  0x08004371   Thumb Code    16  time.o(i.SetTime)
    StartDefaultTask                         0x08004381   Thumb Code    24  freertos.o(i.StartDefaultTask)
    SysTick_Handler                          0x080043bd   Thumb Code    38  port.o(i.SysTick_Handler)
    SystemClock_Config                       0x080043e9   Thumb Code   120  main.o(i.SystemClock_Config)
    SystemInit                               0x08004461   Thumb Code     2  system_stm32f1xx.o(i.SystemInit)
    TDS_Value_Conversion                     0x08004465   Thumb Code   206  sensor.o(i.TDS_Value_Conversion)
    TIM2_IRQHandler                          0x08004565   Thumb Code     6  stm32f1xx_it.o(i.TIM2_IRQHandler)
    TIM_Base_SetConfig                       0x08004571   Thumb Code    94  stm32f1xx_hal_tim.o(i.TIM_Base_SetConfig)
    TSW_Value_Conversion                     0x080045dd   Thumb Code   154  sensor.o(i.TSW_Value_Conversion)
    Temperture_Value_Conversion              0x080046a5   Thumb Code    12  sensor.o(i.Temperture_Value_Conversion)
    UART_Start_Receive_DMA                   0x08004999   Thumb Code   130  stm32f1xx_hal_uart.o(i.UART_Start_Receive_DMA)
    UART_Start_Receive_IT                    0x08004a29   Thumb Code    54  stm32f1xx_hal_uart.o(i.UART_Start_Receive_IT)
    USART1_IRQHandler                        0x08004ad9   Thumb Code     6  stm32f1xx_it.o(i.USART1_IRQHandler)
    USART2_IRQHandler                        0x08004ae5   Thumb Code    76  stm32f1xx_it.o(i.USART2_IRQHandler)
    UsageFault_Handler                       0x08004b3d   Thumb Code     2  stm32f1xx_it.o(i.UsageFault_Handler)
    W_Buf                                    0x08004b3f   Thumb Code    48  nrf24l01.o(i.W_Buf)
    W_CE                                     0x08004b71   Thumb Code    10  nrf24l01.o(i.W_CE)
    W_CSN                                    0x08004b81   Thumb Code    10  nrf24l01.o(i.W_CSN)
    W_IN1                                    0x08004b91   Thumb Code    12  l298n.o(i.W_IN1)
    W_IN2                                    0x08004ba1   Thumb Code    12  l298n.o(i.W_IN2)
    W_IN3                                    0x08004bb1   Thumb Code    12  l298n.o(i.W_IN3)
    W_IN4                                    0x08004bc1   Thumb Code    12  l298n.o(i.W_IN4)
    W_MOSI                                   0x08004bd1   Thumb Code    12  nrf24l01.o(i.W_MOSI)
    W_Reg                                    0x08004be1   Thumb Code    34  nrf24l01.o(i.W_Reg)
    W_SCK                                    0x08004c05   Thumb Code    10  nrf24l01.o(i.W_SCK)
    __0printf                                0x08004c15   Thumb Code    22  printfa.o(i.__0printf)
    __1printf                                0x08004c15   Thumb Code     0  printfa.o(i.__0printf)
    __2printf                                0x08004c15   Thumb Code     0  printfa.o(i.__0printf)
    __c89printf                              0x08004c15   Thumb Code     0  printfa.o(i.__0printf)
    printf                                   0x08004c15   Thumb Code     0  printfa.o(i.__0printf)
    __0sprintf                               0x08004c35   Thumb Code    34  printfa.o(i.__0sprintf)
    __1sprintf                               0x08004c35   Thumb Code     0  printfa.o(i.__0sprintf)
    __2sprintf                               0x08004c35   Thumb Code     0  printfa.o(i.__0sprintf)
    __c89sprintf                             0x08004c35   Thumb Code     0  printfa.o(i.__0sprintf)
    sprintf                                  0x08004c35   Thumb Code     0  printfa.o(i.__0sprintf)
    free                                     0x08004c7d   Thumb Code    88  mallocr.o(i.__free$realloc)
    malloc                                   0x08004cd9   Thumb Code    64  mallocr.o(i.__malloc$realloc)
    __scatterload_copy                       0x08004d29   Thumb Code    14  handlers.o(i.__scatterload_copy)
    __scatterload_null                       0x08004d37   Thumb Code     2  handlers.o(i.__scatterload_null)
    __scatterload_zeroinit                   0x08004d39   Thumb Code    14  handlers.o(i.__scatterload_zeroinit)
    _is_digit                                0x08004ecd   Thumb Code    14  scanf_fp.o(i._is_digit)
    cJSON_AddNumberToObject                  0x08005671   Thumb Code    46  cjson.o(i.cJSON_AddNumberToObject)
    cJSON_CreateNumber                       0x080056a5   Thumb Code    78  cjson.o(i.cJSON_CreateNumber)
    cJSON_CreateObject                       0x08005705   Thumb Code    18  cjson.o(i.cJSON_CreateObject)
    cJSON_Delete                             0x0800571d   Thumb Code    76  cjson.o(i.cJSON_Delete)
    cJSON_InitHooks                          0x0800576d   Thumb Code    54  cjson.o(i.cJSON_InitHooks)
    cJSON_Print                              0x080057cd   Thumb Code     8  cjson.o(i.cJSON_Print)
    cJSON_free                               0x080057d9   Thumb Code     6  cjson.o(i.cJSON_free)
    conversion_string                        0x08005865   Thumb Code    78  nbiotdriver.o(i.conversion_string)
    dateTimeToTimestamp                      0x080058c1   Thumb Code    56  unix.o(i.dateTimeToTimestamp)
    daysFrom1970                             0x080058f9   Thumb Code   144  unix.o(i.daysFrom1970)
    fputc                                    0x08005a19   Thumb Code    20  main.o(i.fputc)
    main                                     0x08005a81   Thumb Code   106  main.o(i.main)
    osKernelInitialize                       0x08005b29   Thumb Code    50  cmsis_os2.o(i.osKernelInitialize)
    osKernelStart                            0x08005b61   Thumb Code    58  cmsis_os2.o(i.osKernelStart)
    osThreadNew                              0x08005ba1   Thumb Code   160  cmsis_os2.o(i.osThreadNew)
    printf_show                              0x080061a5   Thumb Code    84  freertos.o(i.printf_show)
    pvPortMalloc                             0x080069a1   Thumb Code   210  heap_4.o(i.pvPortMalloc)
    pvTaskIncrementMutexHeldCount            0x08006a79   Thumb Code    18  tasks.o(i.pvTaskIncrementMutexHeldCount)
    pxPortInitialiseStack                    0x08006a91   Thumb Code    32  port.o(i.pxPortInitialiseStack)
    realloc                                  0x08006ab5   Thumb Code   102  mallocr.o(i.realloc)
    udelay                                   0x08006b21   Thumb Code    52  driver_timer.o(i.udelay)
    uxListRemove                             0x08006b75   Thumb Code    38  list.o(i.uxListRemove)
    vApplicationGetIdleTaskMemory            0x08006b9d   Thumb Code    16  cmsis_os2.o(i.vApplicationGetIdleTaskMemory)
    vApplicationGetTimerTaskMemory           0x08006bb1   Thumb Code    18  cmsis_os2.o(i.vApplicationGetTimerTaskMemory)
    vListInitialise                          0x08006bc9   Thumb Code    22  list.o(i.vListInitialise)
    vListInitialiseItem                      0x08006bdf   Thumb Code     6  list.o(i.vListInitialiseItem)
    vListInsert                              0x08006be5   Thumb Code    48  list.o(i.vListInsert)
    vListInsertEnd                           0x08006c15   Thumb Code    24  list.o(i.vListInsertEnd)
    vPortEnterCritical                       0x08006c2d   Thumb Code    54  port.o(i.vPortEnterCritical)
    vPortExitCritical                        0x08006c6d   Thumb Code    34  port.o(i.vPortExitCritical)
    vPortFree                                0x08006c95   Thumb Code    88  heap_4.o(i.vPortFree)
    vPortSetupTimerInterrupt                 0x08006cf1   Thumb Code    32  port.o(i.vPortSetupTimerInterrupt)
    vPortValidateInterruptPriority           0x08006d15   Thumb Code    74  port.o(i.vPortValidateInterruptPriority)
    vQueueAddToRegistry                      0x08006d69   Thumb Code    34  queue.o(i.vQueueAddToRegistry)
    vQueueWaitForMessageRestricted           0x08006d91   Thumb Code    68  queue.o(i.vQueueWaitForMessageRestricted)
    vTaskDelay                               0x08006dd5   Thumb Code    66  tasks.o(i.vTaskDelay)
    vTaskDelete                              0x08006e21   Thumb Code   130  tasks.o(i.vTaskDelete)
    vTaskInternalSetTimeOutState             0x08006eb1   Thumb Code    12  tasks.o(i.vTaskInternalSetTimeOutState)
    vTaskMissedYield                         0x08006ec1   Thumb Code     8  tasks.o(i.vTaskMissedYield)
    vTaskPlaceOnEventList                    0x08006ecd   Thumb Code    44  tasks.o(i.vTaskPlaceOnEventList)
    vTaskPlaceOnEventListRestricted          0x08006efd   Thumb Code    52  tasks.o(i.vTaskPlaceOnEventListRestricted)
    vTaskPriorityDisinheritAfterTimeout      0x08006f35   Thumb Code   134  tasks.o(i.vTaskPriorityDisinheritAfterTimeout)
    vTaskResume                              0x08006fc5   Thumb Code   110  tasks.o(i.vTaskResume)
    vTaskStartScheduler                      0x08007041   Thumb Code   118  tasks.o(i.vTaskStartScheduler)
    vTaskSuspend                             0x080070c9   Thumb Code   144  tasks.o(i.vTaskSuspend)
    vTaskSuspendAll                          0x08007165   Thumb Code    10  tasks.o(i.vTaskSuspendAll)
    vTaskSwitchContext                       0x08007175   Thumb Code    90  tasks.o(i.vTaskSwitchContext)
    xPortStartScheduler                      0x080071d9   Thumb Code   154  port.o(i.xPortStartScheduler)
    xQueueGenericCreate                      0x08007281   Thumb Code    72  queue.o(i.xQueueGenericCreate)
    xQueueGenericCreateStatic                0x080072c9   Thumb Code   102  queue.o(i.xQueueGenericCreateStatic)
    xQueueGenericReset                       0x08007331   Thumb Code   132  queue.o(i.xQueueGenericReset)
    xQueueGenericSend                        0x080073b9   Thumb Code   346  queue.o(i.xQueueGenericSend)
    xQueueGenericSendFromISR                 0x08007519   Thumb Code   188  queue.o(i.xQueueGenericSendFromISR)
    xQueueReceive                            0x080075d5   Thumb Code   308  queue.o(i.xQueueReceive)
    xQueueSemaphoreTake                      0x0800770d   Thumb Code   372  queue.o(i.xQueueSemaphoreTake)
    xTaskCheckForTimeOut                     0x08007885   Thumb Code   112  tasks.o(i.xTaskCheckForTimeOut)
    xTaskCreate                              0x080078f9   Thumb Code    90  tasks.o(i.xTaskCreate)
    xTaskCreateStatic                        0x08007953   Thumb Code    86  tasks.o(i.xTaskCreateStatic)
    xTaskGetSchedulerState                   0x080079a9   Thumb Code    22  tasks.o(i.xTaskGetSchedulerState)
    xTaskGetTickCount                        0x080079c5   Thumb Code     6  tasks.o(i.xTaskGetTickCount)
    xTaskIncrementTick                       0x080079d1   Thumb Code   190  tasks.o(i.xTaskIncrementTick)
    xTaskPriorityDisinherit                  0x08007a99   Thumb Code   118  tasks.o(i.xTaskPriorityDisinherit)
    xTaskPriorityInherit                     0x08007b19   Thumb Code   112  tasks.o(i.xTaskPriorityInherit)
    xTaskRemoveFromEventList                 0x08007b91   Thumb Code    98  tasks.o(i.xTaskRemoveFromEventList)
    xTaskResumeAll                           0x08007c01   Thumb Code   182  tasks.o(i.xTaskResumeAll)
    xTaskResumeFromISR                       0x08007cc5   Thumb Code   124  tasks.o(i.xTaskResumeFromISR)
    xTimerCreateTimerTask                    0x08007d4d   Thumb Code    78  timers.o(i.xTimerCreateTimerTask)
    xTimerGenericCommand                     0x08007dad   Thumb Code    98  timers.o(i.xTimerGenericCommand)
    OLED_F8x16                               0x08007e14   Data        1520  oled.o(.constdata)
    defaultTask_attributes                   0x08008410   Data          36  freertos.o(.constdata)
    AHBPrescTable                            0x08008458   Data          16  system_stm32f1xx.o(.constdata)
    APBPrescTable                            0x08008468   Data           8  system_stm32f1xx.o(.constdata)
    __ctype_categories                       0x08008470   Data          64  ctype_c.o(.constdata)
    Region$$Table$$Base                      0x080085c4   Number         0  anon$$obj.o(Region$$Table)
    Region$$Table$$Limit                     0x080085e4   Number         0  anon$$obj.o(Region$$Table)
    taskSuspend                              0x20000018   Data           1  nbiotdriver.o(.data)
    is_Strlen                                0x20000019   Data           1  nbiotdriver.o(.data)
    send_count                               0x2000001a   Data           1  nbiotdriver.o(.data)
    unix_data                                0x20000028   Data           8  nbiotdriver.o(.data)
    dateTime                                 0x20000030   Data           8  nbiotdriver.o(.data)
    ATCmds                                   0x20000038   Data         156  nbiotdriver.o(.data)
    TDS_value                                0x200000d4   Data           4  sensor.o(.data)
    averageVoltage                           0x200000d8   Data           4  sensor.o(.data)
    TSW_Value                                0x200000dc   Data           4  sensor.o(.data)
    TSW_Voltage                              0x200000e0   Data           4  sensor.o(.data)
    PH_Value                                 0x200000e4   Data           4  sensor.o(.data)
    temper                                   0x200000e8   Data           4  sensor.o(.data)
    T_ADD                                    0x200000ec   Data           5  nrf24l01.o(.data)
    count                                    0x200000f1   Data           1  main.o(.data)
    START_TASK_handler                       0x200000f4   Data           4  freertos.o(.data)
    NB_IOT_task_handler                      0x200000f8   Data           4  freertos.o(.data)
    Motor_task_handler                       0x200000fc   Data           4  freertos.o(.data)
    Sensor_task_handler                      0x20000100   Data           4  freertos.o(.data)
    Resume_task2_handler                     0x20000104   Data           4  freertos.o(.data)
    semphore_handle                          0x20000108   Data           4  freertos.o(.data)
    semphore_Flag_handle                     0x2000010c   Data           4  freertos.o(.data)
    defaultTaskHandle                        0x20000110   Data           4  freertos.o(.data)
    Uart1Rx                                  0x20000114   Data           1  usart.o(.data)
    Uart1_Rx_Cnt                             0x20000115   Data           1  usart.o(.data)
    send_data_flag                           0x20000116   Data           1  usart.o(.data)
    QMTSUB                                   0x20000118   Data           4  usart.o(.data)
    send_data                                0x2000011c   Data           4  usart.o(.data)
    uwTickFreq                               0x20000120   Data           1  stm32f1xx_hal.o(.data)
    uwTickPrio                               0x20000124   Data           4  stm32f1xx_hal.o(.data)
    uwTick                                   0x20000128   Data           4  stm32f1xx_hal.o(.data)
    SystemCoreClock                          0x2000012c   Data           4  system_stm32f1xx.o(.data)
    pxCurrentTCB                             0x20000130   Data           4  tasks.o(.data)
    __stdout                                 0x200001a8   Data           4  stdout.o(.data)
    __microlib_freelist                      0x200001ac   Data           4  mvars.o(.data)
    __microlib_freelist_initialised          0x200001b0   Data           4  mvars.o(.data)
    string_DateTime                          0x200001b4   Data          20  nbiotdriver.o(.bss)
    ADC_Value                                0x200001c8   Data          12  sensor.o(.bss)
    Voltage                                  0x200001d4   Data          16  sensor.o(.bss)
    Buf                                      0x200001e4   Data          32  freertos.o(.bss)
    hadc1                                    0x20000204   Data          48  adc.o(.bss)
    Uart1Rxbuff                              0x20000234   Data         256  usart.o(.bss)
    Usart2type                               0x20000334   Data         806  usart.o(.bss)
    huart1                                   0x2000065c   Data          72  usart.o(.bss)
    huart2                                   0x200006a4   Data          72  usart.o(.bss)
    hdma_usart2_rx                           0x200006ec   Data          68  usart.o(.bss)
    htim2                                    0x20000730   Data          72  stm32f1xx_hal_timebase_tim.o(.bss)
    xQueueRegistry                           0x20000778   Data          64  queue.o(.bss)
    __heap_base                              0x20003390   Data           0  startup_stm32f103xb.o(HEAP)
    __heap_limit                             0x20004390   Data           0  startup_stm32f103xb.o(HEAP)
    __initial_sp                             0x20004f90   Data           0  startup_stm32f103xb.o(STACK)



==============================================================================

Memory Map of the image

  Image Entry point : 0x080000ed

  Load Region LR_IROM1 (Base: 0x08000000, Size: 0x00008798, Max: 0x00010000, ABSOLUTE, COMPRESSED[0x00008640])

    Execution Region ER_IROM1 (Base: 0x08000000, Size: 0x000085e4, Max: 0x00010000, ABSOLUTE)

    Base Addr    Size         Type   Attr      Idx    E Section Name        Object

    0x08000000   0x000000ec   Data   RO            3    RESET               startup_stm32f103xb.o
    0x080000ec   0x00000000   Code   RO         6532  * .ARM.Collect$$$$00000000  mc_w.l(entry.o)
    0x080000ec   0x00000004   Code   RO         6896    .ARM.Collect$$$$00000001  mc_w.l(entry2.o)
    0x080000f0   0x00000004   Code   RO         6899    .ARM.Collect$$$$00000004  mc_w.l(entry5.o)
    0x080000f4   0x00000000   Code   RO         6901    .ARM.Collect$$$$00000008  mc_w.l(entry7b.o)
    0x080000f4   0x00000000   Code   RO         6903    .ARM.Collect$$$$0000000A  mc_w.l(entry8b.o)
    0x080000f4   0x00000008   Code   RO         6904    .ARM.Collect$$$$0000000B  mc_w.l(entry9a.o)
    0x080000fc   0x00000004   Code   RO         6911    .ARM.Collect$$$$0000000E  mc_w.l(entry12b.o)
    0x08000100   0x00000000   Code   RO         6906    .ARM.Collect$$$$0000000F  mc_w.l(entry10a.o)
    0x08000100   0x00000000   Code   RO         6908    .ARM.Collect$$$$00000011  mc_w.l(entry11a.o)
    0x08000100   0x00000004   Code   RO         6897    .ARM.Collect$$$$00002712  mc_w.l(entry2.o)
    0x08000104   0x00000096   Code   RO         6451    .emb_text           port.o
    0x0800019a   0x00000002   PAD
    0x0800019c   0x00000024   Code   RO            4    .text               startup_stm32f103xb.o
    0x080001c0   0x00000062   Code   RO         6535    .text               mc_w.l(uldiv.o)
    0x08000222   0x00000020   Code   RO         6537    .text               mc_w.l(llushr.o)
    0x08000242   0x00000024   Code   RO         6541    .text               mc_w.l(memcpya.o)
    0x08000266   0x00000024   Code   RO         6545    .text               mc_w.l(memseta.o)
    0x0800028a   0x00000024   Code   RO         6549    .text               mc_w.l(strstr.o)
    0x080002ae   0x0000000e   Code   RO         6551    .text               mc_w.l(strlen.o)
    0x080002bc   0x00000012   Code   RO         6555    .text               mc_w.l(strcpy.o)
    0x080002ce   0x00000002   PAD
    0x080002d0   0x00000038   Code   RO         6852    .text               mc_w.l(__0sscanf.o)
    0x08000308   0x0000014c   Code   RO         6854    .text               mc_w.l(_scanf_int.o)
    0x08000454   0x00000360   Code   RO         6856    .text               mc_w.l(scanf_fp.o)
    0x080007b4   0x000000b0   Code   RO         6860    .text               mf_w.l(fadd.o)
    0x08000864   0x00000064   Code   RO         6862    .text               mf_w.l(fmul.o)
    0x080008c8   0x0000007c   Code   RO         6864    .text               mf_w.l(fdiv.o)
    0x08000944   0x00000018   Code   RO         6866    .text               mf_w.l(fscalb.o)
    0x0800095c   0x0000014e   Code   RO         6868    .text               mf_w.l(dadd.o)
    0x08000aaa   0x000000e4   Code   RO         6870    .text               mf_w.l(dmul.o)
    0x08000b8e   0x000000de   Code   RO         6872    .text               mf_w.l(ddiv.o)
    0x08000c6c   0x0000002e   Code   RO         6874    .text               mf_w.l(dscalb.o)
    0x08000c9a   0x0000000a   Code   RO         6876    .text               mf_w.l(ffltui.o)
    0x08000ca4   0x00000022   Code   RO         6878    .text               mf_w.l(dflti.o)
    0x08000cc6   0x0000001a   Code   RO         6880    .text               mf_w.l(dfltui.o)
    0x08000ce0   0x00000018   Code   RO         6882    .text               mf_w.l(dfltul.o)
    0x08000cf8   0x00000028   Code   RO         6884    .text               mf_w.l(ffixui.o)
    0x08000d20   0x0000003e   Code   RO         6886    .text               mf_w.l(dfixi.o)
    0x08000d5e   0x00000026   Code   RO         6888    .text               mf_w.l(f2d.o)
    0x08000d84   0x00000030   Code   RO         6890    .text               mf_w.l(cdcmple.o)
    0x08000db4   0x00000030   Code   RO         6892    .text               mf_w.l(cdrcmple.o)
    0x08000de4   0x00000038   Code   RO         6894    .text               mf_w.l(d2f.o)
    0x08000e1c   0x0000002c   Code   RO         6913    .text               mc_w.l(uidiv.o)
    0x08000e48   0x0000001e   Code   RO         6915    .text               mc_w.l(llshl.o)
    0x08000e66   0x00000024   Code   RO         6917    .text               mc_w.l(llsshr.o)
    0x08000e8a   0x0000001c   Code   RO         6921    .text               mc_w.l(_chval.o)
    0x08000ea6   0x00000002   PAD
    0x08000ea8   0x00000028   Code   RO         6923    .text               mc_w.l(scanf_char.o)
    0x08000ed0   0x00000040   Code   RO         6925    .text               mc_w.l(_sgetc.o)
    0x08000f10   0x00000000   Code   RO         6929    .text               mc_w.l(iusefp.o)
    0x08000f10   0x0000006e   Code   RO         6930    .text               mf_w.l(fepilogue.o)
    0x08000f7e   0x000000ba   Code   RO         6932    .text               mf_w.l(depilogue.o)
    0x08001038   0x00000030   Code   RO         6934    .text               mf_w.l(dfixul.o)
    0x08001068   0x00000024   Code   RO         6936    .text               mc_w.l(init.o)
    0x0800108c   0x0000000a   Code   RO         6938    .text               mc_w.l(isspace_c.o)
    0x08001096   0x00000002   PAD
    0x08001098   0x00000330   Code   RO         6940    .text               mc_w.l(_scanf.o)
    0x080013c8   0x00000028   Code   RO         6942    .text               mc_w.l(ctype_c.o)
    0x080013f0   0x00000056   Code   RO         6953    .text               mc_w.l(__dczerorl2.o)
    0x08001446   0x00000002   PAD
    0x08001448   0x00000056   Code   RO         2294    i.ADC_ConversionStop_Disable  stm32f1xx_hal_adc.o
    0x0800149e   0x00000002   PAD
    0x080014a0   0x0000007c   Code   RO         2298    i.ADC_Enable        stm32f1xx_hal_adc.o
    0x0800151c   0x000000a4   Code   RO         1076    i.ATRec             nbiotdriver.o
    0x080015c0   0x000001ac   Code   RO         1077    i.ATsend            nbiotdriver.o
    0x0800176c   0x00000002   Code   RO         2107    i.BusFault_Handler  stm32f1xx_it.o
    0x0800176e   0x0000001a   Code   RO          276    i.CompareTime       time.o
    0x08001788   0x0000000c   Code   RO         2108    i.DMA1_Channel6_IRQHandler  stm32f1xx_it.o
    0x08001794   0x0000002a   Code   RO         2950    i.DMA_SetConfig     stm32f1xx_hal_dma.o
    0x080017be   0x0000001a   Code   RO          977    i.DS18B20_Check     ds18b20_all.o
    0x080017d8   0x00000018   Code   RO          978    i.DS18B20_DQ_IN     ds18b20_all.o
    0x080017f0   0x00000018   Code   RO          979    i.DS18B20_DQ_OUT    ds18b20_all.o
    0x08001808   0x00000060   Code   RO          980    i.DS18B20_GetTemperture  ds18b20_all.o
    0x08001868   0x00000020   Code   RO          981    i.DS18B20_IO_IN     ds18b20_all.o
    0x08001888   0x00000024   Code   RO          983    i.DS18B20_IO_OUT    ds18b20_all.o
    0x080018ac   0x00000038   Code   RO          985    i.DS18B20_Read_Bit  ds18b20_all.o
    0x080018e4   0x00000020   Code   RO          986    i.DS18B20_Read_Byte  ds18b20_all.o
    0x08001904   0x00000024   Code   RO          987    i.DS18B20_Reset     ds18b20_all.o
    0x08001928   0x0000001a   Code   RO          988    i.DS18B20_Start     ds18b20_all.o
    0x08001942   0x00000002   PAD
    0x08001944   0x0000004e   Code   RO          989    i.DS18B20_Write_Byte  ds18b20_all.o
    0x08001992   0x00000002   Code   RO         2109    i.DebugMon_Handler  stm32f1xx_it.o
    0x08001994   0x00000006   Code   RO         2110    i.EXTI9_5_IRQHandler  stm32f1xx_it.o
    0x0800199a   0x00000002   PAD
    0x0800199c   0x00000040   Code   RO         2033    i.EnableUartIT      usart.o
    0x080019dc   0x00000004   Code   RO         1757    i.Error_Handler     main.o
    0x080019e0   0x00000060   Code   RO         1226    i.Get_ADC_Value     sensor.o
    0x08001a40   0x000000d8   Code   RO         1078    i.Get_time_value    nbiotdriver.o
    0x08001b18   0x000000d8   Code   RO         2474    i.HAL_ADCEx_Calibration_Start  stm32f1xx_hal_adc_ex.o
    0x08001bf0   0x000000fc   Code   RO         2300    i.HAL_ADC_ConfigChannel  stm32f1xx_hal_adc.o
    0x08001cec   0x00000006   Code   RO         2307    i.HAL_ADC_GetValue  stm32f1xx_hal_adc.o
    0x08001cf2   0x00000002   PAD
    0x08001cf4   0x0000011c   Code   RO         2309    i.HAL_ADC_Init      stm32f1xx_hal_adc.o
    0x08001e10   0x00000058   Code   RO         1968    i.HAL_ADC_MspInit   adc.o
    0x08001e68   0x0000013c   Code   RO         2313    i.HAL_ADC_PollForConversion  stm32f1xx_hal_adc.o
    0x08001fa4   0x000000c0   Code   RO         2315    i.HAL_ADC_Start     stm32f1xx_hal_adc.o
    0x08002064   0x00000034   Code   RO         2318    i.HAL_ADC_Stop      stm32f1xx_hal_adc.o
    0x08002098   0x00000046   Code   RO         2951    i.HAL_DMA_Abort     stm32f1xx_hal_dma.o
    0x080020de   0x00000002   PAD
    0x080020e0   0x00000098   Code   RO         2952    i.HAL_DMA_Abort_IT  stm32f1xx_hal_dma.o
    0x08002178   0x00000154   Code   RO         2956    i.HAL_DMA_IRQHandler  stm32f1xx_hal_dma.o
    0x080022cc   0x0000005c   Code   RO         2957    i.HAL_DMA_Init      stm32f1xx_hal_dma.o
    0x08002328   0x00000070   Code   RO         2961    i.HAL_DMA_Start_IT  stm32f1xx_hal_dma.o
    0x08002398   0x00000024   Code   RO         2577    i.HAL_Delay         stm32f1xx_hal.o
    0x080023bc   0x00000084   Code   RO         1758    i.HAL_GPIO_EXTI_Callback  main.o
    0x08002440   0x00000018   Code   RO         2886    i.HAL_GPIO_EXTI_IRQHandler  stm32f1xx_hal_gpio.o
    0x08002458   0x000001e0   Code   RO         2887    i.HAL_GPIO_Init     stm32f1xx_hal_gpio.o
    0x08002638   0x0000000a   Code   RO         2889    i.HAL_GPIO_ReadPin  stm32f1xx_hal_gpio.o
    0x08002642   0x0000000a   Code   RO         2891    i.HAL_GPIO_WritePin  stm32f1xx_hal_gpio.o
    0x0800264c   0x0000000c   Code   RO         2581    i.HAL_GetTick       stm32f1xx_hal.o
    0x08002658   0x00000010   Code   RO         2587    i.HAL_IncTick       stm32f1xx_hal.o
    0x08002668   0x00000024   Code   RO         2588    i.HAL_Init          stm32f1xx_hal.o
    0x0800268c   0x00000098   Code   RO         2219    i.HAL_InitTick      stm32f1xx_hal_timebase_tim.o
    0x08002724   0x00000048   Code   RO         2195    i.HAL_MspInit       stm32f1xx_hal_msp.o
    0x0800276c   0x0000001a   Code   RO         3047    i.HAL_NVIC_EnableIRQ  stm32f1xx_hal_cortex.o
    0x08002786   0x00000002   PAD
    0x08002788   0x00000040   Code   RO         3053    i.HAL_NVIC_SetPriority  stm32f1xx_hal_cortex.o
    0x080027c8   0x00000024   Code   RO         3054    i.HAL_NVIC_SetPriorityGrouping  stm32f1xx_hal_cortex.o
    0x080027ec   0x000000a4   Code   RO         2848    i.HAL_RCCEx_GetPeriphCLKFreq  stm32f1xx_hal_rcc_ex.o
    0x08002890   0x000000ec   Code   RO         2849    i.HAL_RCCEx_PeriphCLKConfig  stm32f1xx_hal_rcc_ex.o
    0x0800297c   0x0000012c   Code   RO         2745    i.HAL_RCC_ClockConfig  stm32f1xx_hal_rcc.o
    0x08002aa8   0x00000040   Code   RO         2749    i.HAL_RCC_GetClockConfig  stm32f1xx_hal_rcc.o
    0x08002ae8   0x00000020   Code   RO         2752    i.HAL_RCC_GetPCLK1Freq  stm32f1xx_hal_rcc.o
    0x08002b08   0x00000020   Code   RO         2753    i.HAL_RCC_GetPCLK2Freq  stm32f1xx_hal_rcc.o
    0x08002b28   0x0000004c   Code   RO         2754    i.HAL_RCC_GetSysClockFreq  stm32f1xx_hal_rcc.o
    0x08002b74   0x00000320   Code   RO         2757    i.HAL_RCC_OscConfig  stm32f1xx_hal_rcc.o
    0x08002e94   0x00000002   Code   RO         4253    i.HAL_TIMEx_BreakCallback  stm32f1xx_hal_tim_ex.o
    0x08002e96   0x00000002   Code   RO         4254    i.HAL_TIMEx_CommutCallback  stm32f1xx_hal_tim_ex.o
    0x08002e98   0x0000005a   Code   RO         3549    i.HAL_TIM_Base_Init  stm32f1xx_hal_tim.o
    0x08002ef2   0x00000002   Code   RO         3551    i.HAL_TIM_Base_MspInit  stm32f1xx_hal_tim.o
    0x08002ef4   0x00000058   Code   RO         3554    i.HAL_TIM_Base_Start_IT  stm32f1xx_hal_tim.o
    0x08002f4c   0x00000002   Code   RO         3583    i.HAL_TIM_IC_CaptureCallback  stm32f1xx_hal_tim.o
    0x08002f4e   0x00000166   Code   RO         3597    i.HAL_TIM_IRQHandler  stm32f1xx_hal_tim.o
    0x080030b4   0x00000002   Code   RO         3600    i.HAL_TIM_OC_DelayElapsedCallback  stm32f1xx_hal_tim.o
    0x080030b6   0x00000002   Code   RO         3627    i.HAL_TIM_PWM_PulseFinishedCallback  stm32f1xx_hal_tim.o
    0x080030b8   0x0000000e   Code   RO         1759    i.HAL_TIM_PeriodElapsedCallback  main.o
    0x080030c6   0x00000002   Code   RO         3640    i.HAL_TIM_TriggerCallback  stm32f1xx_hal_tim.o
    0x080030c8   0x00000002   Code   RO         4532    i.HAL_UARTEx_RxEventCallback  stm32f1xx_hal_uart.o
    0x080030ca   0x00000070   Code   RO         4544    i.HAL_UART_DMAStop  stm32f1xx_hal_uart.o
    0x0800313a   0x00000002   Code   RO         4546    i.HAL_UART_ErrorCallback  stm32f1xx_hal_uart.o
    0x0800313c   0x0000026c   Code   RO         4549    i.HAL_UART_IRQHandler  stm32f1xx_hal_uart.o
    0x080033a8   0x00000064   Code   RO         4550    i.HAL_UART_Init     stm32f1xx_hal_uart.o
    0x0800340c   0x00000108   Code   RO         2035    i.HAL_UART_MspInit  usart.o
    0x08003514   0x0000001c   Code   RO         4554    i.HAL_UART_Receive_DMA  stm32f1xx_hal_uart.o
    0x08003530   0x0000001c   Code   RO         4555    i.HAL_UART_Receive_IT  stm32f1xx_hal_uart.o
    0x0800354c   0x000000f0   Code   RO         2036    i.HAL_UART_RxCpltCallback  usart.o
    0x0800363c   0x00000002   Code   RO         4557    i.HAL_UART_RxHalfCpltCallback  stm32f1xx_hal_uart.o
    0x0800363e   0x0000009a   Code   RO         4558    i.HAL_UART_Transmit  stm32f1xx_hal_uart.o
    0x080036d8   0x00000002   Code   RO         4561    i.HAL_UART_TxCpltCallback  stm32f1xx_hal_uart.o
    0x080036da   0x00000002   Code   RO         2111    i.HardFault_Handler  stm32f1xx_it.o
    0x080036dc   0x00000012   Code   RO         1423    i.M1_Forward        l298n.o
    0x080036ee   0x00000012   Code   RO         1424    i.M1_Stop           l298n.o
    0x08003700   0x00000012   Code   RO         1425    i.M2_Forward        l298n.o
    0x08003712   0x00000012   Code   RO         1426    i.M2_Stop           l298n.o
    0x08003724   0x000000a4   Code   RO         1969    i.MX_ADC1_Init      adc.o
    0x080037c8   0x0000002c   Code   RO         2009    i.MX_DMA_Init       dma.o
    0x080037f4   0x0000008c   Code   RO         1864    i.MX_FREERTOS_Init  freertos.o
    0x08003880   0x0000010c   Code   RO         1840    i.MX_GPIO_Init      gpio.o
    0x0800398c   0x00000038   Code   RO         2037    i.MX_USART1_UART_Init  usart.o
    0x080039c4   0x00000038   Code   RO         2038    i.MX_USART2_UART_Init  usart.o
    0x080039fc   0x00000002   Code   RO         2112    i.MemManage_Handler  stm32f1xx_it.o
    0x080039fe   0x00000002   PAD
    0x08003a00   0x00000064   Code   RO         1866    i.Motor_show        freertos.o
    0x08003a64   0x00000038   Code   RO         1867    i.Motor_task        freertos.o
    0x08003a9c   0x00000074   Code   RO         1868    i.NB_IOT_task       freertos.o
    0x08003b10   0x00000014   Code   RO         1079    i.NB_Init           nbiotdriver.o
    0x08003b24   0x00000014   Code   RO         1080    i.NB_Send_Data      nbiotdriver.o
    0x08003b38   0x000000bc   Code   RO         1081    i.NB_Task           nbiotdriver.o
    0x08003bf4   0x00000002   Code   RO         2113    i.NMI_Handler       stm32f1xx_it.o
    0x08003bf6   0x00000002   PAD
    0x08003bf8   0x00000064   Code   RO         1321    i.NRF24L01_Init     nrf24l01.o
    0x08003c5c   0x00000026   Code   RO           13    i.OLED_Clear        oled.o
    0x08003c82   0x00000002   PAD
    0x08003c84   0x00000020   Code   RO           14    i.OLED_I2C_Init     oled.o
    0x08003ca4   0x0000005c   Code   RO           15    i.OLED_I2C_SendByte  oled.o
    0x08003d00   0x00000038   Code   RO           16    i.OLED_I2C_Start    oled.o
    0x08003d38   0x00000030   Code   RO           17    i.OLED_I2C_Stop     oled.o
    0x08003d68   0x000000ac   Code   RO           18    i.OLED_Init         oled.o
    0x08003e14   0x0000000e   Code   RO           19    i.OLED_Pow          oled.o
    0x08003e22   0x00000022   Code   RO           20    i.OLED_SetCursor    oled.o
    0x08003e44   0x00000068   Code   RO           22    i.OLED_ShowChar     oled.o
    0x08003eac   0x00000042   Code   RO           24    i.OLED_ShowNum      oled.o
    0x08003eee   0x00000026   Code   RO           26    i.OLED_ShowString   oled.o
    0x08003f14   0x00000022   Code   RO           27    i.OLED_WriteCommand  oled.o
    0x08003f36   0x00000022   Code   RO           28    i.OLED_WriteData    oled.o
    0x08003f58   0x00000060   Code   RO         1227    i.PH_Value_Conversion  sensor.o
    0x08003fb8   0x00000032   Code   RO         1322    i.R_Buf             nrf24l01.o
    0x08003fea   0x00000002   PAD
    0x08003fec   0x0000000c   Code   RO         1323    i.R_IRQ             nrf24l01.o
    0x08003ff8   0x0000000c   Code   RO         1324    i.R_MISO            nrf24l01.o
    0x08004004   0x00000022   Code   RO         1325    i.R_Reg             nrf24l01.o
    0x08004026   0x00000002   PAD
    0x08004028   0x00000078   Code   RO         1869    i.Resume_task2      freertos.o
    0x080040a0   0x00000036   Code   RO         1326    i.Reveive           nrf24l01.o
    0x080040d6   0x00000002   PAD
    0x080040d8   0x00000040   Code   RO         1327    i.SPI_SwapByte      nrf24l01.o
    0x08004118   0x000000b0   Code   RO         1870    i.START_TASK        freertos.o
    0x080041c8   0x00000022   Code   RO         1228    i.Sensor_Value      sensor.o
    0x080041ea   0x00000010   Code   RO         1871    i.Sensor_task       freertos.o
    0x080041fa   0x00000002   PAD
    0x080041fc   0x00000174   Code   RO         1229    i.Sersor_Value_test  sensor.o
    0x08004370   0x00000010   Code   RO          277    i.SetTime           time.o
    0x08004380   0x0000003c   Code   RO         1872    i.StartDefaultTask  freertos.o
    0x080043bc   0x0000002c   Code   RO         6452    i.SysTick_Handler   port.o
    0x080043e8   0x00000078   Code   RO         1760    i.SystemClock_Config  main.o
    0x08004460   0x00000002   Code   RO         4884    i.SystemInit        system_stm32f1xx.o
    0x08004462   0x00000002   PAD
    0x08004464   0x00000100   Code   RO         1233    i.TDS_Value_Conversion  sensor.o
    0x08004564   0x0000000c   Code   RO         2114    i.TIM2_IRQHandler   stm32f1xx_it.o
    0x08004570   0x0000006c   Code   RO         3642    i.TIM_Base_SetConfig  stm32f1xx_hal_tim.o
    0x080045dc   0x000000c8   Code   RO         1234    i.TSW_Value_Conversion  sensor.o
    0x080046a4   0x00000010   Code   RO         1235    i.Temperture_Value_Conversion  sensor.o
    0x080046b4   0x00000010   Code   RO         4563    i.UART_DMAAbortOnError  stm32f1xx_hal_uart.o
    0x080046c4   0x0000004a   Code   RO         4564    i.UART_DMAError     stm32f1xx_hal_uart.o
    0x0800470e   0x00000086   Code   RO         4565    i.UART_DMAReceiveCplt  stm32f1xx_hal_uart.o
    0x08004794   0x0000001e   Code   RO         4567    i.UART_DMARxHalfCplt  stm32f1xx_hal_uart.o
    0x080047b2   0x0000004e   Code   RO         4573    i.UART_EndRxTransfer  stm32f1xx_hal_uart.o
    0x08004800   0x0000001c   Code   RO         4574    i.UART_EndTxTransfer  stm32f1xx_hal_uart.o
    0x0800481c   0x000000c2   Code   RO         4575    i.UART_Receive_IT   stm32f1xx_hal_uart.o
    0x080048de   0x00000002   PAD
    0x080048e0   0x000000b8   Code   RO         4576    i.UART_SetConfig    stm32f1xx_hal_uart.o
    0x08004998   0x00000090   Code   RO         4577    i.UART_Start_Receive_DMA  stm32f1xx_hal_uart.o
    0x08004a28   0x00000036   Code   RO         4578    i.UART_Start_Receive_IT  stm32f1xx_hal_uart.o
    0x08004a5e   0x00000078   Code   RO         4579    i.UART_WaitOnFlagUntilTimeout  stm32f1xx_hal_uart.o
    0x08004ad6   0x00000002   PAD
    0x08004ad8   0x0000000c   Code   RO         2115    i.USART1_IRQHandler  stm32f1xx_it.o
    0x08004ae4   0x00000058   Code   RO         2116    i.USART2_IRQHandler  stm32f1xx_it.o
    0x08004b3c   0x00000002   Code   RO         2117    i.UsageFault_Handler  stm32f1xx_it.o
    0x08004b3e   0x00000030   Code   RO         1329    i.W_Buf             nrf24l01.o
    0x08004b6e   0x00000002   PAD
    0x08004b70   0x00000010   Code   RO         1330    i.W_CE              nrf24l01.o
    0x08004b80   0x00000010   Code   RO         1331    i.W_CSN             nrf24l01.o
    0x08004b90   0x00000010   Code   RO         1427    i.W_IN1             l298n.o
    0x08004ba0   0x00000010   Code   RO         1428    i.W_IN2             l298n.o
    0x08004bb0   0x00000010   Code   RO         1429    i.W_IN3             l298n.o
    0x08004bc0   0x00000010   Code   RO         1430    i.W_IN4             l298n.o
    0x08004bd0   0x00000010   Code   RO         1332    i.W_MOSI            nrf24l01.o
    0x08004be0   0x00000022   Code   RO         1333    i.W_Reg             nrf24l01.o
    0x08004c02   0x00000002   PAD
    0x08004c04   0x00000010   Code   RO         1334    i.W_SCK             nrf24l01.o
    0x08004c14   0x00000020   Code   RO         6796    i.__0printf         mc_w.l(printfa.o)
    0x08004c34   0x00000028   Code   RO         6798    i.__0sprintf        mc_w.l(printfa.o)
    0x08004c5c   0x00000020   Code   RO         3060    i.__NVIC_SetPriority  stm32f1xx_hal_cortex.o
    0x08004c7c   0x0000005c   Code   RO         6828    i.__free$realloc    mc_w.l(mallocr.o)
    0x08004cd8   0x00000050   Code   RO         6829    i.__malloc$realloc  mc_w.l(mallocr.o)
    0x08004d28   0x0000000e   Code   RO         6947    i.__scatterload_copy  mc_w.l(handlers.o)
    0x08004d36   0x00000002   Code   RO         6948    i.__scatterload_null  mc_w.l(handlers.o)
    0x08004d38   0x0000000e   Code   RO         6949    i.__scatterload_zeroinit  mc_w.l(handlers.o)
    0x08004d46   0x00000002   PAD
    0x08004d48   0x00000184   Code   RO         6803    i._fp_digits        mc_w.l(printfa.o)
    0x08004ecc   0x0000000e   Code   RO         6858    i._is_digit         mc_w.l(scanf_fp.o)
    0x08004eda   0x00000002   PAD
    0x08004edc   0x000006b4   Code   RO         6804    i._printf_core      mc_w.l(printfa.o)
    0x08005590   0x00000024   Code   RO         6805    i._printf_post_padding  mc_w.l(printfa.o)
    0x080055b4   0x0000002e   Code   RO         6806    i._printf_pre_padding  mc_w.l(printfa.o)
    0x080055e2   0x0000000a   Code   RO         6808    i._sputc            mc_w.l(printfa.o)
    0x080055ec   0x0000002a   Code   RO          303    i.add_item_to_array  cjson.o
    0x08005616   0x0000005a   Code   RO          304    i.add_item_to_object  cjson.o
    0x08005670   0x00000034   Code   RO          315    i.cJSON_AddNumberToObject  cjson.o
    0x080056a4   0x00000060   Code   RO          329    i.cJSON_CreateNumber  cjson.o
    0x08005704   0x00000018   Code   RO          330    i.cJSON_CreateObject  cjson.o
    0x0800571c   0x00000050   Code   RO          337    i.cJSON_Delete      cjson.o
    0x0800576c   0x00000048   Code   RO          354    i.cJSON_InitHooks   cjson.o
    0x080057b4   0x00000016   Code   RO          367    i.cJSON_New_Item    cjson.o
    0x080057ca   0x00000002   PAD
    0x080057cc   0x0000000c   Code   RO          372    i.cJSON_Print       cjson.o
    0x080057d8   0x0000000c   Code   RO          383    i.cJSON_free        cjson.o
    0x080057e4   0x00000028   Code   RO          385    i.cJSON_strdup      cjson.o
    0x0800580c   0x00000058   Code   RO          386    i.compare_double    cjson.o
    0x08005864   0x0000005c   Code   RO         1082    i.conversion_string  nbiotdriver.o
    0x080058c0   0x00000038   Code   RO         1726    i.dateTimeToTimestamp  unix.o
    0x080058f8   0x00000094   Code   RO         1727    i.daysFrom1970      unix.o
    0x0800598c   0x0000008a   Code   RO          388    i.ensure            cjson.o
    0x08005a16   0x00000002   PAD
    0x08005a18   0x00000018   Code   RO         1761    i.fputc             main.o
    0x08005a30   0x00000050   Code   RO         6830    i.internal_alloc    mc_w.l(mallocr.o)
    0x08005a80   0x000000a8   Code   RO         1762    i.main              main.o
    0x08005b28   0x00000038   Code   RO         5998    i.osKernelInitialize  cmsis_os2.o
    0x08005b60   0x00000040   Code   RO         6001    i.osKernelStart     cmsis_os2.o
    0x08005ba0   0x000000a4   Code   RO         6035    i.osThreadNew       cmsis_os2.o
    0x08005c44   0x0000009a   Code   RO          398    i.print             cjson.o
    0x08005cde   0x00000096   Code   RO          399    i.print_array       cjson.o
    0x08005d74   0x00000110   Code   RO          400    i.print_number      cjson.o
    0x08005e84   0x00000140   Code   RO          401    i.print_object      cjson.o
    0x08005fc4   0x00000110   Code   RO          402    i.print_string_ptr  cjson.o
    0x080060d4   0x000000d0   Code   RO          403    i.print_value       cjson.o
    0x080061a4   0x00000084   Code   RO         1874    i.printf_show       freertos.o
    0x08006228   0x0000005c   Code   RO         5480    i.prvAddCurrentTaskToDelayedList  tasks.o
    0x08006284   0x000000d0   Code   RO         5481    i.prvAddNewTaskToReadyList  tasks.o
    0x08006354   0x00000058   Code   RO         5830    i.prvCheckForValidListAndQueue  timers.o
    0x080063ac   0x00000026   Code   RO         5089    i.prvCopyDataFromQueue  queue.o
    0x080063d2   0x0000006c   Code   RO         5090    i.prvCopyDataToQueue  queue.o
    0x0800643e   0x00000034   Code   RO         5482    i.prvDeleteTCB      tasks.o
    0x08006472   0x00000002   PAD
    0x08006474   0x0000004c   Code   RO         6402    i.prvHeapInit       heap_4.o
    0x080064c0   0x00000060   Code   RO         5483    i.prvIdleTask       tasks.o
    0x08006520   0x00000022   Code   RO         5092    i.prvInitialiseNewQueue  queue.o
    0x08006542   0x0000009c   Code   RO         5484    i.prvInitialiseNewTask  tasks.o
    0x080065de   0x00000002   PAD
    0x080065e0   0x0000004c   Code   RO         6403    i.prvInsertBlockIntoFreeList  heap_4.o
    0x0800662c   0x00000038   Code   RO         5832    i.prvInsertTimerInActiveList  timers.o
    0x08006664   0x0000001c   Code   RO         5093    i.prvIsQueueEmpty   queue.o
    0x08006680   0x000000cc   Code   RO         5833    i.prvProcessReceivedCommands  timers.o
    0x0800674c   0x000000b4   Code   RO         5834    i.prvProcessTimerOrBlockTask  timers.o
    0x08006800   0x00000020   Code   RO         5486    i.prvResetNextTaskUnblockTime  tasks.o
    0x08006820   0x00000028   Code   RO         5835    i.prvSampleTimeNow  timers.o
    0x08006848   0x0000006c   Code   RO         5836    i.prvSwitchTimerLists  timers.o
    0x080068b4   0x00000028   Code   RO         6453    i.prvTaskExitError  port.o
    0x080068dc   0x00000034   Code   RO         5488    i.prvTaskIsTaskSuspended  tasks.o
    0x08006910   0x00000024   Code   RO         5837    i.prvTimerTask      timers.o
    0x08006934   0x0000006a   Code   RO         5094    i.prvUnlockQueue    queue.o
    0x0800699e   0x00000002   PAD
    0x080069a0   0x000000d8   Code   RO         6404    i.pvPortMalloc      heap_4.o
    0x08006a78   0x00000018   Code   RO         5489    i.pvTaskIncrementMutexHeldCount  tasks.o
    0x08006a90   0x00000024   Code   RO         6454    i.pxPortInitialiseStack  port.o
    0x08006ab4   0x0000006c   Code   RO         6831    i.realloc           mc_w.l(mallocr.o)
    0x08006b20   0x00000038   Code   RO         1488    i.udelay            driver_timer.o
    0x08006b58   0x0000001c   Code   RO          405    i.update_offset     cjson.o
    0x08006b74   0x00000026   Code   RO         5049    i.uxListRemove      list.o
    0x08006b9a   0x00000002   PAD
    0x08006b9c   0x00000014   Code   RO         6047    i.vApplicationGetIdleTaskMemory  cmsis_os2.o
    0x08006bb0   0x00000018   Code   RO         6048    i.vApplicationGetTimerTaskMemory  cmsis_os2.o
    0x08006bc8   0x00000016   Code   RO         5050    i.vListInitialise   list.o
    0x08006bde   0x00000006   Code   RO         5051    i.vListInitialiseItem  list.o
    0x08006be4   0x00000030   Code   RO         5052    i.vListInsert       list.o
    0x08006c14   0x00000018   Code   RO         5053    i.vListInsertEnd    list.o
    0x08006c2c   0x00000040   Code   RO         6456    i.vPortEnterCritical  port.o
    0x08006c6c   0x00000028   Code   RO         6457    i.vPortExitCritical  port.o
    0x08006c94   0x0000005c   Code   RO         6405    i.vPortFree         heap_4.o
    0x08006cf0   0x00000024   Code   RO         6458    i.vPortSetupTimerInterrupt  port.o
    0x08006d14   0x00000054   Code   RO         6459    i.vPortValidateInterruptPriority  port.o
    0x08006d68   0x00000028   Code   RO         5100    i.vQueueAddToRegistry  queue.o
    0x08006d90   0x00000044   Code   RO         5104    i.vQueueWaitForMessageRestricted  queue.o
    0x08006dd4   0x0000004c   Code   RO         5498    i.vTaskDelay        tasks.o
    0x08006e20   0x00000090   Code   RO         5500    i.vTaskDelete       tasks.o
    0x08006eb0   0x00000010   Code   RO         5503    i.vTaskInternalSetTimeOutState  tasks.o
    0x08006ec0   0x0000000c   Code   RO         5504    i.vTaskMissedYield  tasks.o
    0x08006ecc   0x00000030   Code   RO         5506    i.vTaskPlaceOnEventList  tasks.o
    0x08006efc   0x00000038   Code   RO         5507    i.vTaskPlaceOnEventListRestricted  tasks.o
    0x08006f34   0x00000090   Code   RO         5509    i.vTaskPriorityDisinheritAfterTimeout  tasks.o
    0x08006fc4   0x0000007c   Code   RO         5512    i.vTaskResume       tasks.o
    0x08007040   0x00000088   Code   RO         5515    i.vTaskStartScheduler  tasks.o
    0x080070c8   0x0000009c   Code   RO         5516    i.vTaskSuspend      tasks.o
    0x08007164   0x00000010   Code   RO         5517    i.vTaskSuspendAll   tasks.o
    0x08007174   0x00000064   Code   RO         5518    i.vTaskSwitchContext  tasks.o
    0x080071d8   0x000000a8   Code   RO         6460    i.xPortStartScheduler  port.o
    0x08007280   0x00000048   Code   RO         5109    i.xQueueGenericCreate  queue.o
    0x080072c8   0x00000066   Code   RO         5110    i.xQueueGenericCreateStatic  queue.o
    0x0800732e   0x00000002   PAD
    0x08007330   0x00000088   Code   RO         5111    i.xQueueGenericReset  queue.o
    0x080073b8   0x00000160   Code   RO         5112    i.xQueueGenericSend  queue.o
    0x08007518   0x000000bc   Code   RO         5113    i.xQueueGenericSendFromISR  queue.o
    0x080075d4   0x00000138   Code   RO         5122    i.xQueueReceive     queue.o
    0x0800770c   0x00000178   Code   RO         5124    i.xQueueSemaphoreTake  queue.o
    0x08007884   0x00000074   Code   RO         5519    i.xTaskCheckForTimeOut  tasks.o
    0x080078f8   0x0000005a   Code   RO         5520    i.xTaskCreate       tasks.o
    0x08007952   0x00000056   Code   RO         5521    i.xTaskCreateStatic  tasks.o
    0x080079a8   0x0000001c   Code   RO         5525    i.xTaskGetSchedulerState  tasks.o
    0x080079c4   0x0000000c   Code   RO         5526    i.xTaskGetTickCount  tasks.o
    0x080079d0   0x000000c8   Code   RO         5528    i.xTaskIncrementTick  tasks.o
    0x08007a98   0x00000080   Code   RO         5531    i.xTaskPriorityDisinherit  tasks.o
    0x08007b18   0x00000078   Code   RO         5532    i.xTaskPriorityInherit  tasks.o
    0x08007b90   0x00000070   Code   RO         5533    i.xTaskRemoveFromEventList  tasks.o
    0x08007c00   0x000000c4   Code   RO         5534    i.xTaskResumeAll    tasks.o
    0x08007cc4   0x00000088   Code   RO         5535    i.xTaskResumeFromISR  tasks.o
    0x08007d4c   0x00000060   Code   RO         5844    i.xTimerCreateTimerTask  timers.o
    0x08007dac   0x00000068   Code   RO         5845    i.xTimerGenericCommand  timers.o
    0x08007e14   0x000005f0   Data   RO           29    .constdata          oled.o
    0x08008404   0x0000000c   Data   RO         1728    .constdata          unix.o
    0x08008410   0x00000024   Data   RO         1876    .constdata          freertos.o
    0x08008434   0x00000012   Data   RO         2758    .constdata          stm32f1xx_hal_rcc.o
    0x08008446   0x00000012   Data   RO         2850    .constdata          stm32f1xx_hal_rcc_ex.o
    0x08008458   0x00000010   Data   RO         4885    .constdata          system_stm32f1xx.o
    0x08008468   0x00000008   Data   RO         4886    .constdata          system_stm32f1xx.o
    0x08008470   0x00000040   Data   RO         6943    .constdata          mc_w.l(ctype_c.o)
    0x080084b0   0x000000f3   Data   RO         1084    .conststring        nbiotdriver.o
    0x080085a3   0x00000001   PAD
    0x080085a4   0x0000000c   Data   RO         1877    .conststring        freertos.o
    0x080085b0   0x00000014   Data   RO         2040    .conststring        usart.o
    0x080085c4   0x00000020   Data   RO         6945    Region$$Table       anon$$obj.o


    Execution Region RW_IRAM1 (Base: 0x20000000, Size: 0x00004f90, Max: 0x00005000, ABSOLUTE, COMPRESSED[0x0000005c])

    Base Addr    Size         Type   Attr      Idx    E Section Name        Object

    0x20000000   0x00000014   Data   RW          408    .data               cjson.o
    0x20000014   0x00000004   PAD
    0x20000018   0x000000bc   Data   RW         1086    .data               nbiotdriver.o
    0x200000d4   0x00000018   Data   RW         1238    .data               sensor.o
    0x200000ec   0x00000005   Data   RW         1335    .data               nrf24l01.o
    0x200000f1   0x00000001   Data   RW         1763    .data               main.o
    0x200000f2   0x00000002   PAD
    0x200000f4   0x00000020   Data   RW         1878    .data               freertos.o
    0x20000114   0x0000000c   Data   RW         2045    .data               usart.o
    0x20000120   0x0000000c   Data   RW         2595    .data               stm32f1xx_hal.o
    0x2000012c   0x00000004   Data   RW         4887    .data               system_stm32f1xx.o
    0x20000130   0x0000003c   Data   RW         5537    .data               tasks.o
    0x2000016c   0x00000014   Data   RW         5853    .data               timers.o
    0x20000180   0x00000004   Data   RW         6050    .data               cmsis_os2.o
    0x20000184   0x00000018   Data   RW         6410    .data               heap_4.o
    0x2000019c   0x0000000c   Data   RW         6461    .data               port.o
    0x200001a8   0x00000004   Data   RW         6912    .data               mc_w.l(stdout.o)
    0x200001ac   0x00000004   Data   RW         6919    .data               mc_w.l(mvars.o)
    0x200001b0   0x00000004   Data   RW         6920    .data               mc_w.l(mvars.o)
    0x200001b4   0x00000014   Zero   RW         1083    .bss                nbiotdriver.o
    0x200001c8   0x0000001c   Zero   RW         1236    .bss                sensor.o
    0x200001e4   0x00000020   Zero   RW         1875    .bss                freertos.o
    0x20000204   0x00000030   Zero   RW         1970    .bss                adc.o
    0x20000234   0x000004fc   Zero   RW         2039    .bss                usart.o
    0x20000730   0x00000048   Zero   RW         2222    .bss                stm32f1xx_hal_timebase_tim.o
    0x20000778   0x00000040   Zero   RW         5126    .bss                queue.o
    0x200007b8   0x000004c4   Zero   RW         5536    .bss                tasks.o
    0x20000c7c   0x00000118   Zero   RW         5852    .bss                timers.o
    0x20000d94   0x000006b8   Zero   RW         6049    .bss                cmsis_os2.o
    0x2000144c   0x00001f40   Zero   RW         6409    .bss                heap_4.o
    0x2000338c   0x00000004   PAD
    0x20003390   0x00001000   Zero   RW            2    HEAP                startup_stm32f103xb.o
    0x20004390   0x00000c00   Zero   RW            1    STACK               startup_stm32f103xb.o


==============================================================================

Image component sizes


      Code (inc. data)   RO Data    RW Data    ZI Data      Debug   Object Name

       252         22          0          0         48       1729   adc.o
      2172        138          0         20          0      25156   cjson.o
       328         26          0          4       1720      13552   cmsis_os2.o
        44          4          0          0          0        762   dma.o
        56          4          0          0          0       1077   driver_timer.o
       466         26          0          0          0       6170   ds18b20_all.o
         0          0          0          0          0      20192   event_groups.o
       916        358         48         32         32       6527   freertos.o
       268         16          0          0          0       1023   gpio.o
       460         24          0         24       8000       4687   heap_4.o
       136         16          0          0          0       3804   l298n.o
         0          0          0          0          0        376   led.o
       138          0          0          0          0       3414   list.o
       462        126          0          1          0       8039   main.o
      1128        190        243        188         20      22719   nbiotdriver.o
       472         36          0          5          0       7306   nrf24l01.o
       762         26       1520          0          0     455649   oled.o
       662         70          0         12          0      10841   port.o
      1960         24          0          0         64      17268   queue.o
      1070        180          0         24         28       5138   sensor.o
        36          8        236          0       7168        800   startup_stm32f103xb.o
       100         18          0         12          0       5262   stm32f1xx_hal.o
      1312         54          0          0          0       7259   stm32f1xx_hal_adc.o
       216          6          0          0          0       1438   stm32f1xx_hal_adc_ex.o
       158         14          0          0          0      28202   stm32f1xx_hal_cortex.o
       808         36          0          0          0       5006   stm32f1xx_hal_dma.o
       524         40          0          0          0       4122   stm32f1xx_hal_gpio.o
        72         10          0          0          0        874   stm32f1xx_hal_msp.o
      1304         94         18          0          0       5765   stm32f1xx_hal_rcc.o
       400         28         18          0          0       2477   stm32f1xx_hal_rcc_ex.o
       654         26          0          0          0       7100   stm32f1xx_hal_tim.o
         4          0          0          0          0       1593   stm32f1xx_hal_tim_ex.o
       152         18          0          0         72       1491   stm32f1xx_hal_timebase_tim.o
      2106         24          0          0          0      16197   stm32f1xx_hal_uart.o
       142         30          0          0          0       5374   stm32f1xx_it.o
         0          0          0          0          0       8508   stream_buffer.o
         2          0         24          4          0       1127   system_stm32f1xx.o
      2964        250          0         60       1220      30245   tasks.o
        42          0          0          0          0       1348   time.o
       912         82          0         20        280      26035   timers.o
       204          4         12          0          0       1749   unix.o
       680        104         20         12       1276       5046   usart.o

    ----------------------------------------------------------------------
     24596       2132       2172        424      19932     782447   Object Totals
         0          0         32          0          0          0   (incl. Generated)
        52          0          1          6          4          0   (incl. Padding)

    ----------------------------------------------------------------------

      Code (inc. data)   RO Data    RW Data    ZI Data      Debug   Library Member Name

        56          8          0          0          0         84   __0sscanf.o
        86          0          0          0          0          0   __dczerorl2.o
        28          0          0          0          0         68   _chval.o
       816          6          0          0          0        112   _scanf.o
       332          0          0          0          0         96   _scanf_int.o
        64          0          0          0          0         84   _sgetc.o
        40          6         64          0          0         68   ctype_c.o
         0          0          0          0          0          0   entry.o
         0          0          0          0          0          0   entry10a.o
         0          0          0          0          0          0   entry11a.o
         4          0          0          0          0          0   entry12b.o
         8          4          0          0          0          0   entry2.o
         4          0          0          0          0          0   entry5.o
         0          0          0          0          0          0   entry7b.o
         0          0          0          0          0          0   entry8b.o
         8          4          0          0          0          0   entry9a.o
        30          0          0          0          0          0   handlers.o
        36          8          0          0          0         68   init.o
        10          0          0          0          0         68   isspace_c.o
         0          0          0          0          0          0   iusefp.o
        30          0          0          0          0         68   llshl.o
        36          0          0          0          0         68   llsshr.o
        32          0          0          0          0         68   llushr.o
       360         30          0          0          0        356   mallocr.o
        36          0          0          0          0         68   memcpya.o
        36          0          0          0          0        108   memseta.o
         0          0          0          8          0          0   mvars.o
      2268         96          0          0          0        616   printfa.o
        40          8          0          0          0         84   scanf_char.o
       878         12          0          0          0        216   scanf_fp.o
         0          0          0          4          0          0   stdout.o
        18          0          0          0          0         68   strcpy.o
        14          0          0          0          0         68   strlen.o
        36          0          0          0          0         80   strstr.o
        44          0          0          0          0         80   uidiv.o
        98          0          0          0          0         92   uldiv.o
        48          0          0          0          0         68   cdcmple.o
        48          0          0          0          0         68   cdrcmple.o
        56          0          0          0          0         88   d2f.o
       334          0          0          0          0        148   dadd.o
       222          0          0          0          0        100   ddiv.o
       186          0          0          0          0        176   depilogue.o
        62          0          0          0          0         80   dfixi.o
        48          0          0          0          0         68   dfixul.o
        34          0          0          0          0         76   dflti.o
        26          0          0          0          0         76   dfltui.o
        24          0          0          0          0         76   dfltul.o
       228          0          0          0          0         96   dmul.o
        46          0          0          0          0         80   dscalb.o
        38          0          0          0          0         68   f2d.o
       176          0          0          0          0        140   fadd.o
       124          0          0          0          0         88   fdiv.o
       110          0          0          0          0        168   fepilogue.o
        40          0          0          0          0         68   ffixui.o
        10          0          0          0          0         68   ffltui.o
       100          0          0          0          0         76   fmul.o
        24          0          0          0          0         68   fscalb.o

    ----------------------------------------------------------------------
      7444        182         64         12          0       4632   Library Totals
        12          0          0          0          0          0   (incl. Padding)

    ----------------------------------------------------------------------

      Code (inc. data)   RO Data    RW Data    ZI Data      Debug   Library Name

      5448        182         64         12          0       2688   mc_w.l
      1984          0          0          0          0       1944   mf_w.l

    ----------------------------------------------------------------------
      7444        182         64         12          0       4632   Library Totals

    ----------------------------------------------------------------------

==============================================================================


      Code (inc. data)   RO Data    RW Data    ZI Data      Debug   

     32040       2314       2236        436      19932     770983   Grand Totals
     32040       2314       2236         92      19932     770983   ELF Image Totals (compressed)
     32040       2314       2236         92          0          0   ROM Totals

==============================================================================

    Total RO  Size (Code + RO Data)                34276 (  33.47kB)
    Total RW  Size (RW Data + ZI Data)             20368 (  19.89kB)
    Total ROM Size (Code + RO Data + RW Data)      34368 (  33.56kB)

==============================================================================

